Component: ARM Compiler 5.06 update 2 (build 183) Tool: armlink [4d35b7]

==============================================================================

Section Cross References

    board.o(.text) refers to hal_lld.o(.text) for stm32_clock_init
    vectors.o(RESET) refers to cstartup.o(MSTACK) for __initial_msp
    vectors.o(RESET) refers to cstartup.o(.text) for Reset_Handler
    vectors.o(RESET) refers to vectors.o(.text) for NMI_Handler
    vectors.o(RESET) refers to chcore_v7m.o(.text) for SVC_Handler
    vectors.o(RESET) refers to main.o(.text) for VectorA4
    vectors.o(RESET) refers to st_lld.o(.text) for VectorB0
    vectors.o(RESET) refers to gpt_lld.o(.text) for VectorB4
    vectors.o(RESET) refers to serial_lld.o(.text) for VectorD8
    cstartup.o(MSTACK) refers (Special) to heapauxi.o(.text) for __use_two_region_memory
    cstartup.o(CSTACK) refers (Special) to heapauxi.o(.text) for __use_two_region_memory
    cstartup.o(HEAP) refers (Special) to heapauxi.o(.text) for __use_two_region_memory
    cstartup.o(.text) refers (Special) to heapauxi.o(.text) for __use_two_region_memory
    cstartup.o(.text) refers to board.o(.text) for __early_init
    cstartup.o(.text) refers to cstartup.o(CSTACK) for __initial_sp
    cstartup.o(.text) refers to __main.o(!!!main) for __main
    cstartup.o(.text) refers to cstartup.o(HEAP) for Heap_Mem
    chcore_v7m.o(.text) refers to chschd.o(.text) for chSchIsPreemptionRequired
    chcore_v7m.o(.text) refers to chcoreasm_v7m.o(.text) for _port_switch_from_isr
    chcoreasm_v7m.o(.text) refers to chthreads.o(.text) for chThdExit
    chcoreasm_v7m.o(.text) refers to chschd.o(.text) for chSchDoReschedule
    chvt.o(.text) refers to st.o(.text) for stStartAlarm
    chvt.o(.text) refers to chschd.o(.bss) for ch
    chcond.o(.text) refers to chschd.o(.text) for chSchWakeupS
    chcond.o(.text) refers to chmtx.o(.text) for chMtxUnlockS
    chcond.o(.text) refers to chschd.o(.bss) for ch
    chdynamic.o(.text) refers to chmempools.o(.text) for chPoolFree
    chdynamic.o(.text) refers to chheap.o(.text) for chHeapFree
    chdynamic.o(.text) refers to chthreads.o(.text) for chThdCreateI
    chdynamic.o(.text) refers to chschd.o(.text) for chSchWakeupS
    chevents.o(.text) refers to chschd.o(.text) for chSchReadyI
    chevents.o(.text) refers to chschd.o(.bss) for ch
    chheap.o(.text) refers to chmtx.o(.text) for chMtxObjectInit
    chheap.o(.text) refers to chmemcore.o(.text) for chCoreAlloc
    chheap.o(.text) refers to chheap.o(.bss) for .bss
    chmboxes.o(.text) refers to chsem.o(.text) for chSemObjectInit
    chmboxes.o(.text) refers to chschd.o(.text) for chSchRescheduleS
    chmemcore.o(.text) refers to chmemcore.o(.data) for .data
    chmsg.o(.text) refers to chschd.o(.text) for chSchReadyI
    chmsg.o(.text) refers to chschd.o(.bss) for ch
    chmtx.o(.text) refers to chschd.o(.text) for chSchReadyI
    chmtx.o(.text) refers to chschd.o(.bss) for ch
    chqueues.o(.text) refers to chthreads.o(.text) for chThdDequeueAllI
    chregistry.o(.text) refers to chdynamic.o(.text) for chThdRelease
    chregistry.o(.text) refers to chschd.o(.bss) for ch
    chschd.o(.text) refers to chcoreasm_v7m.o(.text) for _port_switch
    chschd.o(.text) refers to chvt.o(.text) for chVTDoSetI
    chschd.o(.text) refers to chschd.o(.bss) for .bss
    chsem.o(.text) refers to chschd.o(.text) for chSchReadyI
    chsem.o(.text) refers to chschd.o(.bss) for ch
    chsys.o(.text) refers to chschd.o(.text) for _scheduler_init
    chsys.o(.text) refers to chvt.o(.text) for _vt_init
    chsys.o(.text) refers to chtm.o(.text) for _tm_init
    chsys.o(.text) refers to chmemcore.o(.text) for _core_init
    chsys.o(.text) refers to chheap.o(.text) for _heap_init
    chsys.o(.text) refers to chthreads.o(.text) for _thread_init
    chsys.o(.text) refers to st.o(.text) for stStopAlarm
    chsys.o(.text) refers to chschd.o(.bss) for ch
    chsys.o(.text) refers to chregistry.o(.constdata) for ch_debug
    chthreads.o(.text) refers to chschd.o(.text) for chSchWakeupS
    chthreads.o(.text) refers to chdynamic.o(.text) for chThdRelease
    chthreads.o(.text) refers to chschd.o(.bss) for ch
    chthreads.o(.text) refers to chcoreasm_v7m.o(.text) for _port_thread_start
    chtm.o(.text) refers to chschd.o(.bss) for ch
    serial.o(.text) refers to chqueues.o(.text) for chOQWriteTimeout
    serial.o(.text) refers to serial_lld.o(.text) for sd_lld_init
    serial.o(.text) refers to chschd.o(.text) for chSchRescheduleS
    serial.o(.text) refers to chevents.o(.text) for chEvtBroadcastFlagsI
    serial.o(.text) refers to serial.o(.constdata) for .constdata
    serial.o(.constdata) refers to serial.o(.text) for write
    gpt.o(.text) refers to gpt_lld.o(.text) for gpt_lld_init
    hal.o(.text) refers to hal_lld.o(.text) for hal_lld_init
    hal.o(.text) refers to pal_lld.o(.text) for _pal_lld_init
    hal.o(.text) refers to gpt.o(.text) for gptInit
    hal.o(.text) refers to serial.o(.text) for sdInit
    hal.o(.text) refers to board.o(.text) for boardInit
    hal.o(.text) refers to st.o(.text) for stInit
    hal.o(.text) refers to board.o(.constdata) for pal_default_config
    st.o(.text) refers to st_lld.o(.text) for st_lld_init
    gpt_lld.o(.text) refers to chcore_v7m.o(.text) for _port_irq_epilogue
    gpt_lld.o(.text) refers to gpt.o(.text) for gptObjectInit
    gpt_lld.o(.text) refers to nvic.o(.text) for nvicEnableVector
    gpt_lld.o(.text) refers to gpt_lld.o(.bss) for .bss
    serial_lld.o(.text) refers to chevents.o(.text) for chEvtBroadcastFlagsI
    serial_lld.o(.text) refers to serial.o(.text) for sdIncomingDataI
    serial_lld.o(.text) refers to chqueues.o(.text) for chOQGetI
    serial_lld.o(.text) refers to chcore_v7m.o(.text) for _port_irq_epilogue
    serial_lld.o(.text) refers to nvic.o(.text) for nvicEnableVector
    serial_lld.o(.text) refers to serial_lld.o(.bss) for .bss
    serial_lld.o(.text) refers to serial_lld.o(.constdata) for .constdata
    st_lld.o(.text) refers to chsys.o(.text) for chSysTimerHandlerI
    st_lld.o(.text) refers to chcore_v7m.o(.text) for _port_irq_epilogue
    st_lld.o(.text) refers to nvic.o(.text) for nvicEnableVector
    main.o(.text) refers to extfunc.o(.text) for ff1
    main.o(.text) refers to chsys.o(.text) for chSysHalt
    main.o(.text) refers to chthreads.o(.text) for chThdSleep
    main.o(.text) refers to nvic.o(.text) for nvicEnableVector
    main.o(.text) refers to hal.o(.text) for halInit
    main.o(.text) refers to serial.o(.text) for sdStart
    main.o(.text) refers to pal_lld.o(.text) for _pal_lld_setgroupmode
    main.o(.text) refers to gpt.o(.text) for gptStart
    main.o(.text) refers to serial_lld.o(.bss) for SD2
    main.o(.text) refers to main.o(.constdata) for .constdata
    main.o(.text) refers to gpt_lld.o(.bss) for GPTD4
    main.o(.text) refers to main.o(.bss) for .bss
    main.o(.text) refers to main.o(.data) for .data
    main.o(.constdata) refers to main.o(.text) for gpt4cb
    __main.o(!!!main) refers to __rtentry.o(.ARM.Collect$$rtentry$$00000000) for __rt_entry
    __rtentry.o(.ARM.Collect$$rtentry$$00000000) refers (Special) to __rtentry2.o(.ARM.Collect$$rtentry$$0000000A) for __rt_entry_li
    __rtentry.o(.ARM.Collect$$rtentry$$00000000) refers (Special) to __rtentry2.o(.ARM.Collect$$rtentry$$0000000D) for __rt_entry_main
    __rtentry.o(.ARM.Collect$$rtentry$$00000000) refers (Special) to __rtentry2.o(.ARM.Collect$$rtentry$$0000000C) for __rt_entry_postli_1
    __rtentry.o(.ARM.Collect$$rtentry$$00000000) refers (Special) to __rtentry2.o(.ARM.Collect$$rtentry$$00000009) for __rt_entry_postsh_1
    __rtentry.o(.ARM.Collect$$rtentry$$00000000) refers (Special) to __rtentry2.o(.ARM.Collect$$rtentry$$00000002) for __rt_entry_presh_1
    __rtentry.o(.ARM.Collect$$rtentry$$00000000) refers (Special) to __rtentry5.o(.ARM.Collect$$rtentry$$00000005) for __rt_entry_sh
    __rtentry2.o(.ARM.Collect$$rtentry$$00000008) refers to boardinit2.o(.text) for _platform_post_stackheap_init
    __rtentry2.o(.ARM.Collect$$rtentry$$0000000A) refers to libinit.o(.ARM.Collect$$libinit$$00000000) for __rt_lib_init
    __rtentry2.o(.ARM.Collect$$rtentry$$0000000B) refers to boardinit3.o(.text) for _platform_post_lib_init
    __rtentry2.o(.ARM.Collect$$rtentry$$0000000D) refers to main.o(.text) for main
    __rtentry2.o(.ARM.Collect$$rtentry$$0000000D) refers to exit.o(.text) for exit
    __rtentry2.o(.ARM.exidx) refers to __rtentry2.o(.ARM.Collect$$rtentry$$00000001) for .ARM.Collect$$rtentry$$00000001
    __rtentry2.o(.ARM.exidx) refers to __rtentry2.o(.ARM.Collect$$rtentry$$00000008) for .ARM.Collect$$rtentry$$00000008
    __rtentry2.o(.ARM.exidx) refers to __rtentry2.o(.ARM.Collect$$rtentry$$0000000A) for .ARM.Collect$$rtentry$$0000000A
    __rtentry2.o(.ARM.exidx) refers to __rtentry2.o(.ARM.Collect$$rtentry$$0000000B) for .ARM.Collect$$rtentry$$0000000B
    __rtentry2.o(.ARM.exidx) refers to __rtentry2.o(.ARM.Collect$$rtentry$$0000000D) for .ARM.Collect$$rtentry$$0000000D
    __rtentry4.o(.ARM.Collect$$rtentry$$00000004) refers to sys_stackheap_outer.o(.text) for __user_setup_stackheap
    __rtentry4.o(.ARM.exidx) refers to __rtentry4.o(.ARM.Collect$$rtentry$$00000004) for .ARM.Collect$$rtentry$$00000004
    __rtentry5.o(.ARM.Collect$$rtentry$$00000005) refers to __rtentry5.o(.ARM.Collect$$rtentry$$00002716) for __lit__00000000
    __rtentry5.o(.ARM.Collect$$rtentry$$00002716) refers to cstartup.o(CSTACK) for __initial_sp
    __rtentry5.o(__vectab_stack_and_reset_sym_area) refers to cstartup.o(CSTACK) for __initial_sp
    __rtentry5.o(__vectab_stack_and_reset_sym_area) refers to __main.o(!!!main) for __main
    __rtentry5.o(.ARM.exidx) refers to __rtentry5.o(.ARM.Collect$$rtentry$$00000005) for .ARM.Collect$$rtentry$$00000005
    __rtentry5.o(.ARM.exidx) refers to __rtentry5.o(.ARM.Collect$$rtentry$$00002716) for .ARM.Collect$$rtentry$$00002716
    sys_stackheap_outer.o(.text) refers to libspace.o(.text) for __user_perproc_libspace
    sys_stackheap_outer.o(.text) refers to cstartup.o(.text) for __user_initial_stackheap
    exit.o(.text) refers to rtexit.o(.ARM.Collect$$rtexit$$00000000) for __rt_exit
    libinit.o(.ARM.Collect$$libinit$$00000000) refers (Special) to libinit2.o(.ARM.Collect$$libinit$$0000002E) for __rt_lib_init_alloca_1
    libinit.o(.ARM.Collect$$libinit$$00000000) refers (Special) to libinit2.o(.ARM.Collect$$libinit$$0000002C) for __rt_lib_init_argv_1
    libinit.o(.ARM.Collect$$libinit$$00000000) refers (Special) to libinit2.o(.ARM.Collect$$libinit$$0000001B) for __rt_lib_init_atexit_1
    libinit.o(.ARM.Collect$$libinit$$00000000) refers (Special) to libinit2.o(.ARM.Collect$$libinit$$00000021) for __rt_lib_init_clock_1
    libinit.o(.ARM.Collect$$libinit$$00000000) refers (Special) to libinit2.o(.ARM.Collect$$libinit$$00000032) for __rt_lib_init_cpp_1
    libinit.o(.ARM.Collect$$libinit$$00000000) refers (Special) to libinit2.o(.ARM.Collect$$libinit$$00000030) for __rt_lib_init_exceptions_1
    libinit.o(.ARM.Collect$$libinit$$00000000) refers (Special) to libinit2.o(.ARM.Collect$$libinit$$00000001) for __rt_lib_init_fp_1
    libinit.o(.ARM.Collect$$libinit$$00000000) refers (Special) to libinit2.o(.ARM.Collect$$libinit$$0000001F) for __rt_lib_init_fp_trap_1
    libinit.o(.ARM.Collect$$libinit$$00000000) refers (Special) to libinit2.o(.ARM.Collect$$libinit$$00000023) for __rt_lib_init_getenv_1
    libinit.o(.ARM.Collect$$libinit$$00000000) refers (Special) to libinit2.o(.ARM.Collect$$libinit$$0000000A) for __rt_lib_init_heap_1
    libinit.o(.ARM.Collect$$libinit$$00000000) refers (Special) to libinit2.o(.ARM.Collect$$libinit$$00000011) for __rt_lib_init_lc_collate_1
    libinit.o(.ARM.Collect$$libinit$$00000000) refers (Special) to libinit2.o(.ARM.Collect$$libinit$$00000013) for __rt_lib_init_lc_ctype_1
    libinit.o(.ARM.Collect$$libinit$$00000000) refers (Special) to libinit2.o(.ARM.Collect$$libinit$$00000015) for __rt_lib_init_lc_monetary_1
    libinit.o(.ARM.Collect$$libinit$$00000000) refers (Special) to libinit2.o(.ARM.Collect$$libinit$$00000017) for __rt_lib_init_lc_numeric_1
    libinit.o(.ARM.Collect$$libinit$$00000000) refers (Special) to libinit2.o(.ARM.Collect$$libinit$$00000019) for __rt_lib_init_lc_time_1
    libinit.o(.ARM.Collect$$libinit$$00000000) refers (Special) to libinit2.o(.ARM.Collect$$libinit$$00000004) for __rt_lib_init_preinit_1
    libinit.o(.ARM.Collect$$libinit$$00000000) refers (Special) to libinit2.o(.ARM.Collect$$libinit$$0000000E) for __rt_lib_init_rand_1
    libinit.o(.ARM.Collect$$libinit$$00000000) refers (Special) to libinit2.o(.ARM.Collect$$libinit$$00000033) for __rt_lib_init_return
    libinit.o(.ARM.Collect$$libinit$$00000000) refers (Special) to libinit2.o(.ARM.Collect$$libinit$$0000001D) for __rt_lib_init_signal_1
    libinit.o(.ARM.Collect$$libinit$$00000000) refers (Special) to libinit2.o(.ARM.Collect$$libinit$$00000025) for __rt_lib_init_stdio_1
    libinit.o(.ARM.Collect$$libinit$$00000000) refers (Special) to libinit2.o(.ARM.Collect$$libinit$$0000000C) for __rt_lib_init_user_alloc_1
    libspace.o(.text) refers to libspace.o(.bss) for __libspace_start
    rtexit.o(.ARM.Collect$$rtexit$$00000000) refers (Special) to rtexit2.o(.ARM.Collect$$rtexit$$00000004) for __rt_exit_exit
    rtexit.o(.ARM.Collect$$rtexit$$00000000) refers (Special) to rtexit2.o(.ARM.Collect$$rtexit$$00000003) for __rt_exit_ls
    rtexit.o(.ARM.Collect$$rtexit$$00000000) refers (Special) to rtexit2.o(.ARM.Collect$$rtexit$$00000002) for __rt_exit_prels_1
    rtexit.o(.ARM.exidx) refers (Special) to rtexit2.o(.ARM.Collect$$rtexit$$00000004) for __rt_exit_exit
    rtexit.o(.ARM.exidx) refers (Special) to rtexit2.o(.ARM.Collect$$rtexit$$00000003) for __rt_exit_ls
    rtexit.o(.ARM.exidx) refers (Special) to rtexit2.o(.ARM.Collect$$rtexit$$00000002) for __rt_exit_prels_1
    rtexit.o(.ARM.exidx) refers to rtexit.o(.ARM.Collect$$rtexit$$00000000) for .ARM.Collect$$rtexit$$00000000
    libinit2.o(.ARM.Collect$$libinit$$00000001) refers to fpinit.o(x$fpl$fpinit) for _fp_init
    libinit2.o(.ARM.Collect$$libinit$$00000010) refers to libinit2.o(.ARM.Collect$$libinit$$0000000F) for .ARM.Collect$$libinit$$0000000F
    libinit2.o(.ARM.Collect$$libinit$$00000012) refers to libinit2.o(.ARM.Collect$$libinit$$0000000F) for .ARM.Collect$$libinit$$0000000F
    libinit2.o(.ARM.Collect$$libinit$$00000014) refers to libinit2.o(.ARM.Collect$$libinit$$0000000F) for .ARM.Collect$$libinit$$0000000F
    libinit2.o(.ARM.Collect$$libinit$$00000016) refers to libinit2.o(.ARM.Collect$$libinit$$0000000F) for .ARM.Collect$$libinit$$0000000F
    libinit2.o(.ARM.Collect$$libinit$$00000018) refers to libinit2.o(.ARM.Collect$$libinit$$0000000F) for .ARM.Collect$$libinit$$0000000F
    libinit2.o(.ARM.Collect$$libinit$$00000026) refers to argv_veneer.o(.emb_text) for __ARM_argv_veneer
    libinit2.o(.ARM.Collect$$libinit$$00000027) refers to argv_veneer.o(.emb_text) for __ARM_argv_veneer
    rtexit2.o(.ARM.Collect$$rtexit$$00000003) refers to libshutdown.o(.ARM.Collect$$libshutdown$$00000000) for __rt_lib_shutdown
    rtexit2.o(.ARM.Collect$$rtexit$$00000004) refers to sys_exit.o(.text) for _sys_exit
    rtexit2.o(.ARM.exidx) refers to rtexit2.o(.ARM.Collect$$rtexit$$00000001) for .ARM.Collect$$rtexit$$00000001
    rtexit2.o(.ARM.exidx) refers to rtexit2.o(.ARM.Collect$$rtexit$$00000003) for .ARM.Collect$$rtexit$$00000003
    rtexit2.o(.ARM.exidx) refers to rtexit2.o(.ARM.Collect$$rtexit$$00000004) for .ARM.Collect$$rtexit$$00000004
    argv_veneer.o(.emb_text) refers to no_argv.o(.text) for __ARM_get_argv
    sys_exit.o(.text) refers (Special) to use_no_semi.o(.text) for __I$use$semihosting
    sys_exit.o(.text) refers (Special) to indicate_semi.o(.text) for __semihosting_library_function
    _get_argv_nomalloc.o(.text) refers (Special) to hrguard.o(.text) for __heap_region$guard
    _get_argv_nomalloc.o(.text) refers to defsig_rtmem_outer.o(.text) for __rt_SIGRTMEM
    _get_argv_nomalloc.o(.text) refers to sys_command.o(.text) for _sys_command_string
    libshutdown.o(.ARM.Collect$$libshutdown$$00000000) refers (Special) to libshutdown2.o(.ARM.Collect$$libshutdown$$00000002) for __rt_lib_shutdown_cpp_1
    libshutdown.o(.ARM.Collect$$libshutdown$$00000000) refers (Special) to libshutdown2.o(.ARM.Collect$$libshutdown$$00000007) for __rt_lib_shutdown_fp_trap_1
    libshutdown.o(.ARM.Collect$$libshutdown$$00000000) refers (Special) to libshutdown2.o(.ARM.Collect$$libshutdown$$0000000F) for __rt_lib_shutdown_heap_1
    libshutdown.o(.ARM.Collect$$libshutdown$$00000000) refers (Special) to libshutdown2.o(.ARM.Collect$$libshutdown$$00000010) for __rt_lib_shutdown_return
    libshutdown.o(.ARM.Collect$$libshutdown$$00000000) refers (Special) to libshutdown2.o(.ARM.Collect$$libshutdown$$0000000A) for __rt_lib_shutdown_signal_1
    libshutdown.o(.ARM.Collect$$libshutdown$$00000000) refers (Special) to libshutdown2.o(.ARM.Collect$$libshutdown$$00000004) for __rt_lib_shutdown_stdio_1
    libshutdown.o(.ARM.Collect$$libshutdown$$00000000) refers (Special) to libshutdown2.o(.ARM.Collect$$libshutdown$$0000000C) for __rt_lib_shutdown_user_alloc_1
    sys_command.o(.text) refers (Special) to use_no_semi.o(.text) for __I$use$semihosting
    sys_command.o(.text) refers (Special) to indicate_semi.o(.text) for __semihosting_library_function
    defsig_rtmem_outer.o(.text) refers to defsig_rtmem_inner.o(.text) for __rt_SIGRTMEM_inner
    defsig_rtmem_outer.o(.text) refers to defsig_exit.o(.text) for __sig_exit
    defsig_rtmem_formal.o(.text) refers to rt_raise.o(.text) for __rt_raise
    rt_raise.o(.text) refers to __raise.o(.text) for __raise
    rt_raise.o(.text) refers to sys_exit.o(.text) for _sys_exit
    defsig_exit.o(.text) refers to sys_exit.o(.text) for _sys_exit
    defsig_rtmem_inner.o(.text) refers to defsig_general.o(.text) for __default_signal_display
    __raise.o(.text) refers to defsig.o(CL$$defsig) for __default_signal_handler
    defsig_general.o(.text) refers to sys_wrch.o(.text) for _ttywrch
    sys_wrch.o(.text) refers (Special) to use_no_semi.o(.text) for __I$use$semihosting
    sys_wrch.o(.text) refers (Special) to indicate_semi.o(.text) for __semihosting_library_function
    defsig.o(CL$$defsig) refers to defsig_rtmem_inner.o(.text) for __rt_SIGRTMEM_inner
    defsig_abrt_inner.o(.text) refers to defsig_general.o(.text) for __default_signal_display
    defsig_fpe_inner.o(.text) refers to defsig_general.o(.text) for __default_signal_display
    defsig_rtred_inner.o(.text) refers to defsig_general.o(.text) for __default_signal_display
    defsig_stak_inner.o(.text) refers to defsig_general.o(.text) for __default_signal_display
    defsig_pvfn_inner.o(.text) refers to defsig_general.o(.text) for __default_signal_display
    defsig_cppl_inner.o(.text) refers to defsig_general.o(.text) for __default_signal_display
    defsig_segv_inner.o(.text) refers to defsig_general.o(.text) for __default_signal_display
    defsig_other.o(.text) refers to defsig_general.o(.text) for __default_signal_display


==============================================================================

Removing Unused input sections from the image.

    Removing board.o(.rev16_text), (4 bytes).
    Removing board.o(.revsh_text), (4 bytes).
    Removing chcore.o(.rev16_text), (4 bytes).
    Removing chcore.o(.revsh_text), (4 bytes).
    Removing chcore_v7m.o(.rev16_text), (4 bytes).
    Removing chcore_v7m.o(.revsh_text), (4 bytes).
    Removing chvt.o(.rev16_text), (4 bytes).
    Removing chvt.o(.revsh_text), (4 bytes).
    Removing chvt.o(.constdata), (11 bytes).
    Removing chvt.o(.constdata), (13 bytes).
    Removing chcond.o(.rev16_text), (4 bytes).
    Removing chcond.o(.revsh_text), (4 bytes).
    Removing chcond.o(.text), (484 bytes).
    Removing chcond.o(.constdata), (12 bytes).
    Removing chcond.o(.constdata), (17 bytes).
    Removing chcond.o(.constdata), (13 bytes).
    Removing chcond.o(.constdata), (14 bytes).
    Removing chcond.o(.constdata), (17 bytes).
    Removing chcond.o(.constdata), (12 bytes).
    Removing chcond.o(.constdata), (19 bytes).
    Removing chdebug.o(.rev16_text), (4 bytes).
    Removing chdebug.o(.revsh_text), (4 bytes).
    Removing chdynamic.o(.rev16_text), (4 bytes).
    Removing chdynamic.o(.revsh_text), (4 bytes).
    Removing chdynamic.o(.constdata), (12 bytes).
    Removing chdynamic.o(.constdata), (12 bytes).
    Removing chdynamic.o(.constdata), (13 bytes).
    Removing chdynamic.o(.constdata), (26 bytes).
    Removing chevents.o(.rev16_text), (4 bytes).
    Removing chevents.o(.revsh_text), (4 bytes).
    Removing chevents.o(.constdata), (12 bytes).
    Removing chevents.o(.constdata), (27 bytes).
    Removing chevents.o(.constdata), (16 bytes).
    Removing chevents.o(.constdata), (21 bytes).
    Removing chevents.o(.constdata), (12 bytes).
    Removing chevents.o(.constdata), (13 bytes).
    Removing chevents.o(.constdata), (14 bytes).
    Removing chheap.o(.rev16_text), (4 bytes).
    Removing chheap.o(.revsh_text), (4 bytes).
    Removing chheap.o(.constdata), (17 bytes).
    Removing chheap.o(.constdata), (11 bytes).
    Removing chmboxes.o(.rev16_text), (4 bytes).
    Removing chmboxes.o(.revsh_text), (4 bytes).
    Removing chmboxes.o(.text), (644 bytes).
    Removing chmboxes.o(.constdata), (12 bytes).
    Removing chmboxes.o(.constdata), (15 bytes).
    Removing chmboxes.o(.constdata), (11 bytes).
    Removing chmboxes.o(.constdata), (10 bytes).
    Removing chmboxes.o(.constdata), (10 bytes).
    Removing chmboxes.o(.constdata), (15 bytes).
    Removing chmboxes.o(.constdata), (15 bytes).
    Removing chmboxes.o(.constdata), (11 bytes).
    Removing chmboxes.o(.constdata), (11 bytes).
    Removing chmemcore.o(.rev16_text), (4 bytes).
    Removing chmemcore.o(.revsh_text), (4 bytes).
    Removing chmemcore.o(.constdata), (12 bytes).
    Removing chmempools.o(.rev16_text), (4 bytes).
    Removing chmempools.o(.revsh_text), (4 bytes).
    Removing chmempools.o(.constdata), (12 bytes).
    Removing chmempools.o(.constdata), (17 bytes).
    Removing chmempools.o(.constdata), (16 bytes).
    Removing chmempools.o(.constdata), (13 bytes).
    Removing chmempools.o(.constdata), (12 bytes).
    Removing chmsg.o(.rev16_text), (4 bytes).
    Removing chmsg.o(.revsh_text), (4 bytes).
    Removing chmsg.o(.text), (132 bytes).
    Removing chmsg.o(.constdata), (12 bytes).
    Removing chmsg.o(.constdata), (10 bytes).
    Removing chmsg.o(.constdata), (13 bytes).
    Removing chmtx.o(.rev16_text), (4 bytes).
    Removing chmtx.o(.revsh_text), (4 bytes).
    Removing chmtx.o(.constdata), (12 bytes).
    Removing chmtx.o(.constdata), (16 bytes).
    Removing chmtx.o(.constdata), (11 bytes).
    Removing chmtx.o(.constdata), (14 bytes).
    Removing chmtx.o(.constdata), (12 bytes).
    Removing chmtx.o(.constdata), (13 bytes).
    Removing chqueues.o(.rev16_text), (4 bytes).
    Removing chqueues.o(.revsh_text), (4 bytes).
    Removing chqueues.o(.constdata), (12 bytes).
    Removing chqueues.o(.constdata), (16 bytes).
    Removing chqueues.o(.constdata), (17 bytes).
    Removing chregistry.o(.rev16_text), (4 bytes).
    Removing chregistry.o(.revsh_text), (4 bytes).
    Removing chregistry.o(.text), (68 bytes).
    Removing chregistry.o(.constdata), (12 bytes).
    Removing chregistry.o(.constdata), (16 bytes).
    Removing chschd.o(.rev16_text), (4 bytes).
    Removing chschd.o(.revsh_text), (4 bytes).
    Removing chschd.o(.constdata), (12 bytes).
    Removing chsem.o(.rev16_text), (4 bytes).
    Removing chsem.o(.revsh_text), (4 bytes).
    Removing chsem.o(.text), (532 bytes).
    Removing chsem.o(.constdata), (12 bytes).
    Removing chsem.o(.constdata), (16 bytes).
    Removing chsem.o(.constdata), (12 bytes).
    Removing chsem.o(.constdata), (11 bytes).
    Removing chsem.o(.constdata), (18 bytes).
    Removing chsem.o(.constdata), (12 bytes).
    Removing chsem.o(.constdata), (13 bytes).
    Removing chsem.o(.constdata), (17 bytes).
    Removing chsem.o(.constdata), (16 bytes).
    Removing chstats.o(.rev16_text), (4 bytes).
    Removing chstats.o(.revsh_text), (4 bytes).
    Removing chsys.o(.rev16_text), (4 bytes).
    Removing chsys.o(.revsh_text), (4 bytes).
    Removing chsys.o(.constdata), (12 bytes).
    Removing chsys.o(.constdata), (12 bytes).
    Removing chthreads.o(.rev16_text), (4 bytes).
    Removing chthreads.o(.revsh_text), (4 bytes).
    Removing chthreads.o(.constdata), (12 bytes).
    Removing chthreads.o(.constdata), (12 bytes).
    Removing chthreads.o(.constdata), (12 bytes).
    Removing chthreads.o(.constdata), (20 bytes).
    Removing chthreads.o(.constdata), (13 bytes).
    Removing chthreads.o(.constdata), (17 bytes).
    Removing chthreads.o(.constdata), (11 bytes).
    Removing chthreads.o(.constdata), (10 bytes).
    Removing chthreads.o(.constdata), (14 bytes).
    Removing chthreads.o(.constdata), (21 bytes).
    Removing chthreads.o(.constdata), (13 bytes).
    Removing chthreads.o(.constdata), (13 bytes).
    Removing chtm.o(.rev16_text), (4 bytes).
    Removing chtm.o(.revsh_text), (4 bytes).
    Removing serial.o(.rev16_text), (4 bytes).
    Removing serial.o(.revsh_text), (4 bytes).
    Removing serial.o(.constdata), (12 bytes).
    Removing serial.o(.constdata), (8 bytes).
    Removing serial.o(.constdata), (7 bytes).
    Removing serial.o(.constdata), (16 bytes).
    Removing serial.o(.constdata), (15 bytes).
    Removing gpt.o(.rev16_text), (4 bytes).
    Removing gpt.o(.revsh_text), (4 bytes).
    Removing gpt.o(.constdata), (12 bytes).
    Removing gpt.o(.constdata), (9 bytes).
    Removing gpt.o(.constdata), (8 bytes).
    Removing gpt.o(.constdata), (18 bytes).
    Removing gpt.o(.constdata), (20 bytes).
    Removing gpt.o(.constdata), (17 bytes).
    Removing gpt.o(.constdata), (14 bytes).
    Removing gpt.o(.constdata), (15 bytes).
    Removing hal.o(.rev16_text), (4 bytes).
    Removing hal.o(.revsh_text), (4 bytes).
    Removing st.o(.rev16_text), (4 bytes).
    Removing st.o(.revsh_text), (4 bytes).
    Removing st.o(.constdata), (13 bytes).
    Removing st.o(.constdata), (11 bytes).
    Removing st.o(.constdata), (11 bytes).
    Removing hal_lld.o(.rev16_text), (4 bytes).
    Removing hal_lld.o(.revsh_text), (4 bytes).
    Removing hal_lld.o(.data), (4 bytes).
    Removing pal_lld.o(.rev16_text), (4 bytes).
    Removing pal_lld.o(.revsh_text), (4 bytes).
    Removing gpt_lld.o(.rev16_text), (4 bytes).
    Removing gpt_lld.o(.revsh_text), (4 bytes).
    Removing gpt_lld.o(.constdata), (14 bytes).
    Removing serial_lld.o(.rev16_text), (4 bytes).
    Removing serial_lld.o(.revsh_text), (4 bytes).
    Removing st_lld.o(.rev16_text), (4 bytes).
    Removing st_lld.o(.revsh_text), (4 bytes).
    Removing nvic.o(.rev16_text), (4 bytes).
    Removing nvic.o(.revsh_text), (4 bytes).
    Removing nvic.o(.constdata), (29 bytes).
    Removing main.o(.rev16_text), (4 bytes).
    Removing main.o(.revsh_text), (4 bytes).

165 unused section(s) (total 3420 bytes) removed from the image.

==============================================================================

Image Symbol Table

    Local Symbols

    Symbol Name                              Value     Ov Type        Size  Object(Section)

    ../clib/angel/boardlib.s                 0x00000000   Number         0  boardshut.o ABSOLUTE
    ../clib/angel/boardlib.s                 0x00000000   Number         0  boardinit1.o ABSOLUTE
    ../clib/angel/boardlib.s                 0x00000000   Number         0  boardinit2.o ABSOLUTE
    ../clib/angel/boardlib.s                 0x00000000   Number         0  boardinit3.o ABSOLUTE
    ../clib/angel/handlers.s                 0x00000000   Number         0  __scatter_copy.o ABSOLUTE
    ../clib/angel/handlers.s                 0x00000000   Number         0  __scatter_zi.o ABSOLUTE
    ../clib/angel/kernel.s                   0x00000000   Number         0  __rtentry2.o ABSOLUTE
    ../clib/angel/kernel.s                   0x00000000   Number         0  __rtentry4.o ABSOLUTE
    ../clib/angel/kernel.s                   0x00000000   Number         0  rtexit.o ABSOLUTE
    ../clib/angel/kernel.s                   0x00000000   Number         0  __rtentry5.o ABSOLUTE
    ../clib/angel/kernel.s                   0x00000000   Number         0  __rtentry.o ABSOLUTE
    ../clib/angel/kernel.s                   0x00000000   Number         0  rtexit2.o ABSOLUTE
    ../clib/angel/rt.s                       0x00000000   Number         0  rt_raise.o ABSOLUTE
    ../clib/angel/scatter.s                  0x00000000   Number         0  __scatter.o ABSOLUTE
    ../clib/angel/startup.s                  0x00000000   Number         0  __main.o ABSOLUTE
    ../clib/angel/sys.s                      0x00000000   Number         0  sys_stackheap_outer.o ABSOLUTE
    ../clib/angel/sys.s                      0x00000000   Number         0  indicate_semi.o ABSOLUTE
    ../clib/angel/sys.s                      0x00000000   Number         0  use_no_semi.o ABSOLUTE
    ../clib/angel/sys.s                      0x00000000   Number         0  libspace.o ABSOLUTE
    ../clib/angel/sysapp.c                   0x00000000   Number         0  sys_wrch.o ABSOLUTE
    ../clib/angel/sysapp.c                   0x00000000   Number         0  sys_exit.o ABSOLUTE
    ../clib/angel/sysapp.c                   0x00000000   Number         0  sys_command.o ABSOLUTE
    ../clib/armsys.c                         0x00000000   Number         0  no_argv.o ABSOLUTE
    ../clib/armsys.c                         0x00000000   Number         0  _get_argv_nomalloc.o ABSOLUTE
    ../clib/armsys.c                         0x00000000   Number         0  argv_veneer.o ABSOLUTE
    ../clib/armsys.c                         0x00000000   Number         0  argv_veneer.o ABSOLUTE
    ../clib/heapalloc.c                      0x00000000   Number         0  hrguard.o ABSOLUTE
    ../clib/heapaux.c                        0x00000000   Number         0  heapauxi.o ABSOLUTE
    ../clib/libinit.s                        0x00000000   Number         0  libinit.o ABSOLUTE
    ../clib/libinit.s                        0x00000000   Number         0  libshutdown.o ABSOLUTE
    ../clib/libinit.s                        0x00000000   Number         0  libinit2.o ABSOLUTE
    ../clib/libinit.s                        0x00000000   Number         0  libshutdown2.o ABSOLUTE
    ../clib/signal.c                         0x00000000   Number         0  defsig_other.o ABSOLUTE
    ../clib/signal.c                         0x00000000   Number         0  defsig_fpe_inner.o ABSOLUTE
    ../clib/signal.c                         0x00000000   Number         0  defsig_cppl_inner.o ABSOLUTE
    ../clib/signal.c                         0x00000000   Number         0  defsig_pvfn_inner.o ABSOLUTE
    ../clib/signal.c                         0x00000000   Number         0  defsig_stak_inner.o ABSOLUTE
    ../clib/signal.c                         0x00000000   Number         0  defsig_rtred_inner.o ABSOLUTE
    ../clib/signal.c                         0x00000000   Number         0  defsig_abrt_inner.o ABSOLUTE
    ../clib/signal.c                         0x00000000   Number         0  defsig_rtmem_outer.o ABSOLUTE
    ../clib/signal.c                         0x00000000   Number         0  defsig_segv_inner.o ABSOLUTE
    ../clib/signal.c                         0x00000000   Number         0  defsig_exit.o ABSOLUTE
    ../clib/signal.c                         0x00000000   Number         0  defsig_rtmem_inner.o ABSOLUTE
    ../clib/signal.c                         0x00000000   Number         0  __raise.o ABSOLUTE
    ../clib/signal.c                         0x00000000   Number         0  defsig_general.o ABSOLUTE
    ../clib/signal.c                         0x00000000   Number         0  defsig_rtmem_formal.o ABSOLUTE
    ../clib/signal.s                         0x00000000   Number         0  defsig.o ABSOLUTE
    ../clib/stdlib.c                         0x00000000   Number         0  exit.o ABSOLUTE
    ../fplib/fpinit.s                        0x00000000   Number         0  fpinit.o ABSOLUTE
    ..\..\..\..\..\os\hal\boards\ST_STM32F4_DISCOVERY\board.c 0x00000000   Number         0  board.o ABSOLUTE
    ..\..\..\..\..\os\hal\ports\STM32\LLD\GPIOv2\pal_lld.c 0x00000000   Number         0  pal_lld.o ABSOLUTE
    ..\..\..\..\..\os\hal\ports\STM32\LLD\TIMv1\gpt_lld.c 0x00000000   Number         0  gpt_lld.o ABSOLUTE
    ..\..\..\..\..\os\hal\ports\STM32\LLD\TIMv1\st_lld.c 0x00000000   Number         0  st_lld.o ABSOLUTE
    ..\..\..\..\..\os\hal\ports\STM32\LLD\USARTv1\serial_lld.c 0x00000000   Number         0  serial_lld.o ABSOLUTE
    ..\..\..\..\..\os\hal\ports\STM32\STM32F4xx\hal_lld.c 0x00000000   Number         0  hal_lld.o ABSOLUTE
    ..\..\..\..\..\os\hal\ports\common\ARMCMx\nvic.c 0x00000000   Number         0  nvic.o ABSOLUTE
    ..\..\..\..\..\os\hal\src\gpt.c          0x00000000   Number         0  gpt.o ABSOLUTE
    ..\..\..\..\..\os\hal\src\hal.c          0x00000000   Number         0  hal.o ABSOLUTE
    ..\..\..\..\..\os\hal\src\serial.c       0x00000000   Number         0  serial.o ABSOLUTE
    ..\..\..\..\..\os\hal\src\st.c           0x00000000   Number         0  st.o ABSOLUTE
    ..\..\..\..\..\os\rt\ports\ARMCMx\chcore.c 0x00000000   Number         0  chcore.o ABSOLUTE
    ..\..\..\..\..\os\rt\ports\ARMCMx\chcore_v7m.c 0x00000000   Number         0  chcore_v7m.o ABSOLUTE
    ..\..\..\..\..\os\rt\src\chcond.c        0x00000000   Number         0  chcond.o ABSOLUTE
    ..\..\..\..\..\os\rt\src\chdebug.c       0x00000000   Number         0  chdebug.o ABSOLUTE
    ..\..\..\..\..\os\rt\src\chdynamic.c     0x00000000   Number         0  chdynamic.o ABSOLUTE
    ..\..\..\..\..\os\rt\src\chevents.c      0x00000000   Number         0  chevents.o ABSOLUTE
    ..\..\..\..\..\os\rt\src\chheap.c        0x00000000   Number         0  chheap.o ABSOLUTE
    ..\..\..\..\..\os\rt\src\chmboxes.c      0x00000000   Number         0  chmboxes.o ABSOLUTE
    ..\..\..\..\..\os\rt\src\chmemcore.c     0x00000000   Number         0  chmemcore.o ABSOLUTE
    ..\..\..\..\..\os\rt\src\chmempools.c    0x00000000   Number         0  chmempools.o ABSOLUTE
    ..\..\..\..\..\os\rt\src\chmsg.c         0x00000000   Number         0  chmsg.o ABSOLUTE
    ..\..\..\..\..\os\rt\src\chmtx.c         0x00000000   Number         0  chmtx.o ABSOLUTE
    ..\..\..\..\..\os\rt\src\chqueues.c      0x00000000   Number         0  chqueues.o ABSOLUTE
    ..\..\..\..\..\os\rt\src\chregistry.c    0x00000000   Number         0  chregistry.o ABSOLUTE
    ..\..\..\..\..\os\rt\src\chschd.c        0x00000000   Number         0  chschd.o ABSOLUTE
    ..\..\..\..\..\os\rt\src\chsem.c         0x00000000   Number         0  chsem.o ABSOLUTE
    ..\..\..\..\..\os\rt\src\chstats.c       0x00000000   Number         0  chstats.o ABSOLUTE
    ..\..\..\..\..\os\rt\src\chsys.c         0x00000000   Number         0  chsys.o ABSOLUTE
    ..\..\..\..\..\os\rt\src\chthreads.c     0x00000000   Number         0  chthreads.o ABSOLUTE
    ..\..\..\..\..\os\rt\src\chtm.c          0x00000000   Number         0  chtm.o ABSOLUTE
    ..\..\..\..\..\os\rt\src\chvt.c          0x00000000   Number         0  chvt.o ABSOLUTE
    ..\\..\\..\\..\\..\\os\\common\\ports\\ARMCMx\\compilers\\RVCT\\cstartup.s 0x00000000   Number         0  cstartup.o ABSOLUTE
    ..\\..\\..\\..\\..\\os\\common\\ports\\ARMCMx\\compilers\\RVCT\\vectors.s 0x00000000   Number         0  vectors.o ABSOLUTE
    ..\\..\\..\\..\\..\\os\\hal\\boards\\ST_STM32F4_DISCOVERY\\board.c 0x00000000   Number         0  board.o ABSOLUTE
    ..\\..\\..\\..\\..\\os\\hal\\ports\\STM32\\LLD\\GPIOv2\\pal_lld.c 0x00000000   Number         0  pal_lld.o ABSOLUTE
    ..\\..\\..\\..\\..\\os\\hal\\ports\\STM32\\LLD\\TIMv1\\gpt_lld.c 0x00000000   Number         0  gpt_lld.o ABSOLUTE
    ..\\..\\..\\..\\..\\os\\hal\\ports\\STM32\\LLD\\TIMv1\\st_lld.c 0x00000000   Number         0  st_lld.o ABSOLUTE
    ..\\..\\..\\..\\..\\os\\hal\\ports\\STM32\\LLD\\USARTv1\\serial_lld.c 0x00000000   Number         0  serial_lld.o ABSOLUTE
    ..\\..\\..\\..\\..\\os\\hal\\ports\\STM32\\STM32F4xx\\hal_lld.c 0x00000000   Number         0  hal_lld.o ABSOLUTE
    ..\\..\\..\\..\\..\\os\\hal\\ports\\common\\ARMCMx\\nvic.c 0x00000000   Number         0  nvic.o ABSOLUTE
    ..\\..\\..\\..\\..\\os\\hal\\src\\gpt.c  0x00000000   Number         0  gpt.o ABSOLUTE
    ..\\..\\..\\..\\..\\os\\hal\\src\\hal.c  0x00000000   Number         0  hal.o ABSOLUTE
    ..\\..\\..\\..\\..\\os\\hal\\src\\serial.c 0x00000000   Number         0  serial.o ABSOLUTE
    ..\\..\\..\\..\\..\\os\\hal\\src\\st.c   0x00000000   Number         0  st.o ABSOLUTE
    ..\\..\\..\\..\\..\\os\\rt\\ports\\ARMCMx\\chcore.c 0x00000000   Number         0  chcore.o ABSOLUTE
    ..\\..\\..\\..\\..\\os\\rt\\ports\\ARMCMx\\chcore_v7m.c 0x00000000   Number         0  chcore_v7m.o ABSOLUTE
    ..\\..\\..\\..\\..\\os\\rt\\ports\\ARMCMx\\compilers\\RVCT\\chcoreasm_v7m.s 0x00000000   Number         0  chcoreasm_v7m.o ABSOLUTE
    ..\\..\\..\\..\\..\\os\\rt\\src\\chcond.c 0x00000000   Number         0  chcond.o ABSOLUTE
    ..\\..\\..\\..\\..\\os\\rt\\src\\chdebug.c 0x00000000   Number         0  chdebug.o ABSOLUTE
    ..\\..\\..\\..\\..\\os\\rt\\src\\chdynamic.c 0x00000000   Number         0  chdynamic.o ABSOLUTE
    ..\\..\\..\\..\\..\\os\\rt\\src\\chevents.c 0x00000000   Number         0  chevents.o ABSOLUTE
    ..\\..\\..\\..\\..\\os\\rt\\src\\chheap.c 0x00000000   Number         0  chheap.o ABSOLUTE
    ..\\..\\..\\..\\..\\os\\rt\\src\\chmboxes.c 0x00000000   Number         0  chmboxes.o ABSOLUTE
    ..\\..\\..\\..\\..\\os\\rt\\src\\chmemcore.c 0x00000000   Number         0  chmemcore.o ABSOLUTE
    ..\\..\\..\\..\\..\\os\\rt\\src\\chmempools.c 0x00000000   Number         0  chmempools.o ABSOLUTE
    ..\\..\\..\\..\\..\\os\\rt\\src\\chmsg.c 0x00000000   Number         0  chmsg.o ABSOLUTE
    ..\\..\\..\\..\\..\\os\\rt\\src\\chmtx.c 0x00000000   Number         0  chmtx.o ABSOLUTE
    ..\\..\\..\\..\\..\\os\\rt\\src\\chqueues.c 0x00000000   Number         0  chqueues.o ABSOLUTE
    ..\\..\\..\\..\\..\\os\\rt\\src\\chregistry.c 0x00000000   Number         0  chregistry.o ABSOLUTE
    ..\\..\\..\\..\\..\\os\\rt\\src\\chschd.c 0x00000000   Number         0  chschd.o ABSOLUTE
    ..\\..\\..\\..\\..\\os\\rt\\src\\chsem.c 0x00000000   Number         0  chsem.o ABSOLUTE
    ..\\..\\..\\..\\..\\os\\rt\\src\\chstats.c 0x00000000   Number         0  chstats.o ABSOLUTE
    ..\\..\\..\\..\\..\\os\\rt\\src\\chsys.c 0x00000000   Number         0  chsys.o ABSOLUTE
    ..\\..\\..\\..\\..\\os\\rt\\src\\chthreads.c 0x00000000   Number         0  chthreads.o ABSOLUTE
    ..\\..\\..\\..\\..\\os\\rt\\src\\chtm.c  0x00000000   Number         0  chtm.o ABSOLUTE
    ..\\..\\..\\..\\..\\os\\rt\\src\\chvt.c  0x00000000   Number         0  chvt.o ABSOLUTE
    ..\\main.c                               0x00000000   Number         0  main.o ABSOLUTE
    ..\extfunc.c                             0x00000000   Number         0  extfunc.o ABSOLUTE
    ..\main.c                                0x00000000   Number         0  main.o ABSOLUTE
    dc.s                                     0x00000000   Number         0  dc.o ABSOLUTE
    RESET                                    0x08000000   Section      448  vectors.o(RESET)
    !!!main                                  0x080001c0   Section        8  __main.o(!!!main)
    !!!scatter                               0x080001c8   Section       52  __scatter.o(!!!scatter)
    !!handler_copy                           0x080001fc   Section       26  __scatter_copy.o(!!handler_copy)
    !!handler_zi                             0x08000218   Section       28  __scatter_zi.o(!!handler_zi)
    .ARM.Collect$$libinit$$00000000          0x08000234   Section        2  libinit.o(.ARM.Collect$$libinit$$00000000)
    .ARM.Collect$$libinit$$00000001          0x08000236   Section        4  libinit2.o(.ARM.Collect$$libinit$$00000001)
    .ARM.Collect$$libinit$$00000004          0x0800023a   Section        0  libinit2.o(.ARM.Collect$$libinit$$00000004)
    .ARM.Collect$$libinit$$0000000A          0x0800023a   Section        0  libinit2.o(.ARM.Collect$$libinit$$0000000A)
    .ARM.Collect$$libinit$$0000000C          0x0800023a   Section        0  libinit2.o(.ARM.Collect$$libinit$$0000000C)
    .ARM.Collect$$libinit$$0000000E          0x0800023a   Section        0  libinit2.o(.ARM.Collect$$libinit$$0000000E)
    .ARM.Collect$$libinit$$00000011          0x0800023a   Section        0  libinit2.o(.ARM.Collect$$libinit$$00000011)
    .ARM.Collect$$libinit$$00000013          0x0800023a   Section        0  libinit2.o(.ARM.Collect$$libinit$$00000013)
    .ARM.Collect$$libinit$$00000015          0x0800023a   Section        0  libinit2.o(.ARM.Collect$$libinit$$00000015)
    .ARM.Collect$$libinit$$00000017          0x0800023a   Section        0  libinit2.o(.ARM.Collect$$libinit$$00000017)
    .ARM.Collect$$libinit$$00000019          0x0800023a   Section        0  libinit2.o(.ARM.Collect$$libinit$$00000019)
    .ARM.Collect$$libinit$$0000001B          0x0800023a   Section        0  libinit2.o(.ARM.Collect$$libinit$$0000001B)
    .ARM.Collect$$libinit$$0000001D          0x0800023a   Section        0  libinit2.o(.ARM.Collect$$libinit$$0000001D)
    .ARM.Collect$$libinit$$0000001F          0x0800023a   Section        0  libinit2.o(.ARM.Collect$$libinit$$0000001F)
    .ARM.Collect$$libinit$$00000021          0x0800023a   Section        0  libinit2.o(.ARM.Collect$$libinit$$00000021)
    .ARM.Collect$$libinit$$00000023          0x0800023a   Section        0  libinit2.o(.ARM.Collect$$libinit$$00000023)
    .ARM.Collect$$libinit$$00000025          0x0800023a   Section        0  libinit2.o(.ARM.Collect$$libinit$$00000025)
    .ARM.Collect$$libinit$$0000002C          0x0800023a   Section        0  libinit2.o(.ARM.Collect$$libinit$$0000002C)
    .ARM.Collect$$libinit$$0000002E          0x0800023a   Section        0  libinit2.o(.ARM.Collect$$libinit$$0000002E)
    .ARM.Collect$$libinit$$00000030          0x0800023a   Section        0  libinit2.o(.ARM.Collect$$libinit$$00000030)
    .ARM.Collect$$libinit$$00000032          0x0800023a   Section        0  libinit2.o(.ARM.Collect$$libinit$$00000032)
    .ARM.Collect$$libinit$$00000033          0x0800023a   Section        2  libinit2.o(.ARM.Collect$$libinit$$00000033)
    .ARM.Collect$$libshutdown$$00000000      0x0800023c   Section        2  libshutdown.o(.ARM.Collect$$libshutdown$$00000000)
    .ARM.Collect$$libshutdown$$00000002      0x0800023e   Section        0  libshutdown2.o(.ARM.Collect$$libshutdown$$00000002)
    .ARM.Collect$$libshutdown$$00000004      0x0800023e   Section        0  libshutdown2.o(.ARM.Collect$$libshutdown$$00000004)
    .ARM.Collect$$libshutdown$$00000007      0x0800023e   Section        0  libshutdown2.o(.ARM.Collect$$libshutdown$$00000007)
    .ARM.Collect$$libshutdown$$0000000A      0x0800023e   Section        0  libshutdown2.o(.ARM.Collect$$libshutdown$$0000000A)
    .ARM.Collect$$libshutdown$$0000000C      0x0800023e   Section        0  libshutdown2.o(.ARM.Collect$$libshutdown$$0000000C)
    .ARM.Collect$$libshutdown$$0000000F      0x0800023e   Section        0  libshutdown2.o(.ARM.Collect$$libshutdown$$0000000F)
    .ARM.Collect$$libshutdown$$00000010      0x0800023e   Section        2  libshutdown2.o(.ARM.Collect$$libshutdown$$00000010)
    .ARM.Collect$$rtentry$$00000000          0x08000240   Section        0  __rtentry.o(.ARM.Collect$$rtentry$$00000000)
    .ARM.Collect$$rtentry$$00000002          0x08000240   Section        0  __rtentry2.o(.ARM.Collect$$rtentry$$00000002)
    .ARM.Collect$$rtentry$$00000005          0x08000240   Section        4  __rtentry5.o(.ARM.Collect$$rtentry$$00000005)
    .ARM.Collect$$rtentry$$00000009          0x08000244   Section        0  __rtentry2.o(.ARM.Collect$$rtentry$$00000009)
    .ARM.Collect$$rtentry$$0000000A          0x08000244   Section        4  __rtentry2.o(.ARM.Collect$$rtentry$$0000000A)
    .ARM.Collect$$rtentry$$0000000C          0x08000248   Section        0  __rtentry2.o(.ARM.Collect$$rtentry$$0000000C)
    .ARM.Collect$$rtentry$$0000000D          0x08000248   Section        8  __rtentry2.o(.ARM.Collect$$rtentry$$0000000D)
    .ARM.Collect$$rtentry$$00002716          0x08000250   Section        4  __rtentry5.o(.ARM.Collect$$rtentry$$00002716)
    __lit__00000000                          0x08000250   Data           4  __rtentry5.o(.ARM.Collect$$rtentry$$00002716)
    .ARM.Collect$$rtexit$$00000000           0x08000254   Section        2  rtexit.o(.ARM.Collect$$rtexit$$00000000)
    .ARM.Collect$$rtexit$$00000002           0x08000256   Section        0  rtexit2.o(.ARM.Collect$$rtexit$$00000002)
    .ARM.Collect$$rtexit$$00000003           0x08000256   Section        4  rtexit2.o(.ARM.Collect$$rtexit$$00000003)
    .ARM.Collect$$rtexit$$00000004           0x0800025a   Section        6  rtexit2.o(.ARM.Collect$$rtexit$$00000004)
    .text                                    0x08000260   Section        0  board.o(.text)
    .text                                    0x08000268   Section        2  vectors.o(.text)
    $v0                                      0x08000268   Number         0  vectors.o(.text)
    .text                                    0x0800026c   Section       80  cstartup.o(.text)
    $v0                                      0x0800026c   Number         0  cstartup.o(.text)
    .text                                    0x080002bc   Section        0  chcore_v7m.o(.text)
    .text                                    0x08000334   Section       46  chcoreasm_v7m.o(.text)
    $v0                                      0x08000334   Number         0  chcoreasm_v7m.o(.text)
    .text                                    0x08000364   Section        0  chvt.o(.text)
    .text                                    0x0800047c   Section        0  chdynamic.o(.text)
    .text                                    0x08000564   Section        0  chevents.o(.text)
    .text                                    0x080008b4   Section        0  chheap.o(.text)
    .text                                    0x08000a1c   Section        0  chmemcore.o(.text)
    .text                                    0x08000a88   Section        0  chmempools.o(.text)
    .text                                    0x08000b18   Section        0  chmtx.o(.text)
    .text                                    0x08000d40   Section        0  chqueues.o(.text)
    .text                                    0x08000fac   Section        0  chschd.o(.text)
    wakeup                                   0x08000ffb   Thumb Code   100  chschd.o(.text)
    .text                                    0x08001238   Section        0  chsys.o(.text)
    _idle_thread                             0x08001239   Thumb Code     2  chsys.o(.text)
    .text                                    0x08001458   Section        0  chthreads.o(.text)
    .text                                    0x0800178c   Section        0  chtm.o(.text)
    .text                                    0x08001834   Section        0  serial.o(.text)
    write                                    0x08001835   Thumb Code    10  serial.o(.text)
    read                                     0x0800183f   Thumb Code    10  serial.o(.text)
    put                                      0x08001849   Thumb Code    10  serial.o(.text)
    get                                      0x08001853   Thumb Code    10  serial.o(.text)
    putt                                     0x0800185d   Thumb Code     6  serial.o(.text)
    gett                                     0x08001863   Thumb Code     6  serial.o(.text)
    writet                                   0x08001869   Thumb Code     6  serial.o(.text)
    readt                                    0x0800186f   Thumb Code     6  serial.o(.text)
    .text                                    0x08001948   Section        0  gpt.o(.text)
    .text                                    0x08001a18   Section        0  hal.o(.text)
    .text                                    0x08001a3c   Section        0  st.o(.text)
    .text                                    0x08001a6c   Section        0  hal_lld.o(.text)
    .text                                    0x08001bc4   Section        0  pal_lld.o(.text)
    .text                                    0x08001e00   Section        0  gpt_lld.o(.text)
    .text                                    0x08001fe0   Section        0  serial_lld.o(.text)
    notify2                                  0x08001fe1   Thumb Code    12  serial_lld.o(.text)
    .text                                    0x080021b8   Section        0  st_lld.o(.text)
    .text                                    0x08002224   Section        0  nvic.o(.text)
    .text                                    0x08002290   Section        0  main.o(.text)
    WorkerThread                             0x08002291   Thumb Code   100  main.o(.text)
    PeriodicThread                           0x080022f5   Thumb Code   108  main.o(.text)
    gpt4cb                                   0x08002361   Thumb Code   116  main.o(.text)
    gpt3cb                                   0x080023d5   Thumb Code   116  main.o(.text)
    println                                  0x08002adf   Thumb Code    44  main.o(.text)
    printn                                   0x08002b0b   Thumb Code    88  main.o(.text)
    .text                                    0x08002bd8   Section        0  extfunc.o(.text)
    .text                                    0x08002be8   Section        0  heapauxi.o(.text)
    .text                                    0x08002bee   Section        0  exit.o(.text)
    .text                                    0x08002c00   Section        0  sys_exit.o(.text)
    .text                                    0x08002c0c   Section        2  use_no_semi.o(.text)
    .text                                    0x08002c0e   Section        0  indicate_semi.o(.text)
    x$fpl$fpinit                             0x08002c0e   Section       10  fpinit.o(x$fpl$fpinit)
    $v0                                      0x08002c0e   Number         0  fpinit.o(x$fpl$fpinit)
    .constdata                               0x08002c18   Section      252  board.o(.constdata)
    .constdata                               0x08002d14   Section       22  chregistry.o(.constdata)
    .constdata                               0x08002d2c   Section       32  serial.o(.constdata)
    vmt                                      0x08002d2c   Data          32  serial.o(.constdata)
    .constdata                               0x08002d4c   Section       12  serial_lld.o(.constdata)
    default_config                           0x08002d4c   Data          12  serial_lld.o(.constdata)
    .constdata                               0x08002d58   Section       32  main.o(.constdata)
    gpt4cfg                                  0x08002d58   Data          16  main.o(.constdata)
    gpt3cfg                                  0x08002d68   Data          16  main.o(.constdata)
    .data                                    0x20000000   Section        8  chmemcore.o(.data)
    nextmem                                  0x20000000   Data           4  chmemcore.o(.data)
    endmem                                   0x20000004   Data           4  chmemcore.o(.data)
    .data                                    0x20000008   Section        1  main.o(.data)
    saturated                                0x20000008   Data           1  main.o(.data)
    .bss                                     0x20000010   Section       32  chheap.o(.bss)
    default_heap                             0x20000010   Data          32  chheap.o(.bss)
    .bss                                     0x20000030   Section      472  chschd.o(.bss)
    .bss                                     0x20000208   Section       32  gpt_lld.o(.bss)
    .bss                                     0x20000228   Section      120  serial_lld.o(.bss)
    .bss                                     0x200002a0   Section      928  main.o(.bss)
    waWorkerThread                           0x200002a0   Data         464  main.o(.bss)
    waPeriodicThread                         0x20000470   Data         464  main.o(.bss)
    CSTACK                                   0x20000640   Section     1024  cstartup.o(CSTACK)
    proc_stack_mem                           0x20000640   Data        1024  cstartup.o(CSTACK)
    HEAP                                     0x20000a40   Section     1024  cstartup.o(HEAP)
    Heap_Mem                                 0x20000a40   Data        1024  cstartup.o(HEAP)
    MSTACK                                   0x20000e40   Section     1024  cstartup.o(MSTACK)

    Global Symbols

    Symbol Name                              Value     Ov Type        Size  Object(Section)

    pal_default_config                       0x08002c18   Data         252  board.o(.constdata)
    __early_init                             0x08000261   Thumb Code     4  board.o(.text)
    boardInit                                0x08000265   Thumb Code     2  board.o(.text)
    stm32_clock_init                         0x08001acb   Thumb Code   194  hal_lld.o(.text)
    _unhandled_exception                     0x08000269   Thumb Code     2  vectors.o(.text)
    __Vectors                                0x08000000   Data           0  vectors.o(RESET)
    Reset_Handler                            0x0800026d   Thumb Code    36  cstartup.o(.text)
    __initial_msp                            0x20001240   Data           0  cstartup.o(MSTACK)
    BusFault_Handler                         0x08000269   Thumb Code     0  vectors.o(.text)
    DebugMon_Handler                         0x08000269   Thumb Code     0  vectors.o(.text)
    HardFault_Handler                        0x08000269   Thumb Code     0  vectors.o(.text)
    MemManage_Handler                        0x08000269   Thumb Code     0  vectors.o(.text)
    NMI_Handler                              0x08000269   Thumb Code     0  vectors.o(.text)
    PendSV_Handler                           0x08000269   Thumb Code     0  vectors.o(.text)
    SysTick_Handler                          0x08000269   Thumb Code     0  vectors.o(.text)
    UsageFault_Handler                       0x08000269   Thumb Code     0  vectors.o(.text)
    Vector100                                0x08000269   Thumb Code     0  vectors.o(.text)
    Vector104                                0x08000269   Thumb Code     0  vectors.o(.text)
    Vector108                                0x08000269   Thumb Code     0  vectors.o(.text)
    Vector10C                                0x08000269   Thumb Code     0  vectors.o(.text)
    Vector110                                0x08000269   Thumb Code     0  vectors.o(.text)
    Vector114                                0x08000269   Thumb Code     0  vectors.o(.text)
    Vector118                                0x08000269   Thumb Code     0  vectors.o(.text)
    Vector11C                                0x08000269   Thumb Code     0  vectors.o(.text)
    Vector120                                0x08000269   Thumb Code     0  vectors.o(.text)
    Vector124                                0x08000269   Thumb Code     0  vectors.o(.text)
    Vector128                                0x08000269   Thumb Code     0  vectors.o(.text)
    Vector12C                                0x08000269   Thumb Code     0  vectors.o(.text)
    Vector130                                0x08000269   Thumb Code     0  vectors.o(.text)
    Vector134                                0x08000269   Thumb Code     0  vectors.o(.text)
    Vector138                                0x08000269   Thumb Code     0  vectors.o(.text)
    Vector13C                                0x08000269   Thumb Code     0  vectors.o(.text)
    Vector140                                0x08000269   Thumb Code     0  vectors.o(.text)
    Vector144                                0x08000269   Thumb Code     0  vectors.o(.text)
    Vector148                                0x08000269   Thumb Code     0  vectors.o(.text)
    Vector14C                                0x08000269   Thumb Code     0  vectors.o(.text)
    Vector150                                0x08000269   Thumb Code     0  vectors.o(.text)
    Vector154                                0x08000269   Thumb Code     0  vectors.o(.text)
    Vector158                                0x08000269   Thumb Code     0  vectors.o(.text)
    Vector15C                                0x08000269   Thumb Code     0  vectors.o(.text)
    Vector160                                0x08000269   Thumb Code     0  vectors.o(.text)
    Vector164                                0x08000269   Thumb Code     0  vectors.o(.text)
    Vector168                                0x08000269   Thumb Code     0  vectors.o(.text)
    Vector16C                                0x08000269   Thumb Code     0  vectors.o(.text)
    Vector170                                0x08000269   Thumb Code     0  vectors.o(.text)
    Vector174                                0x08000269   Thumb Code     0  vectors.o(.text)
    Vector178                                0x08000269   Thumb Code     0  vectors.o(.text)
    Vector17C                                0x08000269   Thumb Code     0  vectors.o(.text)
    Vector180                                0x08000269   Thumb Code     0  vectors.o(.text)
    Vector188                                0x08000269   Thumb Code     0  vectors.o(.text)
    Vector18C                                0x08000269   Thumb Code     0  vectors.o(.text)
    Vector190                                0x08000269   Thumb Code     0  vectors.o(.text)
    Vector194                                0x08000269   Thumb Code     0  vectors.o(.text)
    Vector198                                0x08000269   Thumb Code     0  vectors.o(.text)
    Vector19C                                0x08000269   Thumb Code     0  vectors.o(.text)
    Vector1A0                                0x08000269   Thumb Code     0  vectors.o(.text)
    Vector1A4                                0x08000269   Thumb Code     0  vectors.o(.text)
    Vector1A8                                0x08000269   Thumb Code     0  vectors.o(.text)
    Vector1AC                                0x08000269   Thumb Code     0  vectors.o(.text)
    Vector1B0                                0x08000269   Thumb Code     0  vectors.o(.text)
    Vector1B4                                0x08000269   Thumb Code     0  vectors.o(.text)
    Vector1B8                                0x08000269   Thumb Code     0  vectors.o(.text)
    Vector1BC                                0x08000269   Thumb Code     0  vectors.o(.text)
    Vector1C                                 0x08000269   Thumb Code     0  vectors.o(.text)
    Vector20                                 0x08000269   Thumb Code     0  vectors.o(.text)
    Vector24                                 0x08000269   Thumb Code     0  vectors.o(.text)
    Vector28                                 0x08000269   Thumb Code     0  vectors.o(.text)
    Vector34                                 0x08000269   Thumb Code     0  vectors.o(.text)
    Vector40                                 0x08000269   Thumb Code     0  vectors.o(.text)
    Vector44                                 0x08000269   Thumb Code     0  vectors.o(.text)
    Vector48                                 0x08000269   Thumb Code     0  vectors.o(.text)
    Vector4C                                 0x08000269   Thumb Code     0  vectors.o(.text)
    Vector50                                 0x08000269   Thumb Code     0  vectors.o(.text)
    Vector54                                 0x08000269   Thumb Code     0  vectors.o(.text)
    Vector58                                 0x08000269   Thumb Code     0  vectors.o(.text)
    Vector5C                                 0x08000269   Thumb Code     0  vectors.o(.text)
    Vector60                                 0x08000269   Thumb Code     0  vectors.o(.text)
    Vector64                                 0x08000269   Thumb Code     0  vectors.o(.text)
    Vector68                                 0x08000269   Thumb Code     0  vectors.o(.text)
    Vector6C                                 0x08000269   Thumb Code     0  vectors.o(.text)
    Vector70                                 0x08000269   Thumb Code     0  vectors.o(.text)
    Vector74                                 0x08000269   Thumb Code     0  vectors.o(.text)
    Vector78                                 0x08000269   Thumb Code     0  vectors.o(.text)
    Vector7C                                 0x08000269   Thumb Code     0  vectors.o(.text)
    Vector80                                 0x08000269   Thumb Code     0  vectors.o(.text)
    Vector84                                 0x08000269   Thumb Code     0  vectors.o(.text)
    Vector88                                 0x08000269   Thumb Code     0  vectors.o(.text)
    Vector8C                                 0x08000269   Thumb Code     0  vectors.o(.text)
    Vector90                                 0x08000269   Thumb Code     0  vectors.o(.text)
    Vector94                                 0x08000269   Thumb Code     0  vectors.o(.text)
    Vector98                                 0x08000269   Thumb Code     0  vectors.o(.text)
    Vector9C                                 0x08000269   Thumb Code     0  vectors.o(.text)
    VectorA0                                 0x08000269   Thumb Code     0  vectors.o(.text)
    VectorA8                                 0x08000269   Thumb Code     0  vectors.o(.text)
    VectorAC                                 0x08000269   Thumb Code     0  vectors.o(.text)
    VectorBC                                 0x08000269   Thumb Code     0  vectors.o(.text)
    VectorC0                                 0x08000269   Thumb Code     0  vectors.o(.text)
    VectorC4                                 0x08000269   Thumb Code     0  vectors.o(.text)
    VectorC8                                 0x08000269   Thumb Code     0  vectors.o(.text)
    VectorCC                                 0x08000269   Thumb Code     0  vectors.o(.text)
    VectorD0                                 0x08000269   Thumb Code     0  vectors.o(.text)
    VectorD4                                 0x08000269   Thumb Code     0  vectors.o(.text)
    VectorDC                                 0x08000269   Thumb Code     0  vectors.o(.text)
    VectorE0                                 0x08000269   Thumb Code     0  vectors.o(.text)
    VectorE4                                 0x08000269   Thumb Code     0  vectors.o(.text)
    VectorE8                                 0x08000269   Thumb Code     0  vectors.o(.text)
    VectorEC                                 0x08000269   Thumb Code     0  vectors.o(.text)
    VectorF0                                 0x08000269   Thumb Code     0  vectors.o(.text)
    VectorF4                                 0x08000269   Thumb Code     0  vectors.o(.text)
    VectorF8                                 0x08000269   Thumb Code     0  vectors.o(.text)
    VectorFC                                 0x08000269   Thumb Code     0  vectors.o(.text)
    __user_initial_stackheap                 0x08000295   Thumb Code     0  cstartup.o(.text)
    __main_thread_stack_base__               0x20000640   Data           0  cstartup.o(CSTACK)
    __initial_sp                             0x20000a40   Data           0  cstartup.o(CSTACK)
    SVC_Handler                              0x080002bd   Thumb Code    28  chcore_v7m.o(.text)
    _port_irq_epilogue                       0x080002d9   Thumb Code    70  chcore_v7m.o(.text)
    _port_exit_from_isr                      0x0800035f   Thumb Code     0  chcoreasm_v7m.o(.text)
    _port_switch_from_isr                    0x0800035b   Thumb Code     8  chcoreasm_v7m.o(.text)
    chSchIsPreemptionRequired                0x080011a5   Thumb Code    20  chschd.o(.text)
    _port_switch                             0x08000335   Thumb Code    24  chcoreasm_v7m.o(.text)
    _port_thread_start                       0x0800034d   Thumb Code    14  chcoreasm_v7m.o(.text)
    chSchDoReschedule                        0x080011f5   Thumb Code    60  chschd.o(.text)
    chThdExit                                0x08001645   Thumb Code    68  chthreads.o(.text)
    _vt_init                                 0x08000365   Thumb Code    22  chvt.o(.text)
    chVTDoSetI                               0x0800037b   Thumb Code   120  chvt.o(.text)
    chVTDoResetI                             0x080003f3   Thumb Code   128  chvt.o(.text)
    ch                                       0x20000030   Data         472  chschd.o(.bss)
    stSetAlarm                               0x08001a5b   Thumb Code     8  st.o(.text)
    stStartAlarm                             0x08001a41   Thumb Code    16  st.o(.text)
    stStopAlarm                              0x08001a51   Thumb Code    10  st.o(.text)
    chMtxLockS                               0x08000b23   Thumb Code   204  chmtx.o(.text)
    chMtxUnlockS                             0x08000ca9   Thumb Code    76  chmtx.o(.text)
    chSchGoSleepS                            0x08000fd9   Thumb Code    34  chschd.o(.text)
    chSchGoSleepTimeoutS                     0x0800105f   Thumb Code    98  chschd.o(.text)
    chSchReadyI                              0x08000fbd   Thumb Code    28  chschd.o(.text)
    chSchRescheduleS                         0x08001157   Thumb Code    78  chschd.o(.text)
    chSchWakeupS                             0x080010c1   Thumb Code    90  chschd.o(.text)
    chThdAddRef                              0x0800047d   Thumb Code    20  chdynamic.o(.text)
    chThdRelease                             0x08000491   Thumb Code    86  chdynamic.o(.text)
    chThdCreateFromHeap                      0x080004e7   Thumb Code    62  chdynamic.o(.text)
    chThdCreateFromMemoryPool                0x08000525   Thumb Code    64  chdynamic.o(.text)
    chHeapAlloc                              0x080008df   Thumb Code   136  chheap.o(.text)
    chHeapFree                               0x08000967   Thumb Code   110  chheap.o(.text)
    chPoolAlloc                              0x08000af1   Thumb Code    38  chmempools.o(.text)
    chPoolFree                               0x08000a9b   Thumb Code    20  chmempools.o(.text)
    chThdCreateI                             0x08001489   Thumb Code    72  chthreads.o(.text)
    chEvtRegisterMaskWithFlags               0x08000565   Thumb Code    38  chevents.o(.text)
    chEvtUnregister                          0x0800058b   Thumb Code    42  chevents.o(.text)
    chEvtGetAndClearEvents                   0x080005b5   Thumb Code    32  chevents.o(.text)
    chEvtAddEvents                           0x080005d5   Thumb Code    24  chevents.o(.text)
    chEvtSignalI                             0x080005ed   Thumb Code    40  chevents.o(.text)
    chEvtBroadcastFlagsI                     0x08000615   Thumb Code    86  chevents.o(.text)
    chEvtGetAndClearFlags                    0x0800066b   Thumb Code    20  chevents.o(.text)
    chEvtSignal                              0x0800067f   Thumb Code    58  chevents.o(.text)
    chEvtBroadcastFlags                      0x080006b9   Thumb Code    96  chevents.o(.text)
    chEvtGetAndClearFlagsI                   0x08000719   Thumb Code    10  chevents.o(.text)
    chEvtDispatch                            0x08000723   Thumb Code    50  chevents.o(.text)
    chEvtWaitOne                             0x08000755   Thumb Code    56  chevents.o(.text)
    chEvtWaitAny                             0x0800078d   Thumb Code    46  chevents.o(.text)
    chEvtWaitAll                             0x080007bb   Thumb Code    46  chevents.o(.text)
    chEvtWaitOneTimeout                      0x080007e9   Thumb Code    74  chevents.o(.text)
    chEvtWaitAnyTimeout                      0x08000833   Thumb Code    64  chevents.o(.text)
    chEvtWaitAllTimeout                      0x08000873   Thumb Code    62  chevents.o(.text)
    _heap_init                               0x080008b5   Thumb Code    22  chheap.o(.text)
    chHeapObjectInit                         0x080008cb   Thumb Code    20  chheap.o(.text)
    chHeapStatus                             0x080009d5   Thumb Code    62  chheap.o(.text)
    chCoreAlloc                              0x08000a4b   Thumb Code    40  chmemcore.o(.text)
    chMtxLock                                0x08000bef   Thumb Code    20  chmtx.o(.text)
    chMtxObjectInit                          0x08000b19   Thumb Code    10  chmtx.o(.text)
    chMtxUnlock                              0x08000c4b   Thumb Code    94  chmtx.o(.text)
    _core_init                               0x08000a1d   Thumb Code    20  chmemcore.o(.text)
    chCoreAllocI                             0x08000a31   Thumb Code    26  chmemcore.o(.text)
    chCoreGetStatusX                         0x08000a73   Thumb Code    10  chmemcore.o(.text)
    Image$$RW_IRAM1$$ZI$$Limit               0x20001240   Number         0  anon$$obj.o ABSOLUTE
    Image$$RW_IRAM2$$Base                     - Undefined Reference
    chPoolObjectInit                         0x08000a89   Thumb Code    10  chmempools.o(.text)
    chPoolFreeI                              0x08000a93   Thumb Code     8  chmempools.o(.text)
    chPoolLoadArray                          0x08000aaf   Thumb Code    40  chmempools.o(.text)
    chPoolAllocI                             0x08000ad7   Thumb Code    26  chmempools.o(.text)
    chMtxTryLockS                            0x08000c03   Thumb Code    30  chmtx.o(.text)
    chMtxTryLock                             0x08000c21   Thumb Code    42  chmtx.o(.text)
    chMtxUnlockAll                           0x08000cf5   Thumb Code    72  chmtx.o(.text)
    chIQObjectInit                           0x08000d41   Thumb Code    32  chqueues.o(.text)
    chIQResetI                               0x08000d61   Thumb Code    16  chqueues.o(.text)
    chIQPutI                                 0x08000d71   Thumb Code    56  chqueues.o(.text)
    chIQGetTimeout                           0x08000da9   Thumb Code    84  chqueues.o(.text)
    chIQReadTimeout                          0x08000dfd   Thumb Code   118  chqueues.o(.text)
    chOQObjectInit                           0x08000e73   Thumb Code    26  chqueues.o(.text)
    chOQResetI                               0x08000e8d   Thumb Code    20  chqueues.o(.text)
    chOQPutTimeout                           0x08000ea1   Thumb Code    94  chqueues.o(.text)
    chOQGetI                                 0x08000eff   Thumb Code    54  chqueues.o(.text)
    chOQWriteTimeout                         0x08000f35   Thumb Code   120  chqueues.o(.text)
    chThdDequeueAllI                         0x08001761   Thumb Code    36  chthreads.o(.text)
    chThdDequeueNextI                        0x08001749   Thumb Code    24  chthreads.o(.text)
    chThdEnqueueTimeoutS                     0x0800172b   Thumb Code    30  chthreads.o(.text)
    ch_debug                                 0x08002d14   Data          22  chregistry.o(.constdata)
    _scheduler_init                          0x08000fad   Thumb Code    16  chschd.o(.text)
    chSchDoRescheduleAhead                   0x0800111b   Thumb Code    60  chschd.o(.text)
    chSchDoRescheduleBehind                  0x080011b9   Thumb Code    60  chschd.o(.text)
    chSysInit                                0x0800123b   Thumb Code   142  chsys.o(.text)
    chSysHalt                                0x080012c9   Thumb Code     8  chsys.o(.text)
    chSysIntegrityCheckI                     0x080012d1   Thumb Code   128  chsys.o(.text)
    chSysTimerHandlerI                       0x08001351   Thumb Code   130  chsys.o(.text)
    chSysGetStatusAndLockX                   0x080013d3   Thumb Code    26  chsys.o(.text)
    chSysRestoreStatusX                      0x080013ed   Thumb Code    36  chsys.o(.text)
    chSysIsCounterWithinX                    0x08001411   Thumb Code    14  chsys.o(.text)
    chSysPolledDelayX                        0x0800141f   Thumb Code    18  chsys.o(.text)
    _thread_init                             0x08001459   Thumb Code    48  chthreads.o(.text)
    _tm_init                                 0x080017e3   Thumb Code    18  chtm.o(.text)
    chThdCreateStatic                        0x080014d1   Thumb Code    94  chthreads.o(.text)
    chThdStart                               0x0800152f   Thumb Code    20  chthreads.o(.text)
    chThdSetPriority                         0x08001543   Thumb Code    44  chthreads.o(.text)
    chThdTerminate                           0x0800156f   Thumb Code    22  chthreads.o(.text)
    chThdSleep                               0x08001585   Thumb Code    24  chthreads.o(.text)
    chThdSleepUntil                          0x0800159d   Thumb Code    30  chthreads.o(.text)
    chThdSleepUntilWindowed                  0x080015bb   Thumb Code    42  chthreads.o(.text)
    chThdYield                               0x080015e5   Thumb Code    34  chthreads.o(.text)
    chThdExitS                               0x08001607   Thumb Code    62  chthreads.o(.text)
    chThdWait                                0x08001689   Thumb Code    50  chthreads.o(.text)
    chThdSuspendS                            0x080016bb   Thumb Code    22  chthreads.o(.text)
    chThdSuspendTimeoutS                     0x080016d1   Thumb Code    24  chthreads.o(.text)
    chThdResumeI                             0x080016e9   Thumb Code    20  chthreads.o(.text)
    chThdResumeS                             0x080016fd   Thumb Code    18  chthreads.o(.text)
    chThdResume                              0x0800170f   Thumb Code    28  chthreads.o(.text)
    chTMStopMeasurementX                     0x0800178d   Thumb Code    58  chtm.o(.text)
    chTMStartMeasurementX                    0x080017c7   Thumb Code     8  chtm.o(.text)
    chTMObjectInit                           0x080017cf   Thumb Code    20  chtm.o(.text)
    chTMChainMeasurementToX                  0x080017f5   Thumb Code    54  chtm.o(.text)
    sdInit                                   0x08001875   Thumb Code     4  serial.o(.text)
    sdObjectInit                             0x08001879   Thumb Code    56  serial.o(.text)
    sdStart                                  0x080018b1   Thumb Code    28  serial.o(.text)
    sdStop                                   0x080018cd   Thumb Code    48  serial.o(.text)
    sdIncomingDataI                          0x080018fd   Thumb Code    46  serial.o(.text)
    sdRequestDataI                           0x0800192b   Thumb Code    26  serial.o(.text)
    sd_lld_init                              0x080020eb   Thumb Code    20  serial_lld.o(.text)
    sd_lld_start                             0x080020ff   Thumb Code   112  serial_lld.o(.text)
    sd_lld_stop                              0x0800216f   Thumb Code    42  serial_lld.o(.text)
    gptInit                                  0x08001949   Thumb Code     4  gpt.o(.text)
    gptObjectInit                            0x0800194d   Thumb Code    10  gpt.o(.text)
    gptStart                                 0x08001957   Thumb Code    30  gpt.o(.text)
    gptStop                                  0x08001975   Thumb Code    28  gpt.o(.text)
    gptChangeInterval                        0x08001991   Thumb Code    20  gpt.o(.text)
    gptStartContinuousI                      0x080019a5   Thumb Code     8  gpt.o(.text)
    gptStartContinuous                       0x080019ad   Thumb Code    24  gpt.o(.text)
    gptStartOneShotI                         0x080019c5   Thumb Code     8  gpt.o(.text)
    gptStartOneShot                          0x080019cd   Thumb Code    24  gpt.o(.text)
    gptStopTimerI                            0x080019e5   Thumb Code     8  gpt.o(.text)
    gptStopTimer                             0x080019ed   Thumb Code    24  gpt.o(.text)
    gptPolledDelay                           0x08001a05   Thumb Code    20  gpt.o(.text)
    gpt_lld_init                             0x08001e7f   Thumb Code    30  gpt_lld.o(.text)
    gpt_lld_polled_delay                     0x08001fa3   Thumb Code    34  gpt_lld.o(.text)
    gpt_lld_start                            0x08001e9d   Thumb Code   144  gpt_lld.o(.text)
    gpt_lld_start_timer                      0x08001f75   Thumb Code    46  gpt_lld.o(.text)
    gpt_lld_stop                             0x08001f2d   Thumb Code    72  gpt_lld.o(.text)
    gpt_lld_stop_timer                       0x08001e01   Thumb Code    22  gpt_lld.o(.text)
    halInit                                  0x08001a19   Thumb Code    32  hal.o(.text)
    _pal_lld_init                            0x08001bc5   Thumb Code   354  pal_lld.o(.text)
    hal_lld_init                             0x08001a6d   Thumb Code    94  hal_lld.o(.text)
    stInit                                   0x08001a3d   Thumb Code     4  st.o(.text)
    stGetAlarm                               0x08001a63   Thumb Code     8  st.o(.text)
    st_lld_init                              0x080021e1   Thumb Code    58  st_lld.o(.text)
    _pal_lld_setgroupmode                    0x08001d27   Thumb Code   172  pal_lld.o(.text)
    GPTD3                                    0x20000208   Data          16  gpt_lld.o(.bss)
    GPTD4                                    0x20000218   Data          16  gpt_lld.o(.bss)
    VectorB4                                 0x08001e17   Thumb Code    52  gpt_lld.o(.text)
    VectorB8                                 0x08001e4b   Thumb Code    52  gpt_lld.o(.text)
    nvicDisableVector                        0x08002249   Thumb Code    34  nvic.o(.text)
    nvicEnableVector                         0x08002225   Thumb Code    36  nvic.o(.text)
    SD2                                      0x20000228   Data         120  serial_lld.o(.bss)
    VectorD8                                 0x08001fed   Thumb Code   254  serial_lld.o(.text)
    VectorB0                                 0x080021b9   Thumb Code    40  st_lld.o(.text)
    nvicSetSystemHandlerPriority             0x0800226b   Thumb Code    12  nvic.o(.text)
    nvicClearPending                         0x08002277   Thumb Code    24  nvic.o(.text)
    __ARM_use_no_argv                        0x00000000   Number         0  main.o ABSOLUTE
    VectorA4                                 0x08002449   Thumb Code   118  main.o(.text)
    Vector184                                0x080024bf   Thumb Code     2  main.o(.text)
    main                                     0x080024c1   Thumb Code  1566  main.o(.text)
    ff1                                      0x08002bd9   Thumb Code     2  extfunc.o(.text)
    ff2                                      0x08002bdb   Thumb Code    14  extfunc.o(.text)
    __use_two_region_memory                  0x08002be9   Thumb Code     2  heapauxi.o(.text)
    __rt_heap_escrow$2region                 0x08002beb   Thumb Code     2  heapauxi.o(.text)
    __rt_heap_expand$2region                 0x08002bed   Thumb Code     2  heapauxi.o(.text)
    __main                                   0x080001c1   Thumb Code     8  __main.o(!!!main)
    __rt_entry                               0x08000241   Thumb Code     0  __rtentry.o(.ARM.Collect$$rtentry$$00000000)
    __rt_entry_presh_1                       0x08000241   Thumb Code     0  __rtentry2.o(.ARM.Collect$$rtentry$$00000002)
    __rt_entry_postsh_1                      0x08000245   Thumb Code     0  __rtentry2.o(.ARM.Collect$$rtentry$$00000009)
    __rt_entry_li                            0x08000245   Thumb Code     0  __rtentry2.o(.ARM.Collect$$rtentry$$0000000A)
    __rt_entry_postli_1                      0x08000249   Thumb Code     0  __rtentry2.o(.ARM.Collect$$rtentry$$0000000C)
    __rt_entry_main                          0x08000249   Thumb Code     0  __rtentry2.o(.ARM.Collect$$rtentry$$0000000D)
    __rt_entry_sh                            0x08000241   Thumb Code     0  __rtentry5.o(.ARM.Collect$$rtentry$$00000005)
    exit                                     0x08002bef   Thumb Code    18  exit.o(.text)
    _call_atexit_fns                          - Undefined Weak Reference
    __rt_lib_init                            0x08000235   Thumb Code     0  libinit.o(.ARM.Collect$$libinit$$00000000)
    __rt_exit                                0x08000255   Thumb Code     0  rtexit.o(.ARM.Collect$$rtexit$$00000000)
    __rt_lib_init_fp_1                       0x08000237   Thumb Code     0  libinit2.o(.ARM.Collect$$libinit$$00000001)
    __rt_lib_init_preinit_1                  0x0800023b   Thumb Code     0  libinit2.o(.ARM.Collect$$libinit$$00000004)
    __rt_lib_init_heap_1                     0x0800023b   Thumb Code     0  libinit2.o(.ARM.Collect$$libinit$$0000000A)
    __rt_lib_init_user_alloc_1               0x0800023b   Thumb Code     0  libinit2.o(.ARM.Collect$$libinit$$0000000C)
    __rt_lib_init_rand_1                     0x0800023b   Thumb Code     0  libinit2.o(.ARM.Collect$$libinit$$0000000E)
    __rt_lib_init_lc_collate_1               0x0800023b   Thumb Code     0  libinit2.o(.ARM.Collect$$libinit$$00000011)
    __rt_lib_init_lc_ctype_1                 0x0800023b   Thumb Code     0  libinit2.o(.ARM.Collect$$libinit$$00000013)
    __rt_lib_init_lc_monetary_1              0x0800023b   Thumb Code     0  libinit2.o(.ARM.Collect$$libinit$$00000015)
    __rt_lib_init_lc_numeric_1               0x0800023b   Thumb Code     0  libinit2.o(.ARM.Collect$$libinit$$00000017)
    __rt_lib_init_lc_time_1                  0x0800023b   Thumb Code     0  libinit2.o(.ARM.Collect$$libinit$$00000019)
    __rt_lib_init_atexit_1                   0x0800023b   Thumb Code     0  libinit2.o(.ARM.Collect$$libinit$$0000001B)
    __rt_lib_init_signal_1                   0x0800023b   Thumb Code     0  libinit2.o(.ARM.Collect$$libinit$$0000001D)
    __rt_lib_init_fp_trap_1                  0x0800023b   Thumb Code     0  libinit2.o(.ARM.Collect$$libinit$$0000001F)
    __rt_lib_init_clock_1                    0x0800023b   Thumb Code     0  libinit2.o(.ARM.Collect$$libinit$$00000021)
    __rt_lib_init_getenv_1                   0x0800023b   Thumb Code     0  libinit2.o(.ARM.Collect$$libinit$$00000023)
    __rt_lib_init_stdio_1                    0x0800023b   Thumb Code     0  libinit2.o(.ARM.Collect$$libinit$$00000025)
    __rt_lib_init_argv_1                     0x0800023b   Thumb Code     0  libinit2.o(.ARM.Collect$$libinit$$0000002C)
    __rt_lib_init_alloca_1                   0x0800023b   Thumb Code     0  libinit2.o(.ARM.Collect$$libinit$$0000002E)
    __rt_lib_init_exceptions_1               0x0800023b   Thumb Code     0  libinit2.o(.ARM.Collect$$libinit$$00000030)
    __rt_lib_init_cpp_1                      0x0800023b   Thumb Code     0  libinit2.o(.ARM.Collect$$libinit$$00000032)
    __rt_lib_init_return                     0x0800023b   Thumb Code     0  libinit2.o(.ARM.Collect$$libinit$$00000033)
    __ARM_exceptions_init                     - Undefined Weak Reference
    __alloca_initialize                       - Undefined Weak Reference
    __arm_preinit_                            - Undefined Weak Reference
    __cpp_initialize__aeabi_                  - Undefined Weak Reference
    __rt_locale                               - Undefined Weak Reference
    _atexit_init                              - Undefined Weak Reference
    _clock_init                               - Undefined Weak Reference
    _fp_trap_init                             - Undefined Weak Reference
    _get_lc_collate                           - Undefined Weak Reference
    _get_lc_ctype                             - Undefined Weak Reference
    _get_lc_monetary                          - Undefined Weak Reference
    _get_lc_numeric                           - Undefined Weak Reference
    _get_lc_time                              - Undefined Weak Reference
    _getenv_init                              - Undefined Weak Reference
    _init_alloc                               - Undefined Weak Reference
    _init_user_alloc                          - Undefined Weak Reference
    _initio                                   - Undefined Weak Reference
    _rand_init                                - Undefined Weak Reference
    _signal_init                              - Undefined Weak Reference
    __rt_exit_prels_1                        0x08000257   Thumb Code     0  rtexit2.o(.ARM.Collect$$rtexit$$00000002)
    __rt_exit_ls                             0x08000257   Thumb Code     0  rtexit2.o(.ARM.Collect$$rtexit$$00000003)
    __rt_exit_exit                           0x0800025b   Thumb Code     0  rtexit2.o(.ARM.Collect$$rtexit$$00000004)
    _fp_init                                 0x08002c0f   Thumb Code    10  fpinit.o(x$fpl$fpinit)
    __fplib_config_fpu_vfp                   0x08002c17   Thumb Code     0  fpinit.o(x$fpl$fpinit)
    __fplib_config_pureend_doubles           0x08002c17   Thumb Code     0  fpinit.o(x$fpl$fpinit)
    _sys_exit                                0x08002c01   Thumb Code     8  sys_exit.o(.text)
    _handle_redirection                       - Undefined Weak Reference
    __rt_lib_shutdown                        0x0800023d   Thumb Code     0  libshutdown.o(.ARM.Collect$$libshutdown$$00000000)
    __I$use$semihosting                      0x08002c0d   Thumb Code     0  use_no_semi.o(.text)
    __use_no_semihosting_swi                 0x08002c0d   Thumb Code     2  use_no_semi.o(.text)
    __semihosting_library_function           0x08002c0f   Thumb Code     0  indicate_semi.o(.text)
    __rt_lib_shutdown_cpp_1                  0x0800023f   Thumb Code     0  libshutdown2.o(.ARM.Collect$$libshutdown$$00000002)
    __rt_lib_shutdown_stdio_1                0x0800023f   Thumb Code     0  libshutdown2.o(.ARM.Collect$$libshutdown$$00000004)
    __rt_lib_shutdown_fp_trap_1              0x0800023f   Thumb Code     0  libshutdown2.o(.ARM.Collect$$libshutdown$$00000007)
    __rt_lib_shutdown_signal_1               0x0800023f   Thumb Code     0  libshutdown2.o(.ARM.Collect$$libshutdown$$0000000A)
    __rt_lib_shutdown_user_alloc_1           0x0800023f   Thumb Code     0  libshutdown2.o(.ARM.Collect$$libshutdown$$0000000C)
    __rt_lib_shutdown_heap_1                 0x0800023f   Thumb Code     0  libshutdown2.o(.ARM.Collect$$libshutdown$$0000000F)
    __rt_lib_shutdown_return                 0x0800023f   Thumb Code     0  libshutdown2.o(.ARM.Collect$$libshutdown$$00000010)
    __cxa_finalize                            - Undefined Weak Reference
    _fp_trap_shutdown                         - Undefined Weak Reference
    _signal_finish                            - Undefined Weak Reference
    _terminate_alloc                          - Undefined Weak Reference
    _terminate_user_alloc                     - Undefined Weak Reference
    _terminateio                              - Undefined Weak Reference
    __sigvec_lookup                           - Undefined Weak Reference
    BuildAttributes$$THM_ISAv4$E$P$D$K$B$S$7EM$VFPi3$EXTD16$VFPS$VFMA$PE$A:L22UL41UL21$X:L11$S22US41US21$IEEE1$IW$USESV6$~STKCKD$USESV7$~SHL$OTIME$ROPI$EBA8$UX$STANDARDLIB$REQ8$PRES8$EABIv2 0x00000000   Number         0  anon$$obj.o ABSOLUTE
    __scatterload                            0x080001c9   Thumb Code     0  __scatter.o(!!!scatter)
    __scatterload_rt2                        0x080001c9   Thumb Code    44  __scatter.o(!!!scatter)
    __scatterload_rt2_thumb_only             0x080001c9   Thumb Code     0  __scatter.o(!!!scatter)
    __scatterload_null                       0x080001d7   Thumb Code     0  __scatter.o(!!!scatter)
    Region$$Table$$Base                      0x08002d78   Number         0  anon$$obj.o(Region$$Table)
    Region$$Table$$Limit                     0x08002d98   Number         0  anon$$obj.o(Region$$Table)
    __scatterload_copy                       0x080001fd   Thumb Code    26  __scatter_copy.o(!!handler_copy)
    __scatterload_zeroinit                   0x08000219   Thumb Code    28  __scatter_zi.o(!!handler_zi)



==============================================================================

Memory Map of the image

  Image Entry point : 0x00000000

  Load Region LR_IROM1 (Base: 0x08000000, Size: 0x00002da4, Max: 0x00100000, ABSOLUTE)

    Execution Region ER_IROM1 (Base: 0x08000000, Size: 0x00002d98, Max: 0x00100000, ABSOLUTE)

    Base Addr    Size         Type   Attr      Idx    E Section Name        Object

    0x08000000   0x000001c0   Data   RO          283    RESET               vectors.o
    0x080001c0   0x00000008   Code   RO         1795  * !!!main             c_w.l(__main.o)
    0x080001c8   0x00000034   Code   RO         1957    !!!scatter          c_w.l(__scatter.o)
    0x080001fc   0x0000001a   Code   RO         1959    !!handler_copy      c_w.l(__scatter_copy.o)
    0x08000216   0x00000002   PAD
    0x08000218   0x0000001c   Code   RO         1961    !!handler_zi        c_w.l(__scatter_zi.o)
    0x08000234   0x00000002   Code   RO         1827    .ARM.Collect$$libinit$$00000000  c_w.l(libinit.o)
    0x08000236   0x00000004   Code   RO         1833    .ARM.Collect$$libinit$$00000001  c_w.l(libinit2.o)
    0x0800023a   0x00000000   Code   RO         1836    .ARM.Collect$$libinit$$00000004  c_w.l(libinit2.o)
    0x0800023a   0x00000000   Code   RO         1839    .ARM.Collect$$libinit$$0000000A  c_w.l(libinit2.o)
    0x0800023a   0x00000000   Code   RO         1841    .ARM.Collect$$libinit$$0000000C  c_w.l(libinit2.o)
    0x0800023a   0x00000000   Code   RO         1843    .ARM.Collect$$libinit$$0000000E  c_w.l(libinit2.o)
    0x0800023a   0x00000000   Code   RO         1846    .ARM.Collect$$libinit$$00000011  c_w.l(libinit2.o)
    0x0800023a   0x00000000   Code   RO         1848    .ARM.Collect$$libinit$$00000013  c_w.l(libinit2.o)
    0x0800023a   0x00000000   Code   RO         1850    .ARM.Collect$$libinit$$00000015  c_w.l(libinit2.o)
    0x0800023a   0x00000000   Code   RO         1852    .ARM.Collect$$libinit$$00000017  c_w.l(libinit2.o)
    0x0800023a   0x00000000   Code   RO         1854    .ARM.Collect$$libinit$$00000019  c_w.l(libinit2.o)
    0x0800023a   0x00000000   Code   RO         1856    .ARM.Collect$$libinit$$0000001B  c_w.l(libinit2.o)
    0x0800023a   0x00000000   Code   RO         1858    .ARM.Collect$$libinit$$0000001D  c_w.l(libinit2.o)
    0x0800023a   0x00000000   Code   RO         1860    .ARM.Collect$$libinit$$0000001F  c_w.l(libinit2.o)
    0x0800023a   0x00000000   Code   RO         1862    .ARM.Collect$$libinit$$00000021  c_w.l(libinit2.o)
    0x0800023a   0x00000000   Code   RO         1864    .ARM.Collect$$libinit$$00000023  c_w.l(libinit2.o)
    0x0800023a   0x00000000   Code   RO         1866    .ARM.Collect$$libinit$$00000025  c_w.l(libinit2.o)
    0x0800023a   0x00000000   Code   RO         1870    .ARM.Collect$$libinit$$0000002C  c_w.l(libinit2.o)
    0x0800023a   0x00000000   Code   RO         1872    .ARM.Collect$$libinit$$0000002E  c_w.l(libinit2.o)
    0x0800023a   0x00000000   Code   RO         1874    .ARM.Collect$$libinit$$00000030  c_w.l(libinit2.o)
    0x0800023a   0x00000000   Code   RO         1876    .ARM.Collect$$libinit$$00000032  c_w.l(libinit2.o)
    0x0800023a   0x00000002   Code   RO         1877    .ARM.Collect$$libinit$$00000033  c_w.l(libinit2.o)
    0x0800023c   0x00000002   Code   RO         1897    .ARM.Collect$$libshutdown$$00000000  c_w.l(libshutdown.o)
    0x0800023e   0x00000000   Code   RO         1910    .ARM.Collect$$libshutdown$$00000002  c_w.l(libshutdown2.o)
    0x0800023e   0x00000000   Code   RO         1912    .ARM.Collect$$libshutdown$$00000004  c_w.l(libshutdown2.o)
    0x0800023e   0x00000000   Code   RO         1915    .ARM.Collect$$libshutdown$$00000007  c_w.l(libshutdown2.o)
    0x0800023e   0x00000000   Code   RO         1918    .ARM.Collect$$libshutdown$$0000000A  c_w.l(libshutdown2.o)
    0x0800023e   0x00000000   Code   RO         1920    .ARM.Collect$$libshutdown$$0000000C  c_w.l(libshutdown2.o)
    0x0800023e   0x00000000   Code   RO         1923    .ARM.Collect$$libshutdown$$0000000F  c_w.l(libshutdown2.o)
    0x0800023e   0x00000002   Code   RO         1924    .ARM.Collect$$libshutdown$$00000010  c_w.l(libshutdown2.o)
    0x08000240   0x00000000   Code   RO         1797    .ARM.Collect$$rtentry$$00000000  c_w.l(__rtentry.o)
    0x08000240   0x00000000   Code   RO         1799    .ARM.Collect$$rtentry$$00000002  c_w.l(__rtentry2.o)
    0x08000240   0x00000004   Code   RO         1813    .ARM.Collect$$rtentry$$00000005  c_w.l(__rtentry5.o)
    0x08000244   0x00000000   Code   RO         1801    .ARM.Collect$$rtentry$$00000009  c_w.l(__rtentry2.o)
    0x08000244   0x00000004   Code   RO         1802    .ARM.Collect$$rtentry$$0000000A  c_w.l(__rtentry2.o)
    0x08000248   0x00000000   Code   RO         1804    .ARM.Collect$$rtentry$$0000000C  c_w.l(__rtentry2.o)
    0x08000248   0x00000008   Code   RO         1805    .ARM.Collect$$rtentry$$0000000D  c_w.l(__rtentry2.o)
    0x08000250   0x00000004   Code   RO         1814    .ARM.Collect$$rtentry$$00002716  c_w.l(__rtentry5.o)
    0x08000254   0x00000002   Code   RO         1831    .ARM.Collect$$rtexit$$00000000  c_w.l(rtexit.o)
    0x08000256   0x00000000   Code   RO         1879    .ARM.Collect$$rtexit$$00000002  c_w.l(rtexit2.o)
    0x08000256   0x00000004   Code   RO         1880    .ARM.Collect$$rtexit$$00000003  c_w.l(rtexit2.o)
    0x0800025a   0x00000006   Code   RO         1881    .ARM.Collect$$rtexit$$00000004  c_w.l(rtexit2.o)
    0x08000260   0x00000006   Code   RO            3    .text               board.o
    0x08000266   0x00000002   PAD
    0x08000268   0x00000002   Code   RO          284    .text               vectors.o
    0x0800026a   0x00000002   PAD
    0x0800026c   0x00000050   Code   RO          291    .text               cstartup.o
    0x080002bc   0x00000078   Code   RO          314    .text               chcore_v7m.o
    0x08000334   0x0000002e   Code   RO          335    .text               chcoreasm_v7m.o
    0x08000362   0x00000002   PAD
    0x08000364   0x00000118   Code   RO          341    .text               chvt.o
    0x0800047c   0x000000e8   Code   RO          464    .text               chdynamic.o
    0x08000564   0x00000350   Code   RO          491    .text               chevents.o
    0x080008b4   0x00000168   Code   RO          519    .text               chheap.o
    0x08000a1c   0x0000006c   Code   RO          626    .text               chmemcore.o
    0x08000a88   0x0000008e   Code   RO          650    .text               chmempools.o
    0x08000b16   0x00000002   PAD
    0x08000b18   0x00000228   Code   RO          752    .text               chmtx.o
    0x08000d40   0x0000026c   Code   RO          832    .text               chqueues.o
    0x08000fac   0x0000028c   Code   RO          936    .text               chschd.o
    0x08001238   0x00000220   Code   RO         1110    .text               chsys.o
    0x08001458   0x00000334   Code   RO         1199    .text               chthreads.o
    0x0800178c   0x000000a8   Code   RO         1285    .text               chtm.o
    0x08001834   0x00000114   Code   RO         1365    .text               serial.o
    0x08001948   0x000000d0   Code   RO         1418    .text               gpt.o
    0x08001a18   0x00000024   Code   RO         1447    .text               hal.o
    0x08001a3c   0x0000002e   Code   RO         1467    .text               st.o
    0x08001a6a   0x00000002   PAD
    0x08001a6c   0x00000158   Code   RO         1493    .text               hal_lld.o
    0x08001bc4   0x0000023c   Code   RO         1519    .text               pal_lld.o
    0x08001e00   0x000001e0   Code   RO         1539    .text               gpt_lld.o
    0x08001fe0   0x000001d8   Code   RO         1570    .text               serial_lld.o
    0x080021b8   0x0000006c   Code   RO         1606    .text               st_lld.o
    0x08002224   0x0000006a   Code   RO         1626    .text               nvic.o
    0x0800228e   0x00000002   PAD
    0x08002290   0x00000948   Code   RO         1647    .text               main.o
    0x08002bd8   0x00000010   Code   RO         1782    .text               extfunc.o
    0x08002be8   0x00000006   Code   RO         1793    .text               c_w.l(heapauxi.o)
    0x08002bee   0x00000012   Code   RO         1820    .text               c_w.l(exit.o)
    0x08002c00   0x0000000c   Code   RO         1889    .text               c_w.l(sys_exit.o)
    0x08002c0c   0x00000002   Code   RO         1900    .text               c_w.l(use_no_semi.o)
    0x08002c0e   0x00000000   Code   RO         1902    .text               c_w.l(indicate_semi.o)
    0x08002c0e   0x0000000a   Code   RO         1887    x$fpl$fpinit        fz_wm.l(fpinit.o)
    0x08002c18   0x000000fc   Data   RO            4    .constdata          board.o
    0x08002d14   0x00000016   Data   RO          909    .constdata          chregistry.o
    0x08002d2a   0x00000002   PAD
    0x08002d2c   0x00000020   Data   RO         1366    .constdata          serial.o
    0x08002d4c   0x0000000c   Data   RO         1572    .constdata          serial_lld.o
    0x08002d58   0x00000020   Data   RO         1649    .constdata          main.o
    0x08002d78   0x00000020   Data   RO         1955    Region$$Table       anon$$obj.o


    Execution Region RW_IRAM1 (Base: 0x20000000, Size: 0x00001240, Max: 0x00020000, ABSOLUTE)

    Base Addr    Size         Type   Attr      Idx    E Section Name        Object

    0x20000000   0x00000008   Data   RW          628    .data               chmemcore.o
    0x20000008   0x00000001   Data   RW         1650    .data               main.o
    0x20000009   0x00000007   PAD
    0x20000010   0x00000020   Zero   RW          520    .bss                chheap.o
    0x20000030   0x000001d8   Zero   RW          937    .bss                chschd.o
    0x20000208   0x00000020   Zero   RW         1540    .bss                gpt_lld.o
    0x20000228   0x00000078   Zero   RW         1571    .bss                serial_lld.o
    0x200002a0   0x000003a0   Zero   RW         1648    .bss                main.o
    0x20000640   0x00000400   Zero   RW          289    CSTACK              cstartup.o
    0x20000a40   0x00000400   Zero   RW          290    HEAP                cstartup.o
    0x20000e40   0x00000400   Zero   RW          288    MSTACK              cstartup.o

