Component: ARM Compiler 5.06 update 6 (build 750) Tool: armlink [4d35ed]

==============================================================================

Section Cross References

    board.o(i.__early_init) refers to hal_lld.o(i.stm32_clock_init) for stm32_clock_init
    cstartup.o(MSTACK) refers (Special) to heapauxi.o(.text) for __use_two_region_memory
    cstartup.o(CSTACK) refers (Special) to heapauxi.o(.text) for __use_two_region_memory
    cstartup.o(HEAP) refers (Special) to heapauxi.o(.text) for __use_two_region_memory
    cstartup.o(.text) refers (Special) to heapauxi.o(.text) for __use_two_region_memory
    cstartup.o(.text) refers to board.o(i.__early_init) for __early_init
    cstartup.o(.text) refers to cstartup.o(CSTACK) for __initial_sp
    cstartup.o(.text) refers to __main.o(!!!main) for __main
    cstartup.o(.text) refers to cstartup.o(HEAP) for Heap_Mem
    vectors.o(RESET) refers to cstartup.o(MSTACK) for __initial_msp
    vectors.o(RESET) refers to cstartup.o(.text) for Reset_Handler
    vectors.o(RESET) refers to vectors.o(.text) for NMI_Handler
    vectors.o(RESET) refers to chcore_v7m.o(i.SVC_Handler) for SVC_Handler
    vectors.o(RESET) refers to st_lld.o(i.SysTick_Handler) for SysTick_Handler
    vectors.o(RESET) refers to stm32_dma.o(i.Vector6C) for Vector6C
    vectors.o(RESET) refers to stm32_dma.o(i.Vector70) for Vector70
    vectors.o(RESET) refers to stm32_dma.o(i.Vector74) for Vector74
    vectors.o(RESET) refers to stm32_dma.o(i.Vector78) for Vector78
    vectors.o(RESET) refers to stm32_dma.o(i.Vector7C) for Vector7C
    vectors.o(RESET) refers to stm32_dma.o(i.Vector80) for Vector80
    vectors.o(RESET) refers to stm32_dma.o(i.Vector84) for Vector84
    vectors.o(RESET) refers to irq_handlers.o(i.Vector88) for Vector88
    vectors.o(RESET) refers to can_lld.o(i.Vector8C) for Vector8C
    vectors.o(RESET) refers to can_lld.o(i.Vector90) for Vector90
    vectors.o(RESET) refers to can_lld.o(i.Vector94) for Vector94
    vectors.o(RESET) refers to can_lld.o(i.Vector98) for Vector98
    vectors.o(RESET) refers to icu_lld.o(i.VectorB4) for VectorB4
    vectors.o(RESET) refers to irq_handlers.o(i.VectorB8) for VectorB8
    vectors.o(RESET) refers to i2c_lld.o(i.VectorC4) for VectorC4
    vectors.o(RESET) refers to i2c_lld.o(i.VectorC8) for VectorC8
    vectors.o(RESET) refers to uart_lld.o(i.VectorDC) for VectorDC
    vectors.o(RESET) refers to irq_handlers.o(i.VectorE0) for VectorE0
    vectors.o(RESET) refers to stm32_dma.o(i.VectorFC) for VectorFC
    vectors.o(RESET) refers to stm32_dma.o(i.Vector120) for Vector120
    vectors.o(RESET) refers to stm32_dma.o(i.Vector124) for Vector124
    vectors.o(RESET) refers to stm32_dma.o(i.Vector128) for Vector128
    vectors.o(RESET) refers to stm32_dma.o(i.Vector12C) for Vector12C
    vectors.o(RESET) refers to stm32_dma.o(i.Vector130) for Vector130
    vectors.o(RESET) refers to usb_lld.o(i.Vector14C) for Vector14C
    vectors.o(RESET) refers to stm32_dma.o(i.Vector150) for Vector150
    vectors.o(RESET) refers to stm32_dma.o(i.Vector154) for Vector154
    vectors.o(RESET) refers to stm32_dma.o(i.Vector158) for Vector158
    vectors.o(RESET) refers to uart_lld.o(i.Vector15C) for Vector15C
    chcore_v7m.o(i._port_irq_epilogue) refers to chschd.o(i.chSchIsPreemptionRequired) for chSchIsPreemptionRequired
    chcore_v7m.o(i._port_irq_epilogue) refers to chcoreasm_v7m.o(.text) for _port_switch_from_isr
    chcoreasm_v7m.o(.text) refers to chthreads.o(i.chThdExit) for chThdExit
    chcoreasm_v7m.o(.text) refers to chschd.o(i.chSchDoReschedule) for chSchDoReschedule
    chcond.o(i.chCondBroadcast) refers to chcond.o(i.chCondBroadcastI) for chCondBroadcastI
    chcond.o(i.chCondBroadcast) refers to chschd.o(i.chSchRescheduleS) for chSchRescheduleS
    chcond.o(i.chCondBroadcastI) refers to chcond.o(i.queue_fifo_remove) for queue_fifo_remove
    chcond.o(i.chCondBroadcastI) refers to chschd.o(i.chSchReadyI) for chSchReadyI
    chcond.o(i.chCondBroadcastI) refers to chcond.o(i.queue_notempty) for queue_notempty
    chcond.o(i.chCondSignal) refers to chcond.o(i.queue_notempty) for queue_notempty
    chcond.o(i.chCondSignal) refers to chcond.o(i.queue_fifo_remove) for queue_fifo_remove
    chcond.o(i.chCondSignal) refers to chschd.o(i.chSchWakeupS) for chSchWakeupS
    chcond.o(i.chCondSignalI) refers to chcond.o(i.queue_notempty) for queue_notempty
    chcond.o(i.chCondSignalI) refers to chcond.o(i.queue_fifo_remove) for queue_fifo_remove
    chcond.o(i.chCondSignalI) refers to chschd.o(i.chSchReadyI) for chSchReadyI
    chcond.o(i.chCondWait) refers to chcond.o(i.chCondWaitS) for chCondWaitS
    chcond.o(i.chCondWaitS) refers to chmtx.o(i.chMtxUnlockS) for chMtxUnlockS
    chcond.o(i.chCondWaitS) refers to chcond.o(i.queue_prio_insert) for queue_prio_insert
    chcond.o(i.chCondWaitS) refers to chschd.o(i.chSchGoSleepS) for chSchGoSleepS
    chcond.o(i.chCondWaitS) refers to chmtx.o(i.chMtxLockS) for chMtxLockS
[...]
    0x08006660   0x08006660   0x0000007c   Code   RO         9093    i.app_ppm_configure  app_ppm.o
    0x080066dc   0x080066dc   0x0000003c   Code   RO         9094    i.app_ppm_start     app_ppm.o
    0x08006718   0x08006718   0x0000003c   Code   RO         8901    i.app_set_configuration  app.o
    0x08006754   0x08006754   0x00000020   Code   RO         9177    i.app_uartcomm_configure  app_uartcomm.o
    0x08006774   0x08006774   0x00000068   Code   RO         9178    i.app_uartcomm_start  app_uartcomm.o
    0x080067dc   0x080067dc   0x00000002   Code   RO            4    i.boardInit         board.o
    0x080067de   0x080067de   0x00000014   Code   RO         6324    i.buffer_append_float16  buffer.o
    0x080067f2   0x080067f2   0x00000012   Code   RO         6325    i.buffer_append_float32  buffer.o
    0x08006804   0x08006804   0x00000016   Code   RO         6326    i.buffer_append_int16  buffer.o
    0x0800681a   0x0800681a   0x0000002a   Code   RO         6327    i.buffer_append_int32  buffer.o
    0x08006844   0x08006844   0x00000016   Code   RO         6328    i.buffer_append_uint16  buffer.o
    0x0800685a   0x0800685a   0x0000002a   Code   RO         6329    i.buffer_append_uint32  buffer.o
    0x08006884   0x08006884   0x00000018   Code   RO         6331    i.buffer_get_float32  buffer.o
    0x0800689c   0x0800689c   0x00000010   Code   RO         6332    i.buffer_get_int16  buffer.o
    0x080068ac   0x080068ac   0x00000018   Code   RO         6333    i.buffer_get_int32  buffer.o
    0x080068c4   0x080068c4   0x0000000e   Code   RO         6334    i.buffer_get_uint16  buffer.o
    0x080068d2   0x080068d2   0x00000018   Code   RO         6335    i.buffer_get_uint32  buffer.o
    0x080068ea   0x080068ea   0x00000004   Code   RO         2263    i.canInit           can.o
    0x080068ee   0x080068ee   0x0000002c   Code   RO         2264    i.canObjectInit     can.o
    0x0800691a   0x0800691a   0x00000050   Code   RO         2265    i.canReceive        can.o
    0x0800696a   0x0800696a   0x00000022   Code   RO         2267    i.canStart          can.o
    0x0800698c   0x0800698c   0x00000050   Code   RO         2269    i.canTransmit       can.o
    0x080069dc   0x080069dc   0x00000024   Code   RO         3664    i.can_lld_init      can_lld.o
    0x08006a00   0x08006a00   0x0000002a   Code   RO         3665    i.can_lld_is_rx_nonempty  can_lld.o
    0x08006a2a   0x08006a2a   0x0000003e   Code   RO         3666    i.can_lld_is_tx_empty  can_lld.o
    0x08006a68   0x08006a68   0x000000a6   Code   RO         3667    i.can_lld_receive   can_lld.o
    0x08006b0e   0x08006b0e   0x00000070   Code   RO         3668    i.can_lld_sce_handler  can_lld.o
    0x08006b7e   0x08006b7e   0x00000002   PAD
    0x08006b80   0x08006b80   0x0000013c   Code   RO         3669    i.can_lld_set_filters  can_lld.o
    0x08006cbc   0x08006cbc   0x00000070   Code   RO         3671    i.can_lld_start     can_lld.o
    0x08006d2c   0x08006d2c   0x00000074   Code   RO         3673    i.can_lld_transmit  can_lld.o
    0x08006da0   0x08006da0   0x000002d4   Code   RO         6405    i.cancom_process_thread  comm_can.o
    0x08007074   0x08007074   0x000000a8   Code   RO         6406    i.cancom_read_thread  comm_can.o
    0x0800711c   0x0800711c   0x000000c4   Code   RO         6407    i.cancom_status_thread  comm_can.o
    0x080071e0   0x080071e0   0x00000014   Code   RO          982    i.chCoreAlloc       chmemcore.o
    0x080071f4   0x080071f4   0x00000020   Code   RO          983    i.chCoreAllocI      chmemcore.o
    0x08007214   0x08007214   0x0000000c   Code   RO          984    i.chCoreGetStatusX  chmemcore.o
    0x08007220   0x08007220   0x00000028   Code   RO          670    i.chEvtBroadcastFlagsI  chevents.o
    0x08007248   0x08007248   0x00000028   Code   RO          675    i.chEvtRegisterMaskWithFlags  chevents.o
    0x08007270   0x08007270   0x00000018   Code   RO          676    i.chEvtSignal       chevents.o
    0x08007288   0x08007288   0x00000026   Code   RO          677    i.chEvtSignalI      chevents.o
    0x080072ae   0x080072ae   0x00000024   Code   RO          678    i.chEvtUnregister   chevents.o
    0x080072d2   0x080072d2   0x00000002   PAD
    0x080072d4   0x080072d4   0x00000034   Code   RO          681    i.chEvtWaitAny      chevents.o
    0x08007308   0x08007308   0x00000044   Code   RO          682    i.chEvtWaitAnyTimeout  chevents.o
    0x0800734c   0x0800734c   0x0000006c   Code   RO          793    i.chHeapFree        chheap.o
    0x080073b8   0x080073b8   0x00000040   Code   RO          795    i.chHeapStatus      chheap.o
    0x080073f8   0x080073f8   0x00000050   Code   RO         1296    i.chIQGetTimeout    chqueues.o
    0x08007448   0x08007448   0x0000000c   Code   RO         1297    i.chIQIsEmptyI      chqueues.o
    0x08007454   0x08007454   0x0000001c   Code   RO         1298    i.chIQObjectInit    chqueues.o
    0x08007470   0x08007470   0x00000076   Code   RO         1300    i.chIQReadTimeout   chqueues.o
    0x080074e6   0x080074e6   0x00000010   Code   RO         1301    i.chIQResetI        chqueues.o
    0x080074f6   0x080074f6   0x00000014   Code   RO         1161    i.chMtxLock         chmtx.o
    0x0800750a   0x0800750a   0x00000002   PAD
    0x0800750c   0x0800750c   0x00000074   Code   RO         1162    i.chMtxLockS        chmtx.o
    0x08007580   0x08007580   0x0000000a   Code   RO         1163    i.chMtxObjectInit   chmtx.o
    0x0800758a   0x0800758a   0x0000000e   Code   RO         1164    i.chMtxQueueNotEmptyS  chmtx.o
    0x08007598   0x08007598   0x00000068   Code   RO         1167    i.chMtxUnlock       chmtx.o
    0x08007600   0x08007600   0x0000000c   Code   RO         1303    i.chOQIsFullI       chqueues.o
    0x0800760c   0x0800760c   0x0000001a   Code   RO         1304    i.chOQObjectInit    chqueues.o
    0x08007626   0x08007626   0x0000005c   Code   RO         1305    i.chOQPutTimeout    chqueues.o
    0x08007682   0x08007682   0x00000014   Code   RO         1306    i.chOQResetI        chqueues.o
    0x08007696   0x08007696   0x00000076   Code   RO         1307    i.chOQWriteTimeout  chqueues.o
    0x0800770c   0x0800770c   0x00000014   Code   RO         1025    i.chPoolFree        chmempools.o
    0x08007720   0x08007720   0x0000001c   Code   RO         1430    i.chRegFirstThread  chregistry.o
    0x0800773c   0x0800773c   0x0000002c   Code   RO         1431    i.chRegNextThread   chregistry.o
    0x08007768   0x08007768   0x00000014   Code   RO         1465    i.chSchDoReschedule  chschd.o
    0x0800777c   0x0800777c   0x0000003c   Code   RO         1466    i.chSchDoRescheduleAhead  chschd.o
    0x080077b8   0x080077b8   0x0000002c   Code   RO         1467    i.chSchDoRescheduleBehind  chschd.o
    0x080077e4   0x080077e4   0x00000028   Code   RO         1468    i.chSchGoSleepS     chschd.o
    0x0800780c   0x0800780c   0x00000040   Code   RO         1469    i.chSchGoSleepTimeoutS  chschd.o
    0x0800784c   0x0800784c   0x00000024   Code   RO         1470    i.chSchIsPreemptionRequired  chschd.o
    0x08007870   0x08007870   0x00000020   Code   RO         1471    i.chSchReadyI       chschd.o
    0x08007890   0x08007890   0x00000018   Code   RO         1472    i.chSchRescheduleS  chschd.o
    0x080078a8   0x080078a8   0x00000038   Code   RO         1473    i.chSchWakeupS      chschd.o
    0x080078e0   0x080078e0   0x0000000c   Code   RO         1761    i.chSysHalt         chsys.o
    0x080078ec   0x080078ec   0x000000ac   Code   RO         1762    i.chSysInit         chsys.o
    0x08007998   0x08007998   0x00000010   Code   RO         1764    i.chSysIsCounterWithinX  chsys.o
    0x080079a8   0x080079a8   0x0000001c   Code   RO         1765    i.chSysPolledDelayX  chsys.o
    0x080079c4   0x080079c4   0x00000058   Code   RO         1767    i.chSysTimerHandlerI  chsys.o
    0x08007a1c   0x08007a1c   0x00000014   Code   RO         2106    i.chTMObjectInit    chtm.o
    0x08007a30   0x08007a30   0x00000014   Code   RO         2108    i.chTMStopMeasurementX  chtm.o
    0x08007a44   0x08007a44   0x00000024   Code   RO         1897    i.chThdCreateI      chthreads.o
    0x08007a68   0x08007a68   0x00000022   Code   RO         1898    i.chThdCreateStatic  chthreads.o
    0x08007a8a   0x08007a8a   0x0000001c   Code   RO         1899    i.chThdDequeueAllI  chthreads.o
    0x08007aa6   0x08007aa6   0x00000010   Code   RO         1901    i.chThdDoDequeueNextI  chthreads.o
    0x08007ab6   0x08007ab6   0x00000002   PAD
    0x08007ab8   0x08007ab8   0x00000020   Code   RO         1902    i.chThdEnqueueTimeoutS  chthreads.o
    0x08007ad8   0x08007ad8   0x0000000a   Code   RO         1903    i.chThdExit         chthreads.o
    0x08007ae2   0x08007ae2   0x00000002   PAD
    0x08007ae4   0x08007ae4   0x0000003c   Code   RO         1904    i.chThdExitS        chthreads.o
    0x08007b20   0x08007b20   0x00000056   Code   RO          582    i.chThdRelease      chdynamic.o
    0x08007b76   0x08007b76   0x00000014   Code   RO         1906    i.chThdResumeI      chthreads.o
    0x08007b8a   0x08007b8a   0x00000018   Code   RO         1909    i.chThdSleep        chthreads.o
    0x08007ba2   0x08007ba2   0x00000002   PAD
    0x08007ba4   0x08007ba4   0x0000001c   Code   RO         1913    i.chThdSuspendS     chthreads.o
    0x08007bc0   0x08007bc0   0x0000001c   Code   RO         1914    i.chThdSuspendTimeoutS  chthreads.o
    0x08007bdc   0x08007bdc   0x00000028   Code   RO         2205    i.chVTDoResetI      chvt.o
    0x08007c04   0x08007c04   0x00000034   Code   RO         2206    i.chVTDoSetI        chvt.o
    0x08007c38   0x08007c38   0x00000024   Code   RO         9095    i.chVTSetI          app_ppm.o
    0x08007c5c   0x08007c5c   0x0000000c   Code   RO         8949    i.chVTTimeElapsedSinceX  app_adc.o
    0x08007c68   0x08007c68   0x0000000c   Code   RO         9030    i.chVTTimeElapsedSinceX  app_nunchuk.o
    0x08007c74   0x08007c74   0x0000000c   Code   RO         9096    i.chVTTimeElapsedSinceX  app_ppm.o
    0x08007c80   0x08007c80   0x00000190   Code   RO         9031    i.chuk_thread       app_nunchuk.o
    0x08007e10   0x08007e10   0x00000018   Code   RO         6409    i.comm_can_get_status_msg_index  comm_can.o
    0x08007e28   0x08007e28   0x000000a8   Code   RO         6410    i.comm_can_init     comm_can.o
    0x08007ed0   0x08007ed0   0x000000ec   Code   RO         6411    i.comm_can_send_buffer  comm_can.o
    0x08007fbc   0x08007fbc   0x00000044   Code   RO         6412    i.comm_can_set_current  comm_can.o
    0x08008000   0x08008000   0x00000044   Code   RO         6413    i.comm_can_set_current_brake  comm_can.o
    0x08008044   0x08008044   0x00000040   Code   RO         6414    i.comm_can_set_duty  comm_can.o
    0x08008084   0x08008084   0x00000040   Code   RO         6417    i.comm_can_transmit  comm_can.o
    0x080080c4   0x080080c4   0x00000058   Code   RO         6589    i.comm_usb_init     comm_usb.o
    0x0800811c   0x0800811c   0x00000048   Code   RO         6654    i.comm_usb_serial_init  comm_usb_serial.o
    0x08008164   0x08008164   0x0000000c   Code   RO         6706    i.commands_get_disp_pos_mode  commands.o
    0x08008170   0x08008170   0x00000020   Code   RO         6707    i.commands_init     commands.o
    0x08008190   0x08008190   0x00000038   Code   RO         6708    i.commands_printf   commands.o
    0x080081c8   0x080081c8   0x00002e58   Code   RO         6709    i.commands_process_packet  commands.o
    0x0800b020   0x0800b020   0x00000010   Code   RO         6712    i.commands_send_packet  commands.o
    0x0800b030   0x0800b030   0x00000040   Code   RO         6713    i.commands_send_rotor_pos  commands.o
    0x0800b070   0x0800b070   0x00000034   Code   RO         6714    i.commands_send_samples  commands.o
    0x0800b0a4   0x0800b0a4   0x0000000c   Code   RO         6716    i.commands_set_send_func  commands.o
    0x0800b0b0   0x0800b0b0   0x000000c4   Code   RO         7782    i.commutate         mcpwm.o
    0x0800b174   0x0800b174   0x000004b4   Code   RO         6843    i.conf_general_detect_motor_param  conf_general.o
    0x0800b628   0x0800b628   0x00000134   Code   RO         6844    i.conf_general_get_default_app_configuration  conf_general.o
    0x0800b75c   0x0800b75c   0x000002cc   Code   RO         6845    i.conf_general_get_default_mc_configuration  conf_general.o
    0x0800ba28   0x0800ba28   0x00000050   Code   RO         6846    i.conf_general_init  conf_general.o
    0x0800ba78   0x0800ba78   0x00000514   Code   RO         6847    i.conf_general_measure_flux_linkage  conf_general.o
    0x0800bf8c   0x0800bf8c   0x0000003a   Code   RO         6848    i.conf_general_read_app_configuration  conf_general.o
    0x0800bfc6   0x0800bfc6   0x00000002   PAD
    0x0800bfc8   0x0800bfc8   0x0000003a   Code   RO         6849    i.conf_general_read_mc_configuration  conf_general.o
    0x0800c002   0x0800c002   0x00000060   Code   RO         6850    i.conf_general_store_app_configuration  conf_general.o
    0x0800c062   0x0800c062   0x00000060   Code   RO         6851    i.conf_general_store_mc_configuration  conf_general.o
    0x0800c0c2   0x0800c0c2   0x00000002   PAD
    0x0800c0c4   0x0800c0c4   0x0000052c   Code   RO         8163    i.control_current   mcpwm_foc.o
    0x0800c5f0   0x0800c5f0   0x0000008c   Code   RO         8164    i.correct_encoder   mcpwm_foc.o
    0x0800c67c   0x0800c67c   0x00000234   Code   RO         8165    i.correct_hall      mcpwm_foc.o
    0x0800c8b0   0x0800c8b0   0x0000002c   Code   RO         6921    i.crc16             crc.o
    0x0800c8dc   0x0800c8dc   0x000001ec   Code   RO         3159    i.default_handler   usb.o
    0x0800cac8   0x0800cac8   0x000000c8   Code   RO         6717    i.detect_thread     commands.o
    0x0800cb90   0x0800cb90   0x0000004c   Code   RO         4218    i.dmaInit           stm32_dma.o
    0x0800cbdc   0x0800cbdc   0x00000094   Code   RO         4219    i.dmaStreamAllocate  stm32_dma.o
    0x0800cc70   0x0800cc70   0x00000040   Code   RO         4220    i.dmaStreamRelease  stm32_dma.o
    0x0800ccb0   0x0800ccb0   0x00000060   Code   RO         7783    i.do_dc_cal         mcpwm.o
    0x0800cd10   0x0800cd10   0x0000005c   Code   RO         8166    i.do_dc_cal         mcpwm_foc.o
    0x0800cd6c   0x0800cd6c   0x00000070   Code   RO         7056    i.encoder_deinit    encoder.o
    0x0800cddc   0x0800cddc   0x0000000c   Code   RO         7057    i.encoder_index_found  encoder.o
    0x0800cde8   0x0800cde8   0x00000094   Code   RO         7058    i.encoder_init_abi  encoder.o
    0x0800ce7c   0x0800ce7c   0x00000084   Code   RO         7059    i.encoder_init_as5047p_spi  encoder.o
    0x0800cf00   0x0800cf00   0x00000010   Code   RO         7060    i.encoder_is_configured  encoder.o
    0x0800cf10   0x0800cf10   0x0000007c   Code   RO         7061    i.encoder_read_deg  encoder.o
    0x0800cf8c   0x0800cf8c   0x00000018   Code   RO         7062    i.encoder_reset     encoder.o
    0x0800cfa4   0x0800cfa4   0x00000024   Code   RO         7063    i.encoder_set_counts  encoder.o
    0x0800cfc8   0x0800cfc8   0x00000060   Code   RO         7064    i.encoder_tim_isr   encoder.o
    0x0800d028   0x0800d028   0x00000006   Code   RO         7463    i.fabsf             mc_interface.o
    0x0800d02e   0x0800d02e   0x00000006   Code   RO         7784    i.fabsf             mcpwm.o
    0x0800d034   0x0800d034   0x00000006   Code   RO         8167    i.fabsf             mcpwm_foc.o
    0x0800d03a   0x0800d03a   0x00000006   Code   RO         8950    i.fabsf             app_adc.o
    0x0800d040   0x0800d040   0x00000006   Code   RO         9032    i.fabsf             app_nunchuk.o
    0x0800d046   0x0800d046   0x00000006   Code   RO         9097    i.fabsf             app_ppm.o
    0x0800d04c   0x0800d04c   0x0000001e   Code   RO         6936    i.filter_add_sample  digital_filter.o
    0x0800d06a   0x0800d06a   0x00000002   PAD
    0x0800d06c   0x0800d06c   0x000000b8   Code   RO         6937    i.filter_create_fir_lowpass  digital_filter.o
    0x0800d124   0x0800d124   0x000001f8   Code   RO         6939    i.filter_fft        digital_filter.o
    0x0800d31c   0x0800d31c   0x00000032   Code   RO         6940    i.filter_fftshift   digital_filter.o
    0x0800d34e   0x0800d34e   0x00000002   PAD
    0x0800d350   0x0800d350   0x0000015c   Code   RO         6941    i.filter_hamming    digital_filter.o
    0x0800d4ac   0x0800d4ac   0x0000003c   Code   RO         6942    i.filter_run_fir_iteration  digital_filter.o
    0x0800d4e8   0x0800d4e8   0x00000070   Code   RO         7142    i.flash_helper_erase_new_app  flash_helper.o
    0x0800d558   0x0800d558   0x0000002c   Code   RO         7143    i.flash_helper_get_sector_address  flash_helper.o
    0x0800d584   0x0800d584   0x00000084   Code   RO         7144    i.flash_helper_jump_to_bootloader  flash_helper.o
    0x0800d608   0x0800d608   0x0000005c   Code   RO         7145    i.flash_helper_write_new_app_data  flash_helper.o
    0x0800d664   0x0800d664   0x00000004   PAD
    0x0800d668   0x0800d668   0x0000008c   Code   RO        10330    i.frexp             m_wm.l(frexp.o)
    0x0800d6f4   0x0800d6f4   0x0000007c   Code   RO         7785    i.full_brake_hw     mcpwm.o
    0x0800d770   0x0800d770   0x00000014   Code   RO         7786    i.full_brake_ll     mcpwm.o
    0x0800d784   0x0800d784   0x0000000a   Code   RO         2711    i.get               serial_usb.o
    0x0800d78e   0x0800d78e   0x00000002   PAD
    0x0800d790   0x0800d790   0x00000030   Code   RO         6656    i.get_descriptor    comm_usb_serial.o
    0x0800d7c0   0x0800d7c0   0x0000000a   Code   RO         3160    i.get_hword         usb.o
    0x0800d7ca   0x0800d7ca   0x00000006   Code   RO         2712    i.gett              serial_usb.o
    0x0800d7d0   0x0800d7d0   0x00000038   Code   RO         2397    i.halInit           hal.o
    0x0800d808   0x0800d808   0x0000006c   Code   RO         3786    i.hal_lld_init      hal_lld.o
    0x0800d874   0x0800d874   0x00000150   Code   RO         6153    i.hw_init_gpio      hw_410.o
    0x0800d9c4   0x0800d9c4   0x000000d8   Code   RO         6154    i.hw_setup_adc_channels  hw_410.o
    0x0800da9c   0x0800da9c   0x00000050   Code   RO         6156    i.hw_start_i2c      hw_410.o
    0x0800daec   0x0800daec   0x00000048   Code   RO         6157    i.hw_stop_i2c       hw_410.o
    0x0800db34   0x0800db34   0x000000c4   Code   RO         6158    i.hw_try_restore_i2c  hw_410.o
    0x0800dbf8   0x0800dbf8   0x00000006   Code   RO         2448    i.i2cAcquireBus     i2c.o
    0x0800dbfe   0x0800dbfe   0x00000004   Code   RO         2450    i.i2cInit           i2c.o
    0x0800dc02   0x0800dc02   0x0000002e   Code   RO         2451    i.i2cMasterReceiveTimeout  i2c.o
    0x0800dc30   0x0800dc30   0x00000038   Code   RO         2452    i.i2cMasterTransmitTimeout  i2c.o
    0x0800dc68   0x0800dc68   0x00000010   Code   RO         2453    i.i2cObjectInit     i2c.o
    0x0800dc78   0x0800dc78   0x00000006   Code   RO         2454    i.i2cReleaseBus     i2c.o
    0x0800dc7e   0x0800dc7e   0x0000001e   Code   RO         2455    i.i2cStart          i2c.o
    0x0800dc9c   0x0800dc9c   0x0000001c   Code   RO         2456    i.i2cStop           i2c.o
    0x0800dcb8   0x0800dcb8   0x00000052   Code   RO         3555    i.i2c_lld_abort_operation  i2c_lld.o
    0x0800dd0a   0x0800dd0a   0x00000002   PAD
    0x0800dd0c   0x0800dd0c   0x00000028   Code   RO         3556    i.i2c_lld_init      i2c_lld.o
    0x0800dd34   0x0800dd34   0x00000090   Code   RO         3557    i.i2c_lld_master_receive_timeout  i2c_lld.o
    0x0800ddc4   0x0800ddc4   0x000000b0   Code   RO         3558    i.i2c_lld_master_transmit_timeout  i2c_lld.o
    0x0800de74   0x0800de74   0x000000c4   Code   RO         3559    i.i2c_lld_serve_error_interrupt  i2c_lld.o
    0x0800df38   0x0800df38   0x000000ec   Code   RO         3560    i.i2c_lld_serve_event_interrupt  i2c_lld.o
    0x0800e024   0x0800e024   0x00000070   Code   RO         3561    i.i2c_lld_serve_rx_end_irq  i2c_lld.o
    0x0800e094   0x0800e094   0x00000048   Code   RO         3562    i.i2c_lld_serve_tx_end_irq  i2c_lld.o
    0x0800e0dc   0x0800e0dc   0x00000084   Code   RO         3563    i.i2c_lld_set_clock  i2c_lld.o
    0x0800e160   0x0800e160   0x000000e0   Code   RO         3564    i.i2c_lld_start     i2c_lld.o
    0x0800e240   0x0800e240   0x00000044   Code   RO         3565    i.i2c_lld_stop      i2c_lld.o
    0x0800e284   0x0800e284   0x00000014   Code   RO         2570    i.icuEnableNotifications  icu.o
    0x0800e298   0x0800e298   0x00000004   Code   RO         2571    i.icuInit           icu.o
    0x0800e29c   0x0800e29c   0x0000000a   Code   RO         2572    i.icuObjectInit     icu.o
    0x0800e2a6   0x0800e2a6   0x0000001e   Code   RO         2573    i.icuStart          icu.o
    0x0800e2c4   0x0800e2c4   0x0000001c   Code   RO         2574    i.icuStartCapture   icu.o
    0x0800e2e0   0x0800e2e0   0x0000003e   Code   RO         3848    i.icu_lld_enable_notifications  icu_lld.o
    0x0800e31e   0x0800e31e   0x00000002   PAD
    0x0800e320   0x0800e320   0x00000018   Code   RO         3849    i.icu_lld_init      icu_lld.o
    0x0800e338   0x0800e338   0x00000070   Code   RO         3850    i.icu_lld_serve_interrupt  icu_lld.o
    0x0800e3a8   0x0800e3a8   0x000000e0   Code   RO         3851    i.icu_lld_start     icu_lld.o
    0x0800e488   0x0800e488   0x00000018   Code   RO         3852    i.icu_lld_start_capture  icu_lld.o
    0x0800e4a0   0x0800e4a0   0x00000002   Code   RO         8537    i.icuperiodcb       servo_dec.o
    0x0800e4a2   0x0800e4a2   0x00000002   PAD
    0x0800e4a4   0x0800e4a4   0x000001cc   Code   RO         8538    i.icuwidthcb        servo_dec.o
    0x0800e670   0x0800e670   0x0000001e   Code   RO         3385    i.initgpio          pal_lld.o
    0x0800e68e   0x0800e68e   0x00000066   Code   RO         2713    i.inotify           serial_usb.o
    0x0800e6f4   0x0800e6f4   0x0000000c   Code   RO         7309    i.led_external_set_reversed  led_external.o
    0x0800e700   0x0800e700   0x0000000c   Code   RO         7310    i.led_external_set_state  led_external.o
    0x0800e70c   0x0800e70c   0x00000060   Code   RO         7374    i.ledpwm_init       ledpwm.o
    0x0800e76c   0x0800e76c   0x00000050   Code   RO         7377    i.ledpwm_set_intensity  ledpwm.o
    0x0800e7bc   0x0800e7bc   0x00000044   Code   RO         7378    i.ledpwm_update_pwm  ledpwm.o
    0x0800e800   0x0800e800   0x0000009c   Code   RO         7424    i.main              main.o
    0x0800e89c   0x0800e89c   0x0000001c   Code   RO         7464    i.mc_interface_adc_inj_int_handler  mc_interface.o
    0x0800e8b8   0x0800e8b8   0x00000020   Code   RO         7466    i.mc_interface_dccal_done  mc_interface.o
    0x0800e8d8   0x0800e8d8   0x000001a4   Code   RO         7467    i.mc_interface_fault_stop  mc_interface.o
    0x0800ea7c   0x0800ea7c   0x000000ec   Code   RO         7468    i.mc_interface_fault_to_string  mc_interface.o
    0x0800eb68   0x0800eb68   0x00000028   Code   RO         7469    i.mc_interface_get_amp_hours  mc_interface.o
    0x0800eb90   0x0800eb90   0x00000028   Code   RO         7470    i.mc_interface_get_amp_hours_charged  mc_interface.o
    0x0800ebb8   0x0800ebb8   0x00000008   Code   RO         7471    i.mc_interface_get_configuration  mc_interface.o
    0x0800ebc0   0x0800ebc0   0x00000024   Code   RO         7472    i.mc_interface_get_duty_cycle_now  mc_interface.o
    0x0800ebe4   0x0800ebe4   0x0000000c   Code   RO         7474    i.mc_interface_get_fault  mc_interface.o
    0x0800ebf0   0x0800ebf0   0x00000024   Code   RO         7475    i.mc_interface_get_last_inj_adc_isr_duration  mc_interface.o
    0x0800ec14   0x0800ec14   0x0000000c   Code   RO         7476    i.mc_interface_get_last_sample_adc_isr_duration  mc_interface.o
    0x0800ec20   0x0800ec20   0x00000024   Code   RO         7477    i.mc_interface_get_pid_pos_now  mc_interface.o
    0x0800ec44   0x0800ec44   0x0000000c   Code   RO         7478    i.mc_interface_get_pid_pos_set  mc_interface.o
    0x0800ec50   0x0800ec50   0x00000024   Code   RO         7479    i.mc_interface_get_rpm  mc_interface.o
    0x0800ec74   0x0800ec74   0x00000034   Code   RO         7480    i.mc_interface_get_sampling_frequency_now  mc_interface.o
    0x0800eca8   0x0800eca8   0x00000020   Code   RO         7481    i.mc_interface_get_state  mc_interface.o
    0x0800ecc8   0x0800ecc8   0x00000024   Code   RO         7482    i.mc_interface_get_tachometer_abs_value  mc_interface.o
    0x0800ecec   0x0800ecec   0x00000024   Code   RO         7483    i.mc_interface_get_tachometer_value  mc_interface.o
    0x0800ed10   0x0800ed10   0x00000024   Code   RO         7484    i.mc_interface_get_tot_current  mc_interface.o
    0x0800ed34   0x0800ed34   0x00000024   Code   RO         7485    i.mc_interface_get_tot_current_directional  mc_interface.o
    0x0800ed58   0x0800ed58   0x00000024   Code   RO         7486    i.mc_interface_get_tot_current_directional_filtered  mc_interface.o
    0x0800ed7c   0x0800ed7c   0x00000024   Code   RO         7487    i.mc_interface_get_tot_current_filtered  mc_interface.o
    0x0800eda0   0x0800eda0   0x00000024   Code   RO         7489    i.mc_interface_get_tot_current_in_filtered  mc_interface.o
    0x0800edc4   0x0800edc4   0x00000028   Code   RO         7490    i.mc_interface_get_watt_hours  mc_interface.o
    0x0800edec   0x0800edec   0x00000028   Code   RO         7491    i.mc_interface_get_watt_hours_charged  mc_interface.o
    0x0800ee14   0x0800ee14   0x00000388   Code   RO         7492    i.mc_interface_init  mc_interface.o
    0x0800f19c   0x0800f19c   0x0000000c   Code   RO         7493    i.mc_interface_lock  mc_interface.o
    0x0800f1a8   0x0800f1a8   0x0000000c   Code   RO         7494    i.mc_interface_lock_override_once  mc_interface.o
    0x0800f1b4   0x0800f1b4   0x000003c4   Code   RO         7495    i.mc_interface_mc_timer_isr  mc_interface.o
    0x0800f578   0x0800f578   0x00000024   Code   RO         7496    i.mc_interface_read_reset_avg_input_current  mc_interface.o
    0x0800f59c   0x0800f59c   0x00000024   Code   RO         7497    i.mc_interface_read_reset_avg_motor_current  mc_interface.o
    0x0800f5c0   0x0800f5c0   0x0000000c   Code   RO         7498    i.mc_interface_release_motor  mc_interface.o
    0x0800f5cc   0x0800f5cc   0x0000002c   Code   RO         7499    i.mc_interface_sample_print_data  mc_interface.o
    0x0800f5f8   0x0800f5f8   0x0000004c   Code   RO         7500    i.mc_interface_set_brake_current  mc_interface.o
    0x0800f644   0x0800f644   0x000008ec   Code   RO         7501    i.mc_interface_set_configuration  mc_interface.o
    0x0800ff30   0x0800ff30   0x0000004c   Code   RO         7502    i.mc_interface_set_current  mc_interface.o
    0x0800ff7c   0x0800ff7c   0x0000004c   Code   RO         7503    i.mc_interface_set_duty  mc_interface.o
    0x0800ffc8   0x0800ffc8   0x00000054   Code   RO         7505    i.mc_interface_set_pid_pos  mc_interface.o
    0x0801001c   0x0801001c   0x0000004c   Code   RO         7506    i.mc_interface_set_pid_speed  mc_interface.o
    0x08010068   0x08010068   0x00000038   Code   RO         7508    i.mc_interface_try_input  mc_interface.o
    0x080100a0   0x080100a0   0x0000000c   Code   RO         7509    i.mc_interface_unlock  mc_interface.o
    0x080100ac   0x080100ac   0x000003dc   Code   RO         7787    i.mcpwm_adc_inj_int_handler  mcpwm.o
    0x08010488   0x08010488   0x00000ac8   Code   RO         7788    i.mcpwm_adc_int_handler  mcpwm.o
    0x08010f50   0x08010f50   0x00000070   Code   RO         7789    i.mcpwm_deinit      mcpwm.o
    0x08010fc0   0x08010fc0   0x00000c70   Code   RO         8168    i.mcpwm_foc_adc_inj_int_handler  mcpwm_foc.o
    0x08011c30   0x08011c30   0x00000060   Code   RO         8169    i.mcpwm_foc_deinit  mcpwm_foc.o
    0x08011c90   0x08011c90   0x00000704   Code   RO         8170    i.mcpwm_foc_encoder_detect  mcpwm_foc.o
    0x08012394   0x08012394   0x0000000c   Code   RO         8171    i.mcpwm_foc_get_abs_motor_current  mcpwm_foc.o
    0x080123a0   0x080123a0   0x0000000c   Code   RO         8172    i.mcpwm_foc_get_abs_motor_current_filtered  mcpwm_foc.o
    0x080123ac   0x080123ac   0x0000000c   Code   RO         8173    i.mcpwm_foc_get_duty_cycle_now  mcpwm_foc.o
    0x080123b8   0x080123b8   0x0000000c   Code   RO         8175    i.mcpwm_foc_get_last_inj_adc_isr_duration  mcpwm_foc.o
    0x080123c4   0x080123c4   0x0000003c   Code   RO         8177    i.mcpwm_foc_get_phase_encoder  mcpwm_foc.o
    0x08012400   0x08012400   0x0000003c   Code   RO         8178    i.mcpwm_foc_get_phase_observer  mcpwm_foc.o
    0x0801243c   0x0801243c   0x0000000c   Code   RO         8179    i.mcpwm_foc_get_pid_pos_now  mcpwm_foc.o
    0x08012448   0x08012448   0x00000018   Code   RO         8181    i.mcpwm_foc_get_rpm  mcpwm_foc.o
    0x08012460   0x08012460   0x0000000c   Code   RO         8182    i.mcpwm_foc_get_state  mcpwm_foc.o
    0x0801246c   0x0801246c   0x00000010   Code   RO         8183    i.mcpwm_foc_get_switching_frequency_now  mcpwm_foc.o
    0x0801247c   0x0801247c   0x00000014   Code   RO         8184    i.mcpwm_foc_get_tachometer_abs_value  mcpwm_foc.o
    0x08012490   0x08012490   0x00000014   Code   RO         8185    i.mcpwm_foc_get_tachometer_value  mcpwm_foc.o
    0x080124a4   0x080124a4   0x00000030   Code   RO         8186    i.mcpwm_foc_get_tot_current  mcpwm_foc.o
    0x080124d4   0x080124d4   0x0000000c   Code   RO         8187    i.mcpwm_foc_get_tot_current_directional  mcpwm_foc.o
    0x080124e0   0x080124e0   0x0000000c   Code   RO         8188    i.mcpwm_foc_get_tot_current_directional_filtered  mcpwm_foc.o
    0x080124ec   0x080124ec   0x00000030   Code   RO         8189    i.mcpwm_foc_get_tot_current_filtered  mcpwm_foc.o
    0x0801251c   0x0801251c   0x0000000c   Code   RO         8191    i.mcpwm_foc_get_tot_current_in_filtered  mcpwm_foc.o
    0x08012528   0x08012528   0x0000000c   Code   RO         8193    i.mcpwm_foc_get_vq  mcpwm_foc.o
    0x08012534   0x08012534   0x00000228   Code   RO         8194    i.mcpwm_foc_hall_detect  mcpwm_foc.o
    0x0801275c   0x0801275c   0x0000045c   Code   RO         8195    i.mcpwm_foc_init    mcpwm_foc.o
    0x08012bb8   0x08012bb8   0x0000000c   Code   RO         8196    i.mcpwm_foc_is_dccal_done  mcpwm_foc.o
    0x08012bc4   0x08012bc4   0x0000012c   Code   RO         8197    i.mcpwm_foc_measure_inductance  mcpwm_foc.o
    0x08012cf0   0x08012cf0   0x00000270   Code   RO         8198    i.mcpwm_foc_measure_res_ind  mcpwm_foc.o
    0x08012f60   0x08012f60   0x00000100   Code   RO         8199    i.mcpwm_foc_measure_resistance  mcpwm_foc.o
    0x08013060   0x08013060   0x00000350   Code   RO         8200    i.mcpwm_foc_print_state  mcpwm_foc.o
    0x080133b0   0x080133b0   0x00000058   Code   RO         8201    i.mcpwm_foc_set_brake_current  mcpwm_foc.o
    0x08013408   0x08013408   0x00000074   Code   RO         8202    i.mcpwm_foc_set_configuration  mcpwm_foc.o
    0x0801347c   0x0801347c   0x00000058   Code   RO         8203    i.mcpwm_foc_set_current  mcpwm_foc.o
    0x080134d4   0x080134d4   0x0000001c   Code   RO         8204    i.mcpwm_foc_set_duty  mcpwm_foc.o
    0x080134f0   0x080134f0   0x0000001c   Code   RO         8206    i.mcpwm_foc_set_pid_pos  mcpwm_foc.o
    0x0801350c   0x0801350c   0x0000001c   Code   RO         8207    i.mcpwm_foc_set_pid_speed  mcpwm_foc.o
    0x08013528   0x08013528   0x0000000c   Code   RO         8208    i.mcpwm_foc_stop_pwm  mcpwm_foc.o
    0x08013534   0x08013534   0x0000000c   Code   RO         7791    i.mcpwm_get_comm_step  mcpwm.o
    0x08013540   0x08013540   0x00000138   Code   RO         7792    i.mcpwm_get_detect_pos  mcpwm.o
    0x08013678   0x08013678   0x0000000c   Code   RO         7793    i.mcpwm_get_duty_cycle_now  mcpwm.o
    0x08013684   0x08013684   0x0000009c   Code   RO         7795    i.mcpwm_get_hall_detect_result  mcpwm.o
    0x08013720   0x08013720   0x00000084   Code   RO         7796    i.mcpwm_get_kv      mcpwm.o
    0x080137a4   0x080137a4   0x00000018   Code   RO         7797    i.mcpwm_get_kv_filtered  mcpwm.o
    0x080137bc   0x080137bc   0x0000000c   Code   RO         7798    i.mcpwm_get_last_adc_isr_duration  mcpwm.o
    0x080137c8   0x080137c8   0x0000000c   Code   RO         7799    i.mcpwm_get_last_inj_adc_isr_duration  mcpwm.o
    0x080137d4   0x080137d4   0x00000018   Code   RO         7800    i.mcpwm_get_rpm     mcpwm.o
    0x080137ec   0x080137ec   0x00000038   Code   RO         7801    i.mcpwm_get_rpm_dep  mcpwm.o
    0x08013824   0x08013824   0x0000000c   Code   RO         7802    i.mcpwm_get_state   mcpwm.o
    0x08013830   0x08013830   0x0000000c   Code   RO         7803    i.mcpwm_get_switching_frequency_now  mcpwm.o
    0x0801383c   0x0801383c   0x00000014   Code   RO         7804    i.mcpwm_get_tachometer_abs_value  mcpwm.o
    0x08013850   0x08013850   0x00000014   Code   RO         7805    i.mcpwm_get_tachometer_value  mcpwm.o
    0x08013864   0x08013864   0x0000000c   Code   RO         7806    i.mcpwm_get_tot_current  mcpwm.o
    0x08013870   0x08013870   0x00000020   Code   RO         7807    i.mcpwm_get_tot_current_directional  mcpwm.o
    0x08013890   0x08013890   0x00000020   Code   RO         7808    i.mcpwm_get_tot_current_directional_filtered  mcpwm.o
    0x080138b0   0x080138b0   0x0000000c   Code   RO         7809    i.mcpwm_get_tot_current_filtered  mcpwm.o
    0x080138bc   0x080138bc   0x00000024   Code   RO         7811    i.mcpwm_get_tot_current_in_filtered  mcpwm.o
    0x080138e0   0x080138e0   0x000004e8   Code   RO         7812    i.mcpwm_init        mcpwm.o
    0x08013dc8   0x08013dc8   0x0000003c   Code   RO         7813    i.mcpwm_init_hall_table  mcpwm.o
    0x08013e04   0x08013e04   0x0000000c   Code   RO         7814    i.mcpwm_is_dccal_done  mcpwm.o
    0x08013e10   0x08013e10   0x00000020   Code   RO         7815    i.mcpwm_read_hall_phase  mcpwm.o
    0x08013e30   0x08013e30   0x00000024   Code   RO         7816    i.mcpwm_read_reset_avg_cycle_integrator  mcpwm.o
    0x08013e54   0x08013e54   0x0000000c   Code   RO         7817    i.mcpwm_reset_hall_detect_table  mcpwm.o
    0x08013e60   0x08013e60   0x000000b8   Code   RO         7818    i.mcpwm_set_brake_current  mcpwm.o
    0x08013f18   0x08013f18   0x00000030   Code   RO         7820    i.mcpwm_set_configuration  mcpwm.o
    0x08013f48   0x08013f48   0x0000007c   Code   RO         7821    i.mcpwm_set_current  mcpwm.o
    0x08013fc4   0x08013fc4   0x00000060   Code   RO         7822    i.mcpwm_set_detect  mcpwm.o
    0x08014024   0x08014024   0x00000010   Code   RO         7823    i.mcpwm_set_duty    mcpwm.o
    0x08014034   0x08014034   0x00000024   Code   RO         7825    i.mcpwm_set_pid_pos  mcpwm.o
    0x08014058   0x08014058   0x00000010   Code   RO         7826    i.mcpwm_set_pid_speed  mcpwm.o
    0x08014068   0x08014068   0x00000010   Code   RO         7827    i.mcpwm_stop_pwm    mcpwm.o
    0x08014078   0x08014078   0x00000048   Code   RO         9254    i.nrf_driver_init   nrf_driver.o
    0x080140c0   0x080140c0   0x00000114   Code   RO         9255    i.nrf_driver_send_buffer  nrf_driver.o
    0x080141d4   0x080141d4   0x00000020   Code   RO         3345    i.nvicDisableVector  nvic.o
    0x080141f4   0x080141f4   0x00000024   Code   RO         3346    i.nvicEnableVector  nvic.o
    0x08014218   0x08014218   0x0000000c   Code   RO         3347    i.nvicSetSystemHandlerPriority  nvic.o
    0x08014224   0x08014224   0x000001dc   Code   RO         8209    i.observer_update   mcpwm_foc.o
    0x08014400   0x08014400   0x00000054   Code   RO         2714    i.onotify           serial_usb.o
    0x08014454   0x08014454   0x00000004   Code   RO         2715    i.osalEventBroadcastFlagsI  serial_usb.o
    0x08014458   0x08014458   0x00000004   Code   RO         3675    i.osalEventBroadcastFlagsI  can_lld.o
    0x0801445c   0x0801445c   0x00000010   Code   RO         3566    i.osalOsIsTimeWithinX  i2c_lld.o
    0x0801446c   0x0801446c   0x0000006e   Code   RO         3982    i.otg_disable_ep    usb_lld.o
    0x080144da   0x080144da   0x00000002   PAD
    0x080144dc   0x080144dc   0x00000014   Code   RO         3983    i.otg_do_push       usb_lld.o
    0x080144f0   0x080144f0   0x000000a4   Code   RO         3984    i.otg_epin_handler  usb_lld.o
    0x08014594   0x08014594   0x00000088   Code   RO         3985    i.otg_epout_handler  usb_lld.o
    0x0801461c   0x0801461c   0x0000001e   Code   RO         3986    i.otg_fifo_read_to_buffer  usb_lld.o
    0x0801463a   0x0801463a   0x00000096   Code   RO         3987    i.otg_fifo_read_to_queue  usb_lld.o
    0x080146d0   0x080146d0   0x0000009c   Code   RO         3988    i.otg_fifo_write_from_queue  usb_lld.o
    0x0801476c   0x0801476c   0x0000000a   Code   RO         3989    i.otg_ram_alloc     usb_lld.o
    0x08014776   0x08014776   0x0000008c   Code   RO         3990    i.otg_rxfifo_handler  usb_lld.o
    0x08014802   0x08014802   0x00000016   Code   RO         3991    i.otg_txfifo_flush  usb_lld.o
    0x08014818   0x08014818   0x0000007c   Code   RO         3992    i.otg_txfifo_handler  usb_lld.o
    0x08014894   0x08014894   0x000006bc   Code   RO         9033    i.output_thread     app_nunchuk.o
    0x08014f50   0x08014f50   0x00000014   Code   RO         8489    i.packet_init       packet.o
    0x08014f64   0x08014f64   0x000000bc   Code   RO         8490    i.packet_process_byte  packet.o
    0x08015020   0x08015020   0x0000005c   Code   RO         9179    i.packet_process_thread  app_uartcomm.o
    0x0801507c   0x0801507c   0x0000008c   Code   RO         8491    i.packet_send_packet  packet.o
    0x08015108   0x08015108   0x0000002c   Code   RO         8492    i.packet_timerfunc  packet.o
    0x08015134   0x08015134   0x00000114   Code   RO         7425    i.periodic_thread   main.o
    0x08015248   0x08015248   0x000004cc   Code   RO         9098    i.ppm_thread        app_ppm.o
    0x08015714   0x08015714   0x0000001c   Code   RO         6590    i.process_packet    comm_usb.o
    0x08015730   0x08015730   0x0000001c   Code   RO         9180    i.process_packet    app_uartcomm.o
    0x0801574c   0x0801574c   0x0000000a   Code   RO         2716    i.put               serial_usb.o
    0x08015756   0x08015756   0x00000006   Code   RO         2717    i.putt              serial_usb.o
    0x0801575c   0x0801575c   0x0000000e   Code   RO         1170    i.queue_dequeue     chmtx.o
    0x0801576a   0x0801576a   0x0000000c   Code   RO         1171    i.queue_fifo_remove  chmtx.o
    0x08015776   0x08015776   0x0000000c   Code   RO         1474    i.queue_fifo_remove  chschd.o
    0x08015782   0x08015782   0x0000000e   Code   RO         1918    i.queue_notempty    chthreads.o
    0x08015790   0x08015790   0x0000001e   Code   RO         1172    i.queue_prio_insert  chmtx.o
    0x080157ae   0x080157ae   0x0000000a   Code   RO         2718    i.read              serial_usb.o
    0x080157b8   0x080157b8   0x00000028   Code   RO         7828    i.read_hall         mcpwm.o
    0x080157e0   0x080157e0   0x00000028   Code   RO         8210    i.read_hall         mcpwm_foc.o
    0x08015808   0x08015808   0x00000006   Code   RO         2719    i.readt             serial_usb.o
    0x0801580e   0x0801580e   0x00000008   Code   RO         9322    i.rf_clear_irq      rf.o
    0x08015816   0x08015816   0x00000008   Code   RO         9323    i.rf_clear_maxrt_irq  rf.o
    0x0801581e   0x0801581e   0x00000008   Code   RO         9324    i.rf_clear_rx_irq   rf.o
    0x08015826   0x08015826   0x00000020   Code   RO         9326    i.rf_enable_features  rf.o
    0x08015846   0x08015846   0x00000020   Code   RO         9327    i.rf_enable_pipe_address  rf.o
    0x08015866   0x08015866   0x00000020   Code   RO         9328    i.rf_enable_pipe_autoack  rf.o
    0x08015886   0x08015886   0x00000020   Code   RO         9329    i.rf_enable_pipe_dlp  rf.o
    0x080158a6   0x080158a6   0x0000000e   Code   RO         9331    i.rf_flush_all      rf.o
    0x080158b4   0x080158b4   0x0000001c   Code   RO         9332    i.rf_flush_rx       rf.o
    0x080158d0   0x080158d0   0x0000001c   Code   RO         9333    i.rf_flush_tx       rf.o
    0x080158ec   0x080158ec   0x0000002a   Code   RO         9336    i.rf_get_payload_width  rf.o
    0x08015916   0x08015916   0x00000004   Code   RO         9337    i.rf_init           rf.o
    0x0801591a   0x0801591a   0x0000001c   Code   RO         9338    i.rf_mode_rx        rf.o
    0x08015936   0x08015936   0x0000001c   Code   RO         9339    i.rf_mode_tx        rf.o
    0x08015952   0x08015952   0x0000001c   Code   RO         9340    i.rf_power_down     rf.o
    0x0801596e   0x0801596e   0x0000001c   Code   RO         9341    i.rf_power_up       rf.o
    0x0801598a   0x0801598a   0x00000028   Code   RO         9342    i.rf_read_reg       rf.o
    0x080159b2   0x080159b2   0x00000010   Code   RO         9343    i.rf_read_reg_byte  rf.o
    0x080159c2   0x080159c2   0x0000002a   Code   RO         9344    i.rf_read_rx_payload  rf.o
    0x080159ec   0x080159ec   0x0000000a   Code   RO         9346    i.rf_set_address_width  rf.o
    0x080159f6   0x080159f6   0x00000034   Code   RO         9347    i.rf_set_crc_type   rf.o
    0x08015a2a   0x08015a2a   0x0000000e   Code   RO         9348    i.rf_set_frequency  rf.o
    0x08015a38   0x08015a38   0x0000002c   Code   RO         9349    i.rf_set_power      rf.o
    0x08015a64   0x08015a64   0x00000026   Code   RO         9350    i.rf_set_retr_delay  rf.o
    0x08015a8a   0x08015a8a   0x00000024   Code   RO         9351    i.rf_set_retr_retries  rf.o
    0x08015aae   0x08015aae   0x00000006   Code   RO         9352    i.rf_set_rx_addr    rf.o
    0x08015ab4   0x08015ab4   0x00000034   Code   RO         9353    i.rf_set_speed      rf.o
    0x08015ae8   0x08015ae8   0x0000000a   Code   RO         9354    i.rf_set_tx_addr    rf.o
    0x08015af2   0x08015af2   0x00000020   Code   RO         9355    i.rf_status         rf.o
    0x08015b12   0x08015b12   0x00000002   PAD
    0x08015b14   0x08015b14   0x00000018   Code   RO         9256    i.rf_tx_wrapper     nrf_driver.o
    0x08015b2c   0x08015b2c   0x0000002c   Code   RO         9357    i.rf_write_reg      rf.o
    0x08015b58   0x08015b58   0x0000000c   Code   RO         9358    i.rf_write_reg_byte  rf.o
    0x08015b64   0x08015b64   0x0000002a   Code   RO         9359    i.rf_write_tx_payload  rf.o
    0x08015b8e   0x08015b8e   0x0000002a   Code   RO         9360    i.rf_write_tx_payload_no_ack  rf.o
    0x08015bb8   0x08015bb8   0x0000006c   Code   RO         9568    i.rfhelp_init       rfhelp.o
    0x08015c24   0x08015c24   0x0000001c   Code   RO         9570    i.rfhelp_power_up   rfhelp.o
    0x08015c40   0x08015c40   0x00000064   Code   RO         9571    i.rfhelp_read_rx_data  rfhelp.o
    0x08015ca4   0x08015ca4   0x00000038   Code   RO         9572    i.rfhelp_read_rx_data_crc  rfhelp.o
    0x08015cdc   0x08015cdc   0x000000b4   Code   RO         9573    i.rfhelp_restart    rfhelp.o
    0x08015d90   0x08015d90   0x0000009c   Code   RO         9575    i.rfhelp_send_data  rfhelp.o
    0x08015e2c   0x08015e2c   0x0000004c   Code   RO         9576    i.rfhelp_send_data_crc  rfhelp.o
    0x08015e78   0x08015e78   0x00000028   Code   RO         9579    i.rfhelp_update_conf  rfhelp.o
    0x08015ea0   0x08015ea0   0x000002b4   Code   RO         7829    i.rpm_thread        mcpwm.o
    0x08016154   0x08016154   0x000000bc   Code   RO         7830    i.run_pid_control_pos  mcpwm.o
    0x08016210   0x08016210   0x00000128   Code   RO         8211    i.run_pid_control_pos  mcpwm_foc.o
    0x08016338   0x08016338   0x00000230   Code   RO         7831    i.run_pid_control_speed  mcpwm.o
    0x08016568   0x08016568   0x00000130   Code   RO         8212    i.run_pid_control_speed  mcpwm_foc.o
    0x08016698   0x08016698   0x000001c8   Code   RO         9257    i.rx_thread         nrf_driver.o
    0x08016860   0x08016860   0x00000034   Code   RO         9181    i.rxchar            app_uartcomm.o
    0x08016894   0x08016894   0x00000002   Code   RO         9182    i.rxend             app_uartcomm.o
    0x08016896   0x08016896   0x00000002   Code   RO         9183    i.rxerr             app_uartcomm.o
    0x08016898   0x08016898   0x00000110   Code   RO         7510    i.sample_send_thread  mc_interface.o
    0x080169a8   0x080169a8   0x0000004a   Code   RO         2720    i.sduConfigureHookI  serial_usb.o
    0x080169f2   0x080169f2   0x0000005e   Code   RO         2721    i.sduDataReceived   serial_usb.o
    0x08016a50   0x08016a50   0x0000006c   Code   RO         2722    i.sduDataTransmitted  serial_usb.o
    0x08016abc   0x08016abc   0x00000002   Code   RO         2723    i.sduInit           serial_usb.o
    0x08016abe   0x08016abe   0x00000002   Code   RO         2724    i.sduInterruptTransmitted  serial_usb.o
    0x08016ac0   0x08016ac0   0x00000044   Code   RO         2725    i.sduObjectInit     serial_usb.o
    0x08016b04   0x08016b04   0x00000040   Code   RO         2726    i.sduRequestsHook   serial_usb.o
    0x08016b44   0x08016b44   0x00000032   Code   RO         2727    i.sduStart          serial_usb.o
    0x08016b76   0x08016b76   0x00000002   PAD
    0x08016b78   0x08016b78   0x00000014   Code   RO         6591    i.send_packet       comm_usb.o
    0x08016b8c   0x08016b8c   0x00000038   Code   RO         9184    i.send_packet       app_uartcomm.o
    0x08016bc4   0x08016bc4   0x00000018   Code   RO         6418    i.send_packet_wrapper  comm_can.o
    0x08016bdc   0x08016bdc   0x00000024   Code   RO         6592    i.send_packet_wrapper  comm_usb.o
    0x08016c00   0x08016c00   0x00000006   Code   RO         9185    i.send_packet_wrapper  app_uartcomm.o
    0x08016c06   0x08016c06   0x00000002   PAD
    0x08016c08   0x08016c08   0x0000005c   Code   RO         6593    i.serial_process_thread  comm_usb.o
    0x08016c64   0x08016c64   0x00000078   Code   RO         6594    i.serial_read_thread  comm_usb.o
    0x08016cdc   0x08016cdc   0x00000078   Code   RO         4368    i.serve_usart_irq   uart_lld.o
    0x08016d54   0x08016d54   0x00000024   Code   RO         9099    i.servodec_func     app_ppm.o
    0x08016d78   0x08016d78   0x00000020   Code   RO         8539    i.servodec_get_last_pulse_len  servo_dec.o
    0x08016d98   0x08016d98   0x00000020   Code   RO         8540    i.servodec_get_servo  servo_dec.o
    0x08016db8   0x08016db8   0x0000001c   Code   RO         8541    i.servodec_get_time_since_update  servo_dec.o
    0x08016dd4   0x08016dd4   0x0000004c   Code   RO         8542    i.servodec_init     servo_dec.o
    0x08016e20   0x08016e20   0x00000014   Code   RO         8543    i.servodec_set_pulse_options  servo_dec.o
    0x08016e34   0x08016e34   0x000000e4   Code   RO         7832    i.set_duty_cycle_hl  mcpwm.o
    0x08016f18   0x08016f18   0x000001a0   Code   RO         7833    i.set_duty_cycle_hw  mcpwm.o
    0x080170b8   0x080170b8   0x00000144   Code   RO         7834    i.set_duty_cycle_ll  mcpwm.o
    0x080171fc   0x080171fc   0x00000338   Code   RO         7835    i.set_next_comm_step  mcpwm.o
    0x08017534   0x08017534   0x00000038   Code   RO         7836    i.set_next_timer_settings  mcpwm.o
    0x0801756c   0x0801756c   0x0000003c   Code   RO         4369    i.set_rx_idle_loop  uart_lld.o
    0x080175a8   0x080175a8   0x00000060   Code   RO         7837    i.set_switching_frequency  mcpwm.o
    0x08017608   0x08017608   0x00000004   Code   RO         2883    i.spiInit           spi.o
    0x0801760c   0x0801760c   0x00000010   Code   RO         2884    i.spiObjectInit     spi.o
    0x0801761c   0x0801761c   0x0000000a   Code   RO         7065    i.spi_delay         encoder.o
    0x08017626   0x08017626   0x00000002   PAD
    0x08017628   0x08017628   0x00000040   Code   RO         3444    i.spi_lld_init      spi_lld.o
    0x08017668   0x08017668   0x00000010   Code   RO         9657    i.spi_sw_begin      spi_sw.o
    0x08017678   0x08017678   0x00000012   Code   RO         9658    i.spi_sw_delay      spi_sw.o
    0x0801768a   0x0801768a   0x00000002   PAD
    0x0801768c   0x0801768c   0x00000014   Code   RO         9659    i.spi_sw_end        spi_sw.o
    0x080176a0   0x080176a0   0x0000004c   Code   RO         9660    i.spi_sw_init       spi_sw.o
    0x080176ec   0x080176ec   0x0000007c   Code   RO         9661    i.spi_sw_transfer   spi_sw.o
    0x08017768   0x08017768   0x00000068   Code   RO         7067    i.spi_transfer      encoder.o
    0x080177d0   0x080177d0   0x0000003e   Code   RO         9927    i.sqrtf             m_wm.l(sqrtf.o)
    0x0801780e   0x0801780e   0x00000004   Code   RO         3009    i.stInit            st.o
    0x08017812   0x08017812   0x0000001a   Code   RO         3953    i.st_lld_init       st_lld.o
    0x0801782c   0x0801782c   0x00000078   Code   RO         8213    i.start_pwm_hw      mcpwm_foc.o
    0x080178a4   0x080178a4   0x000000d0   Code   RO         3787    i.stm32_clock_init  hal_lld.o
    0x08017974   0x08017974   0x0000007c   Code   RO         7838    i.stop_pwm_hw       mcpwm.o
    0x080179f0   0x080179f0   0x00000078   Code   RO         8214    i.stop_pwm_hw       mcpwm_foc.o
    0x08017a68   0x08017a68   0x00000014   Code   RO         7839    i.stop_pwm_ll       mcpwm.o
    0x08017a7c   0x08017a7c   0x00000398   Code   RO         8215    i.svm               mcpwm_foc.o
    0x08017e14   0x08017e14   0x00000078   Code   RO         8611    i.terminal_add_fault_data  terminal.o
    0x08017e8c   0x08017e8c   0x00001c6c   Code   RO         8612    i.terminal_process_string  terminal.o
    0x08019af8   0x08019af8   0x00000010   Code   RO         8649    i.timeout_configure  timeout.o
    0x08019b08   0x08019b08   0x0000000c   Code   RO         8650    i.timeout_get_brake_current  timeout.o
    0x08019b14   0x08019b14   0x0000000c   Code   RO         8651    i.timeout_get_timeout_msec  timeout.o
    0x08019b20   0x08019b20   0x0000000c   Code   RO         8652    i.timeout_has_timeout  timeout.o
    0x08019b2c   0x08019b2c   0x0000003c   Code   RO         8653    i.timeout_init      timeout.o
    0x08019b68   0x08019b68   0x00000020   Code   RO         8654    i.timeout_reset     timeout.o
    0x08019b88   0x08019b88   0x00000064   Code   RO         8655    i.timeout_thread    timeout.o
    0x08019bec   0x08019bec   0x00000024   Code   RO         7426    i.timer_thread      main.o
    0x08019c10   0x08019c10   0x0000005c   Code   RO         7511    i.timer_thread      mc_interface.o
    0x08019c6c   0x08019c6c   0x000001d8   Code   RO         7840    i.timer_thread      mcpwm.o
    0x08019e44   0x08019e44   0x0000022c   Code   RO         8216    i.timer_thread      mcpwm_foc.o
    0x0801a070   0x0801a070   0x00000032   Code   RO         2109    i.tm_stop           chtm.o
    0x0801a0a2   0x0801a0a2   0x00000002   PAD
    0x0801a0a4   0x0801a0a4   0x00000040   Code   RO         9258    i.tx_thread         nrf_driver.o
    0x0801a0e4   0x0801a0e4   0x00000002   Code   RO         9186    i.txend1            app_uartcomm.o
    0x0801a0e6   0x0801a0e6   0x00000002   Code   RO         9187    i.txend2            app_uartcomm.o
    0x0801a0e8   0x0801a0e8   0x00000004   Code   RO         3058    i.uartInit          uart.o
    0x0801a0ec   0x0801a0ec   0x0000000e   Code   RO         3059    i.uartObjectInit    uart.o
    0x0801a0fa   0x0801a0fa   0x0000001e   Code   RO         3060    i.uartStart         uart.o
    0x0801a118   0x0801a118   0x0000001c   Code   RO         3063    i.uartStartSend     uart.o
    0x0801a134   0x0801a134   0x00000020   Code   RO         3065    i.uartStop          uart.o
    0x0801a154   0x0801a154   0x00000044   Code   RO         4370    i.uart_lld_init     uart_lld.o
    0x0801a198   0x0801a198   0x00000078   Code   RO         4371    i.uart_lld_serve_rx_end_irq  uart_lld.o
    0x0801a210   0x0801a210   0x00000058   Code   RO         4372    i.uart_lld_serve_tx_end_irq  uart_lld.o
    0x0801a268   0x0801a268   0x0000012c   Code   RO         4373    i.uart_lld_start    uart_lld.o
    0x0801a394   0x0801a394   0x0000003e   Code   RO         4375    i.uart_lld_start_send  uart_lld.o
    0x0801a3d2   0x0801a3d2   0x00000002   PAD
    0x0801a3d4   0x0801a3d4   0x00000058   Code   RO         4376    i.uart_lld_stop     uart_lld.o
    0x0801a42c   0x0801a42c   0x00000034   Code   RO         9100    i.update            app_ppm.o
    0x0801a460   0x0801a460   0x00000190   Code   RO         7841    i.update_adc_sample_pos  mcpwm.o
    0x0801a5f0   0x0801a5f0   0x00000238   Code   RO         7512    i.update_override_limits  mc_interface.o
    0x0801a828   0x0801a828   0x00000068   Code   RO         7842    i.update_rpm_tacho  mcpwm.o
    0x0801a890   0x0801a890   0x0000003c   Code   RO         7843    i.update_sensor_mode  mcpwm.o
    0x0801a8cc   0x0801a8cc   0x0000007c   Code   RO         7844    i.update_timer_attempt  mcpwm.o
    0x0801a948   0x0801a948   0x00000052   Code   RO         4379    i.usart_stop        uart_lld.o
    0x0801a99a   0x0801a99a   0x00000004   Code   RO         3162    i.usbInit           usb.o
    0x0801a99e   0x0801a99e   0x0000002e   Code   RO         3163    i.usbInitEndpointI  usb.o
    0x0801a9cc   0x0801a9cc   0x00000020   Code   RO         3164    i.usbObjectInit     usb.o
    0x0801a9ec   0x0801a9ec   0x0000001c   Code   RO         3165    i.usbPrepareQueuedReceive  usb.o
    0x0801aa08   0x0801aa08   0x0000001c   Code   RO         3166    i.usbPrepareQueuedTransmit  usb.o
    0x0801aa24   0x0801aa24   0x0000001a   Code   RO         3167    i.usbPrepareReceive  usb.o
    0x0801aa3e   0x0801aa3e   0x0000001a   Code   RO         3168    i.usbPrepareTransmit  usb.o
    0x0801aa58   0x0801aa58   0x0000002c   Code   RO         3171    i.usbStart          usb.o
    0x0801aa84   0x0801aa84   0x0000001c   Code   RO         3172    i.usbStartReceiveI  usb.o
    0x0801aaa0   0x0801aaa0   0x0000001c   Code   RO         3173    i.usbStartTransmitI  usb.o
    0x0801aabc   0x0801aabc   0x0000001c   Code   RO         3174    i.usbStop           usb.o
    0x0801aad8   0x0801aad8   0x00000044   Code   RO         6657    i.usb_event         comm_usb_serial.o
    0x0801ab1c   0x0801ab1c   0x00000014   Code   RO         3993    i.usb_lld_clear_in  usb_lld.o
    0x0801ab30   0x0801ab30   0x00000014   Code   RO         3994    i.usb_lld_clear_out  usb_lld.o
    0x0801ab44   0x0801ab44   0x00000020   Code   RO         3996    i.usb_lld_get_status_in  usb_lld.o
    0x0801ab64   0x0801ab64   0x00000020   Code   RO         3997    i.usb_lld_get_status_out  usb_lld.o
    0x0801ab84   0x0801ab84   0x00000024   Code   RO         3998    i.usb_lld_init      usb_lld.o
    0x0801aba8   0x0801aba8   0x00000110   Code   RO         3999    i.usb_lld_init_endpoint  usb_lld.o
    0x0801acb8   0x0801acb8   0x00000040   Code   RO         4000    i.usb_lld_prepare_receive  usb_lld.o
    0x0801acf8   0x0801acf8   0x00000044   Code   RO         4001    i.usb_lld_prepare_transmit  usb_lld.o
    0x0801ad3c   0x0801ad3c   0x000000bc   Code   RO         4002    i.usb_lld_pump      usb_lld.o
    0x0801adf8   0x0801adf8   0x00000012   Code   RO         4003    i.usb_lld_read_setup  usb_lld.o
    0x0801ae0a   0x0801ae0a   0x00000002   PAD
    0x0801ae0c   0x0801ae0c   0x000000b4   Code   RO         4004    i.usb_lld_reset     usb_lld.o
    0x0801aec0   0x0801aec0   0x000000ce   Code   RO         4005    i.usb_lld_serve_interrupt  usb_lld.o
    0x0801af8e   0x0801af8e   0x00000018   Code   RO         4006    i.usb_lld_set_address  usb_lld.o
    0x0801afa6   0x0801afa6   0x00000014   Code   RO         4007    i.usb_lld_stall_in  usb_lld.o
    0x0801afba   0x0801afba   0x00000014   Code   RO         4008    i.usb_lld_stall_out  usb_lld.o
    0x0801afce   0x0801afce   0x00000002   PAD
    0x0801afd0   0x0801afd0   0x000000d4   Code   RO         4009    i.usb_lld_start     usb_lld.o
    0x0801b0a4   0x0801b0a4   0x00000026   Code   RO         4010    i.usb_lld_start_in  usb_lld.o
    0x0801b0ca   0x0801b0ca   0x00000014   Code   RO         4011    i.usb_lld_start_out  usb_lld.o
    0x0801b0de   0x0801b0de   0x00000002   PAD
    0x0801b0e0   0x0801b0e0   0x00000040   Code   RO         4012    i.usb_lld_stop      usb_lld.o
    0x0801b120   0x0801b120   0x00000038   Code   RO         8711    i.utils_angle_difference  utils.o
    0x0801b158   0x0801b158   0x00000038   Code   RO         8712    i.utils_angle_difference_rad  utils.o
    0x0801b190   0x0801b190   0x000000d0   Code   RO         8715    i.utils_deadband    utils.o
    0x0801b260   0x0801b260   0x0000011c   Code   RO         8716    i.utils_fast_atan2  utils.o
    0x0801b37c   0x0801b37c   0x00000250   Code   RO         8719    i.utils_fast_sincos_better  utils.o
    0x0801b5cc   0x0801b5cc   0x0000001a   Code   RO         8720    i.utils_map         utils.o
    0x0801b5e6   0x0801b5e6   0x00000002   PAD
    0x0801b5e8   0x0801b5e8   0x00000058   Code   RO         8722    i.utils_middle_of_3  utils.o
    0x0801b640   0x0801b640   0x00000038   Code   RO         8724    i.utils_norm_angle  utils.o
    0x0801b678   0x0801b678   0x00000040   Code   RO         8725    i.utils_norm_angle_rad  utils.o
    0x0801b6b8   0x0801b6b8   0x00000070   Code   RO         8726    i.utils_saturate_vector_2d  utils.o
    0x0801b728   0x0801b728   0x0000003a   Code   RO         8727    i.utils_step_towards  utils.o
    0x0801b762   0x0801b762   0x00000002   PAD
    0x0801b764   0x0801b764   0x00000018   Code   RO         8728    i.utils_sys_lock_cnt  utils.o
    0x0801b77c   0x0801b77c   0x00000020   Code   RO         8729    i.utils_sys_unlock_cnt  utils.o
    0x0801b79c   0x0801b79c   0x0000002a   Code   RO         8730    i.utils_truncate_number  utils.o
    0x0801b7c6   0x0801b7c6   0x00000048   Code   RO         1475    i.wakeup            chschd.o
    0x0801b80e   0x0801b80e   0x0000000a   Code   RO         2729    i.write             serial_usb.o
    0x0801b818   0x0801b818   0x00000006   Code   RO         2730    i.writet            serial_usb.o
    0x0801b81e   0x0801b81e   0x00000002   PAD
    0x0801b820   0x0801b820   0x0000002c   Code   RO        10256    locale$$code        c_w.l(lc_numeric_c.o)
    0x0801b84c   0x0801b84c   0x0000002c   Code   RO        10347    locale$$code        c_w.l(lc_ctype_c.o)
    0x0801b878   0x0801b878   0x00000062   Code   RO         9789    x$fpl$d2f           fz_wm.l(d2f.o)
    0x0801b8da   0x0801b8da   0x00000002   PAD
    0x0801b8dc   0x0801b8dc   0x00000150   Code   RO         9791    x$fpl$dadd          fz_wm.l(daddsub_clz.o)
    0x0801ba2c   0x0801ba2c   0x00000010   Code   RO        10432    x$fpl$dcheck1       fz_wm.l(dcheck1.o)
    0x0801ba3c   0x0801ba3c   0x00000018   Code   RO        10119    x$fpl$dcmpinf       fz_wm.l(dcmpi.o)
    0x0801ba54   0x0801ba54   0x000002b0   Code   RO         9798    x$fpl$ddiv          fz_wm.l(ddiv.o)
    0x0801bd04   0x0801bd04   0x00000078   Code   RO        10324    x$fpl$deqf          fz_wm.l(deqf.o)
    0x0801bd7c   0x0801bd7c   0x0000005e   Code   RO         9801    x$fpl$dfix          fz_wm.l(dfix.o)
    0x0801bdda   0x0801bdda   0x00000002   PAD
    0x0801bddc   0x0801bddc   0x0000005a   Code   RO         9805    x$fpl$dfixu         fz_wm.l(dfixu.o)
    0x0801be36   0x0801be36   0x0000002e   Code   RO         9810    x$fpl$dflt          fz_wm.l(dflt_clz.o)
    0x0801be64   0x0801be64   0x00000026   Code   RO         9809    x$fpl$dfltu         fz_wm.l(dflt_clz.o)
    0x0801be8a   0x0801be8a   0x00000002   PAD
    0x0801be8c   0x0801be8c   0x00000078   Code   RO         9815    x$fpl$dleqf         fz_wm.l(dleqf.o)
    0x0801bf04   0x0801bf04   0x00000154   Code   RO         9817    x$fpl$dmul          fz_wm.l(dmul.o)
    0x0801c058   0x0801c058   0x0000009c   Code   RO        10121    x$fpl$dnaninf       fz_wm.l(dnaninf.o)
    0x0801c0f4   0x0801c0f4   0x0000000c   Code   RO        10123    x$fpl$dretinf       fz_wm.l(dretinf.o)
    0x0801c100   0x0801c100   0x0000006c   Code   RO         9819    x$fpl$drleqf        fz_wm.l(drleqf.o)
    0x0801c16c   0x0801c16c   0x00000016   Code   RO         9792    x$fpl$drsb          fz_wm.l(daddsub_clz.o)
    0x0801c182   0x0801c182   0x00000002   PAD
    0x0801c184   0x0801c184   0x00000198   Code   RO        10125    x$fpl$dsqrt         fz_wm.l(dsqrt_umaal.o)
    0x0801c31c   0x0801c31c   0x000001d4   Code   RO         9793    x$fpl$dsub          fz_wm.l(daddsub_clz.o)
    0x0801c4f0   0x0801c4f0   0x00000056   Code   RO         9821    x$fpl$f2d           fz_wm.l(f2d.o)
    0x0801c546   0x0801c546   0x0000008c   Code   RO        10127    x$fpl$fnaninf       fz_wm.l(fnaninf.o)
    0x0801c5d2   0x0801c5d2   0x0000000a   Code   RO        10275    x$fpl$fpinit        fz_wm.l(fpinit.o)
    0x0801c5dc   0x0801c5dc   0x000000f4   Code   RO        10129    x$fpl$frem          fz_wm.l(frem_clz.o)
    0x0801c6d0   0x0801c6d0   0x0000000a   Code   RO        10131    x$fpl$fretinf       fz_wm.l(fretinf.o)
    0x0801c6da   0x0801c6da   0x00000002   PAD
    0x0801c6dc   0x0801c6dc   0x00000060   Code   RO        10133    x$fpl$frnd          fz_wm.l(frnd.o)
    0x0801c73c   0x0801c73c   0x00000006   Code   RO        10135    x$fpl$ieeestatus    fz_wm.l(istatus.o)
    0x0801c742   0x0801c742   0x00000004   Code   RO        10137    x$fpl$printf1       fz_wm.l(printf1.o)
    0x0801c746   0x0801c746   0x00000004   Code   RO        10139    x$fpl$printf2       fz_wm.l(printf2.o)
    0x0801c74a   0x0801c74a   0x00000064   Code   RO        10434    x$fpl$retnan        fz_wm.l(retnan.o)
    0x0801c7ae   0x0801c7ae   0x0000005c   Code   RO        10396    x$fpl$scalbn        fz_wm.l(scalbn.o)
    0x0801c80a   0x0801c80a   0x00000004   Code   RO         9823    x$fpl$scanf1        fz_wm.l(scanf1.o)
    0x0801c80e   0x0801c80e   0x00000008   Code   RO        10277    x$fpl$scanf2        fz_wm.l(scanf2.o)
    0x0801c816   0x0801c816   0x00000030   Code   RO        10436    x$fpl$trapveneer    fz_wm.l(trapv.o)
    0x0801c846   0x0801c846   0x00000000   Code   RO        10145    x$fpl$usenofp       fz_wm.l(usenofp.o)
    0x0801c846   0x0801c846   0x00000002   PAD
    0x0801c848   0x0801c848   0x000000fc   Data   RO            5    .constdata          board.o
    0x0801c944   0x0801c944   0x00000016   Data   RO         1432    .constdata          chregistry.o
    0x0801c95a   0x0801c95a   0x00000002   PAD
    0x0801c95c   0x0801c95c   0x00000020   Data   RO         2731    .constdata          serial_usb.o
    0x0801c97c   0x0801c97c   0x00000006   Data   RO         3175    .constdata          usb.o
    0x0801c982   0x0801c982   0x00000002   PAD
    0x0801c984   0x0801c984   0x00000030   Data   RO         4015    .constdata          usb_lld.o
    0x0801c9b4   0x0801c9b4   0x000000c0   Data   RO         4222    .constdata          stm32_dma.o
    0x0801ca74   0x0801ca74   0x0000000c   Data   RO         6159    .constdata          hw_410.o
    0x0801ca80   0x0801ca80   0x00000008   Data   RO         6420    .constdata          comm_can.o
    0x0801ca88   0x0801ca88   0x00000012   Data   RO         6662    .constdata          comm_usb_serial.o
    0x0801ca9a   0x0801ca9a   0x00000002   PAD
    0x0801ca9c   0x0801ca9c   0x00000090   Data   RO         6663    .constdata          comm_usb_serial.o
    0x0801cb2c   0x0801cb2c   0x00000043   Data   RO         6664    .constdata          comm_usb_serial.o
    0x0801cb6f   0x0801cb6f   0x00000004   Data   RO         6665    .constdata          comm_usb_serial.o
    0x0801cb73   0x0801cb73   0x00000026   Data   RO         6666    .constdata          comm_usb_serial.o
    0x0801cb99   0x0801cb99   0x00000038   Data   RO         6667    .constdata          comm_usb_serial.o
    0x0801cbd1   0x0801cbd1   0x00000008   Data   RO         6668    .constdata          comm_usb_serial.o
    0x0801cbd9   0x0801cbd9   0x00000001   PAD
    0x0801cbda   0x0801cbda   0x00000200   Data   RO         6922    .constdata          crc.o
    0x0801cdda   0x0801cdda   0x00000002   PAD
    0x0801cddc   0x0801cddc   0x00000048   Data   RO         7146    .constdata          flash_helper.o
    0x0801ce24   0x0801ce24   0x0000001c   Data   RO         7846    .constdata          mcpwm.o
    0x0801ce40   0x0801ce40   0x00000040   Data   RO         9876    .constdata          m_wm.l(logf.o)
    0x0801ce80   0x0801ce80   0x00000140   Data   RO         9890    .constdata          m_wm.l(powf.o)
    0x0801cfc0   0x0801cfc0   0x00000008   Data   RO         9990    .constdata          c_w.l(_printf_wctomb.o)
    0x0801cfc8   0x0801cfc8   0x00000028   Data   RO        10019    .constdata          c_w.l(_printf_hex_int_ll_ptr.o)
    0x0801cff0   0x0801cff0   0x00000011   Data   RO        10039    .constdata          c_w.l(__printf_flags_ss_wp.o)
    0x0801d001   0x0801d001   0x00000003   PAD
    0x0801d004   0x0801d004   0x00000020   Data   RO        10163    .constdata          m_wm.l(rredf.o)
    0x0801d024   0x0801d024   0x00000026   Data   RO        10217    .constdata          c_w.l(_printf_fp_hex.o)
    0x0801d04a   0x0801d04a   0x00000002   PAD
    0x0801d04c   0x0801d04c   0x00000094   Data   RO        10229    .constdata          c_w.l(bigflt0.o)
    0x0801d0e0   0x0801d0e0   0x00000201   Data   RO         8615    .conststring        terminal.o
    0x0801d2e1   0x0801d2e1   0x00000003   PAD
    0x0801d2e4   0x0801d2e4   0x00000020   Data   RO        10438    Region$$Table       anon$$obj.o
    0x0801d304   0x0801d304   0x00000008   Data   RO        10271    c$$dinf             fz_wm.l(fpconst.o)
    0x0801d30c   0x0801d30c   0x00000008   Data   RO        10274    c$$dmax             fz_wm.l(fpconst.o)
    0x0801d314   0x0801d314   0x0000001c   Data   RO        10255    locale$$data        c_w.l(lc_numeric_c.o)
    0x0801d330   0x0801d330   0x00000110   Data   RO        10346    locale$$data        c_w.l(lc_ctype_c.o)


    Execution Region RW_IRAM1 (Exec base: 0x20000000, Load base: 0x0801d440, Size: 0x00018e80, Max: 0x00020000, ABSOLUTE, COMPRESSED[0x0000007c])

    Exec Addr    Load Addr    Size         Type   Attr      Idx    E Section Name        Object

    0x20000000   COMPRESSED   0x00000008   Data   RW          986    .data               chmemcore.o
    0x20000008   COMPRESSED   0x00000007   Data   RW         2735    .data               serial_usb.o
    0x2000000f   COMPRESSED   0x00000001   PAD
    0x20000010   COMPRESSED   0x00000004   Data   RW         3456    .data               spi_lld.o
    0x20000014   COMPRESSED   0x00000008   Data   RW         4019    .data               usb_lld.o
    0x2000001c   COMPRESSED   0x00000004   Data   RW         4225    .data               stm32_dma.o
    0x20000020   COMPRESSED   0x00000001   Data   RW         6160    .data               hw_410.o
    0x20000021   COMPRESSED   0x00000003   PAD
    0x20000024   COMPRESSED   0x00000010   Data   RW         6422    .data               comm_can.o
    0x20000034   COMPRESSED   0x0000000c   Data   RW         6596    .data               comm_usb.o
    0x20000040   COMPRESSED   0x00000030   Data   RW         6719    .data               commands.o
    0x20000070   COMPRESSED   0x00000002   Data   RW         7003    .data               eeprom.o
    0x20000072   COMPRESSED   0x00000002   PAD
    0x20000074   COMPRESSED   0x00000010   Data   RW         7068    .data               encoder.o
    0x20000084   COMPRESSED   0x00000002   Data   RW         7317    .data               led_external.o
    0x20000086   COMPRESSED   0x00000002   PAD
    0x20000088   COMPRESSED   0x0000000c   Data   RW         7380    .data               ledpwm.o
    0x20000094   COMPRESSED   0x00000064   Data   RW         7515    .data               mc_interface.o
    0x200000f8   COMPRESSED   0x000000d4   Data   RW         7847    .data               mcpwm.o
    0x200001cc   COMPRESSED   0x000000a8   Data   RW         8218    .data               mcpwm_foc.o
    0x20000274   COMPRESSED   0x00000040   Data   RW         8545    .data               servo_dec.o
    0x200002b4   COMPRESSED   0x00000044   Data   RW         8616    .data               terminal.o
    0x200002f8   COMPRESSED   0x00000010   Data   RW         8658    .data               timeout.o
    0x20000308   COMPRESSED   0x00000004   Data   RW         8732    .data               utils.o
    0x2000030c   COMPRESSED   0x0000002c   Data   RW         8952    .data               app_adc.o
    0x20000338   COMPRESSED   0x0000001e   Data   RW         9035    .data               app_nunchuk.o
    0x20000356   COMPRESSED   0x00000002   PAD
    0x20000358   COMPRESSED   0x00000010   Data   RW         9103    .data               app_ppm.o
    0x20000368   COMPRESSED   0x00000030   Data   RW         9189    .data               app_uartcomm.o
    0x20000398   COMPRESSED   0x0000000c   Data   RW         9260    .data               nrf_driver.o
    0x200003a4   COMPRESSED   0x00000013   Data   RW         9581    .data               rfhelp.o
    0x200003b7   COMPRESSED   0x00000001   Data   RW         9662    .data               spi_sw.o
    0x200003b8   COMPRESSED   0x00000004   Data   RW         9769    .data               c_w.l(strtok.o)
    0x200003bc   COMPRESSED   0x00000004   PAD
    0x200003c0        -       0x00000020   Zero   RW          796    .bss                chheap.o
    0x200003e0        -       0x00000258   Zero   RW         1476    .bss                chschd.o
    0x20000638        -       0x00000030   Zero   RW         3454    .bss                spi_lld.o
    0x20000668        -       0x00000038   Zero   RW         3567    .bss                i2c_lld.o
    0x200006a0        -       0x00000030   Zero   RW         3676    .bss                can_lld.o
    0x200006d0        -       0x00000018   Zero   RW         3857    .bss                icu_lld.o
    0x200006e8        -       0x00000280   Zero   RW         4013    .bss                usb_lld.o
    0x20000968        -       0x00000014   Zero   RW         4014    .bss                usb_lld.o
    0x2000097c        -       0x00000080   Zero   RW         4221    .bss                stm32_dma.o
    0x200009fc        -       0x00000038   Zero   RW         4380    .bss                uart_lld.o
    0x20000a34   COMPRESSED   0x00000004   PAD
    0x20000a38        -       0x00002770   Zero   RW         6419    .bss                comm_can.o
    0x200031a8        -       0x00001d40   Zero   RW         6595    .bss                comm_usb.o
    0x20004ee8        -       0x00000258   Zero   RW         6658    .bss                comm_usb_serial.o
    0x20005140        -       0x00000014   Zero   RW         6659    .bss                comm_usb_serial.o
    0x20005154        -       0x00000014   Zero   RW         6660    .bss                comm_usb_serial.o
    0x20005168        -       0x00000014   Zero   RW         6661    .bss                comm_usb_serial.o
    0x2000517c   COMPRESSED   0x00000004   PAD
    0x20005180        -       0x00001100   Zero   RW         6718    .bss                commands.o
    0x20006280        -       0x000003a8   Zero   RW         6852    .bss                conf_general.o
    0x20006628        -       0x000000c9   Zero   RW         7379    .bss                ledpwm.o
    0x200066f1   COMPRESSED   0x00000007   PAD
    0x200066f8        -       0x000007b0   Zero   RW         7427    .bss                main.o
    0x20006ea8        -       0x00009158   Zero   RW         7513    .bss                mc_interface.o
    0x20010000        -       0x00001998   Zero   RW         7845    .bss                mcpwm.o
    0x20011998        -       0x00000a00   Zero   RW         8217    .bss                mcpwm_foc.o
    0x20012398        -       0x00001040   Zero   RW         8493    .bss                packet.o
    0x200133d8        -       0x0000077c   Zero   RW         8613    .bss                terminal.o
    0x20013b54   COMPRESSED   0x00000004   PAD
    0x20013b58        -       0x00000398   Zero   RW         8656    .bss                timeout.o
    0x20013ef0        -       0x000000a0   Zero   RW         8902    .bss                app.o
    0x20013f90        -       0x0000060c   Zero   RW         8951    .bss                app_adc.o
    0x2001459c   COMPRESSED   0x00000004   PAD
    0x200145a0        -       0x00000b8c   Zero   RW         9034    .bss                app_nunchuk.o
    0x2001512c   COMPRESSED   0x00000004   PAD
    0x20015130        -       0x000005d4   Zero   RW         9101    .bss                app_ppm.o
    0x20015704   COMPRESSED   0x00000004   PAD
    0x20015708        -       0x000019a0   Zero   RW         9188    .bss                app_uartcomm.o
    0x200170a8        -       0x0000113c   Zero   RW         9259    .bss                nrf_driver.o
    0x200181e4        -       0x00000038   Zero   RW         9580    .bss                rfhelp.o
    0x2001821c        -       0x00000060   Zero   RW        10168    .bss                c_w.l(libspace.o)
    0x2001827c   COMPRESSED   0x00000004   PAD
    0x20018280        -       0x00000400   Zero   RW          306    CSTACK              cstartup.o
    0x20018680        -       0x00000400   Zero   RW          307    HEAP                cstartup.o
    0x20018a80        -       0x00000400   Zero   RW          305    MSTACK              cstartup.o


    Execution Region RW_IRAM2 (Exec base: 0x20020000, Load base: 0x0801d4bc, Size: 0x00000000, Max: 0x00000001, ABSOLUTE)

    **** No section assigned to this execution region ****


==============================================================================

Image component sizes


      Code (inc. data)   RO Data    RW Data    ZI Data      Debug   Object Name

         0          0          0          0          0       3697   adc.o
       172         20          0          0        160       2395   app.o
      2380        170          0         44       1548      10630   app_adc.o
      2422        174          0         30       2956       8991   app_nunchuk.o
      1554         98          0         16       1492      18869   app_ppm.o
       378         94          0         48       6560       6958   app_uartcomm.o
         6          0        252          0          0     296286   board.o
       268          0          0          0          0       6585   buffer.o
       242          0          0          0          0      11312   can.o
      1246         58          0          0         48      18099   can_lld.o
         0          0          0          0          0       4980   chcond.o
       120         22          0          0          0      15336   chcore_v7m.o
        46          0          0          0          0        568   chcoreasm_v7m.o
        86          0          0          0          0       8832   chdynamic.o
       298         18          0          0          0       6348   chevents.o
       200         16          0          0         32       2741   chheap.o
        96         20          0          8          0       3200   chmemcore.o
        20          0          0          0          0       2158   chmempools.o
       320         10          0          0          0      12314   chmtx.o
       522          0          0          0          0      19152   chqueues.o
        72          8         22          0          0       3568   chregistry.o
       480         56          0          0        600      16569   chschd.o
       350         46          0          0          0      46388   chsys.o
       390         30          0          0          0      17982   chthreads.o
       134         16          0          0          0       2735   chtm.o
       120         16          0          0          0       2135   chvt.o
      1804        198          8         16      10096      39254   comm_can.o
       384        110          0         12       7488      15643   comm_usb.o
       188         34        335          0        660       3200   comm_usb_serial.o
     12308        346          0         48       4352      10879   commands.o
      3916        288          0          0        936       9813   conf_general.o
        44          6        512          0          0       1172   crc.o
        64         26          0          0       3072        512   cstartup.o
      1176         56          0          0          0       6139   digital_filter.o
       780         66          0          2          0       6757   eeprom.o
       814        128          0         16          0       6855   encoder.o
       380         42         72          0          0      16468   flash_helper.o
        56          4          0          0          0        534   hal.o
       316         28          0          0          0       1754   hal_lld.o
       900         74         12          1          0      12021   hw_410.o
       192          0          0          0          0      11828   i2c.o
      1554        108          0          0         56      20451   i2c_lld.o
        92          0          0          0          0       6852   icu.o
       466         26          0          0         24       6865   icu_lld.o
       100         10          0          0          0       1413   irq_handlers.o
        24         12          0          2          0       1789   led_external.o
       244         46          0         12        201       2369   ledpwm.o
       468         66          0          0       1968       2947   main.o
      7098        810          0        100      37208      44959   mc_interface.o
     11914       1006         28        212       6552      43294   mcpwm.o
     14546       1562          0        168       2560      43223   mcpwm_foc.o
       892         84          0         12       4412       5191   nrf_driver.o
        80          0          0          0          0       1734   nvic.o
       392         30          0          0       4160       3500   packet.o
       374         42          0          0          0       2852   pal_lld.o
       912          0          0          0          0      17674   rf.o
       744         52          0         19         56       6064   rfhelp.o
       716         18         32          7          0      32864   serial_usb.o
       650         92          0         64          0       5481   servo_dec.o
        20          0          0          0          0       3970   spi.o
        64         22          0          4         48      14071   spi_lld.o
       254         26          0          1          0       3372   spi_sw.o
         4          0          0          0          0        433   st.o
        52          0          0          0          0       4468   st_lld.o
      1008        202        192          4        128      17766   stm32_dma.o
       498         32          0          0          0      24473   stm32f4xx_adc.o
       440         24          0          0          0      16877   stm32f4xx_dma.o
       144         14          0          0          0       4884   stm32f4xx_exti.o
       362         36          0          0          0      14356   stm32f4xx_flash.o
       120         30          0          0          0       3165   stm32f4xx_rcc.o
        48          6          0          0          0        700   stm32f4xx_syscfg.o
      1448        114          0          0          0      40043   stm32f4xx_tim.o
       104         24          0          0          0       3624   stm32f4xx_wwdg.o
      7396       3580        513         68       1916       7348   terminal.o
       244         68          0         16        920       6044   timeout.o
       108          0          0          0          0       3967   uart.o
      1028         96          0          0         56      13454   uart_lld.o
      1372         20          6          0          0      28317   usb.o
      2616         94         48          8        660      41576   usb_lld.o
      1698        156          0          4          0       9991   utils.o
         2          0        448          0          0        460   vectors.o

    ----------------------------------------------------------------------
     95624      10790       2524        952     100956    1204538   Object Totals
         0          0         32          0          0          0   (incl. Generated)
        84          4         12         10         31          0   (incl. Padding)

    ----------------------------------------------------------------------

      Code (inc. data)   RO Data    RW Data    ZI Data      Debug   Library Member Name

        60          8          0          0          0         84   __0sscanf.o
        90          0          0          0          0          0   __dczerorl2.o
         8          0          0          0          0         68   __main.o
       392          4         17          0          0         92   __printf_flags_ss_wp.o
        14          0          0          0          0         68   __printf_wp.o
         0          0          0          0          0          0   __rtentry.o
        12          0          0          0          0          0   __rtentry2.o
         8          4          0          0          0          0   __rtentry5.o
        52          8          0          0          0          0   __scatter.o
        28          0          0          0          0          0   __scatter_zi.o
        28          0          0          0          0         68   _chval.o
         6          0          0          0          0          0   _printf_a.o
         6          0          0          0          0          0   _printf_c.o
        44          0          0          0          0        108   _printf_char.o
        48          6          0          0          0         96   _printf_char_common.o
        40          0          0          0          0         68   _printf_charcount.o
         6          0          0          0          0          0   _printf_d.o
       120         16          0          0          0         92   _printf_dec.o
         6          0          0          0          0          0   _printf_e.o
         6          0          0          0          0          0   _printf_f.o
      1054          0          0          0          0        216   _printf_fp_dec.o
       764          8         38          0          0        100   _printf_fp_hex.o
       128         16          0          0          0         84   _printf_fp_infnan.o
         6          0          0          0          0          0   _printf_g.o
       148          4         40          0          0        160   _printf_hex_int_ll_ptr.o
         6          0          0          0          0          0   _printf_i.o
       178          0          0          0          0         88   _printf_intcommon.o
        10          0          0          0          0          0   _printf_l.o
         6          0          0          0          0          0   _printf_lc.o
        10          0          0          0          0          0   _printf_ll.o
         6          0          0          0          0          0   _printf_lld.o
         6          0          0          0          0          0   _printf_lli.o
         6          0          0          0          0          0   _printf_llo.o
         6          0          0          0          0          0   _printf_llu.o
         6          0          0          0          0          0   _printf_llx.o
       124         16          0          0          0         92   _printf_longlong_dec.o
         6          0          0          0          0          0   _printf_ls.o
         6          0          0          0          0          0   _printf_n.o
         6          0          0          0          0          0   _printf_o.o
       112         10          0          0          0        124   _printf_oct_int_ll.o
         6          0          0          0          0          0   _printf_p.o
        78          0          0          0          0        108   _printf_pad.o
         0          0          0          0          0          0   _printf_percent.o
         4          0          0          0          0          0   _printf_percent_end.o
         6          0          0          0          0          0   _printf_s.o
        82          0          0          0          0         80   _printf_str.o
        36          0          0          0          0         84   _printf_truncate.o
         6          0          0          0          0          0   _printf_u.o
        44          0          0          0          0        108   _printf_wchar.o
       188          6          8          0          0         92   _printf_wctomb.o
         6          0          0          0          0          0   _printf_x.o
        22          0          0          0          0        100   _rserrno.o
       884          6          0          0          0        100   _scanf.o
        64          0          0          0          0         84   _sgetc.o
        16          0          0          0          0         68   _snputc.o
        10          0          0          0          0         68   _sputc.o
        64          0          0          0          0         92   _wcrtomb.o
        16          0          0          0          0         68   aeabi_memset.o
       228          4        148          0          0         96   bigflt0.o
      2152        136          0          0          0        960   btod.o
        10          0          0          0          0         68   defsig_exit.o
        50          0          0          0          0         88   defsig_general.o
        80         58          0          0          0         76   defsig_rtmem_inner.o
        14          0          0          0          0         80   defsig_rtmem_outer.o
        18          0          0          0          0         80   exit.o
        94          0          0          0          0         80   h1_alloc.o
        52          0          0          0          0         68   h1_extend.o
        78          0          0          0          0         80   h1_free.o
        14          0          0          0          0         84   h1_init.o
         6          0          0          0          0        152   heapauxi.o
         4          0          0          0          0        136   hguard.o
         0          0          0          0          0          0   indicate_semi.o
       138          0          0          0          0        168   init_alloc.o
        18          0          0          0          0         76   isspace.o
        44         10        272          0          0         76   lc_ctype_c.o
        44         10         28          0          0         76   lc_numeric_c.o
         2          0          0          0          0          0   libinit.o
        42          0          0          0          0          0   libinit2.o
         2          0          0          0          0          0   libshutdown.o
         2          0          0          0          0          0   libshutdown2.o
         0          0          0          0         96          0   libspace.o
        38          0          0          0          0         68   llshl.o
       138          0          0          0          0         80   lludiv10.o
         0          0          0          0          0          0   maybetermalloc1.o
        88          0          0          0          0         76   memcmp.o
        16          4          0          0          0         76   rt_ctype_table.o
         8          4          0          0          0         68   rt_errno_addr_intlibspace.o
         8          4          0          0          0         68   rt_heap_descriptor_intlibspace.o
         8          4          0          0          0         68   rt_locale_intlibspace.o
        68          0          0          0          0         68   rt_memclr.o
        78          0          0          0          0         80   rt_memclr_w.o
       138          0          0          0          0         68   rt_memcpy_v6.o
       100          0          0          0          0         80   rt_memcpy_w.o
         2          0          0          0          0          0   rtexit.o
        10          0          0          0          0          0   rtexit2.o
        44          8          0          0          0         84   scanf_char.o
      1272         16          0          0          0        168   scanf_fp.o
       800         14          0          0          0        100   scanf_hexfp.o
       308         16          0          0          0        100   scanf_infnan.o
       128          0          0          0          0         68   strcmpv7m.o
        32          0          0          0          0         80   strcspn.o
        28          0          0          0          0         80   strspn.o
        12          6          0          4          0         68   strtok.o
        68          4          0          0          0         84   strtok_int.o
        12          4          0          0          0         68   sys_exit.o
        14          0          0          0          0         76   sys_wrch.o
         2          0          0          0          0         68   use_no_semi.o
        52          4          0          0          0         80   vsnprintf.o
        98          4          0          0          0        140   d2f.o
       826         16          0          0          0        492   daddsub_clz.o
        16          4          0          0          0        116   dcheck1.o
        24          0          0          0          0        116   dcmpi.o
       688        140          0          0          0        256   ddiv.o
       120          4          0          0          0        140   deqf.o
        94          4          0          0          0        140   dfix.o
        90          4          0          0          0        140   dfixu.o
        84          0          0          0          0        232   dflt_clz.o
       120          4          0          0          0        140   dleqf.o
       340         12          0          0          0        152   dmul.o
       156          4          0          0          0        140   dnaninf.o
        12          0          0          0          0        116   dretinf.o
       108          0          0          0          0        128   drleqf.o
       408         56          0          0          0        168   dsqrt_umaal.o
        86          4          0          0          0        132   f2d.o
       140          4          0          0          0        132   fnaninf.o
         0          0         16          0          0          0   fpconst.o
        10          0          0          0          0        116   fpinit.o
       244          8          0          0          0        132   frem_clz.o
        10          0          0          0          0        116   fretinf.o
        96          4          0          0          0        124   frnd.o
         6          0          0          0          0        116   istatus.o
         4          0          0          0          0        116   printf1.o
         4          0          0          0          0        116   printf2.o
       100          0          0          0          0        116   retnan.o
        92          0          0          0          0        116   scalbn.o
         4          0          0          0          0        116   scanf1.o
         8          0          0          0          0        132   scanf2.o
        48          0          0          0          0        116   trapv.o
         0          0          0          0          0          0   usenofp.o
       300         42          0          0          0        176   asinf.o
       592         90          0          0          0        184   atan2f.o
       336         56          0          0          0        136   cosf.o
        64         16          0          0          0        248   dunder.o
       176          0          0          0          0        168   fmodf.o
        48          0          0          0          0        124   fpclassify.o
        38          0          0          0          0        116   fpclassifyf.o
       140         22          0          0          0        132   frexp.o
        80         24          0          0          0        696   funder.o
       228          8          0          0          0        308   ldexp.o
       364         44         64          0          0        140   logf.o
       266         16          0          0          0        308   narrow.o
      1636        110        320          0          0        372   powf.o
       154          0          0          0          0        140   roundf.o
       340         24         32          0          0        160   rredf.o
       122          0          0          0          0        148   sqrt.o
       120          0          0          0          0        272   sqrtf.o

    ----------------------------------------------------------------------
     20736       1144        988          4        104      15168   Library Totals
        32          2          5          0          8          0   (incl. Padding)

    ----------------------------------------------------------------------

      Code (inc. data)   RO Data    RW Data    ZI Data      Debug   Library Name

     11664        418        551          4         96       7028   c_w.l
      4036        272         16          0          0       4312   fz_wm.l
      5004        452        416          0          0       3828   m_wm.l

    ----------------------------------------------------------------------
     20736       1144        988          4        104      15168   Library Totals

    ----------------------------------------------------------------------

==============================================================================


      Code (inc. data)   RO Data    RW Data    ZI Data      Debug   

    116360      11934       3512        956     101060    1143302   Grand Totals
    116360      11934       3512        124     101060    1143302   ELF Image Totals (compressed)
    116360      11934       3512        124          0          0   ROM Totals

==============================================================================

    Total RO  Size (Code + RO Data)               119872 ( 117.06kB)
    Total RW  Size (RW Data + ZI Data)            102016 (  99.63kB)
    Total ROM Size (Code + RO Data + RW Data)     119996 ( 117.18kB)

==============================================================================

